    Finished `release` profile [optimized] target(s) in 0.10s
     Running `target/release/tenferro-einsum-benchmark`
Warning: skip /Users/hiroshi/projects/tensor4all/tenferro-benchmark-m5-refresh/data/instances/gpu_permutation_mac_patterns.json (parse failed: missing field `name` at line 75 column 1)
Warning: skip /Users/hiroshi/projects/tensor4all/tenferro-benchmark-m5-refresh/data/instances/gpu_permutation_patterns.json (parse failed: missing field `name` at line 112 column 1)
Warning: skip /Users/hiroshi/projects/tensor4all/tenferro-benchmark-m5-refresh/data/instances/permutation_patterns.json (parse failed: missing field `name` at line 127 column 1)
Warning: skip /Users/hiroshi/projects/tensor4all/tenferro-benchmark-m5-refresh/data/instances/small_work.json (parse failed: invalid type: map, expected a string at line 2 column 2)
tenferro-trace benchmark suite
==================================
Loaded 19 instances from /Users/hiroshi/projects/tensor4all/tenferro-benchmark-m5-refresh/data/instances
Backend: tenferro-trace
TENFERRO_CPU_BACKEND_KIND=blas
TENFERRO_OPT_DOT_DECOMPOSER=0
RAYON_NUM_THREADS=1, OMP_NUM_THREADS=1
Timing: median ± IQR of 15 runs (3 warmup), graph compiled once, executed through Runtime::run_compiled

Strategy: opt_flops
Instance                                            Tensors log10FLOPS     log2SIZE  Median (ms)   IQR (ms) Compile (ms)
------------------------------------------------------------------------------------------------------------------------
  [1/19] bin_batched_matmul_b32_m128_n128_k128...
bin_batched_matmul_b32_m128_n128_k128                     2       7.83        19.00        1.124      0.304        0.712
  [2/19] bin_batched_matmul_b32_m64_n64_k64...
bin_batched_matmul_b32_m64_n64_k64                        2       6.92        17.00        0.219      0.039        0.028
  [3/19] bin_batched_outer_product_compact_j16_k16_o64_t64...
bin_batched_outer_product_compact_j16_k16_o64_t64         2       6.02        20.00        0.116      0.009        0.022
  [4/19] bin_batched_outer_product_noncompact_j16_k16_o64_t64...
bin_batched_outer_product_noncompact_j16_k16_o64_t64        2       6.02        20.00        0.451      0.032        0.023
  [5/19] bin_elementwise_mul_2048x2048...
bin_elementwise_mul_2048x2048                             2       6.62        22.00        1.029      0.086        0.022
  [6/19] bin_matmul_1024...
bin_matmul_1024                                           2       9.03        20.00        6.529      0.330        0.030
  [7/19] bin_matmul_256...
bin_matmul_256                                            2       7.22        16.00        0.147      0.007        0.025
  [8/19] bin_outer_product_4096...
bin_outer_product_4096                                    2       7.22        24.00        1.034      0.072        0.017
  [9/19] gm_queen5_5_3.wcsp...
PathAnalysis: instance=gm_queen5_5_3.wcsp strategy=opt_flops steps=159 dot=13 outer=29 broadcast_mul=117 max_rank=17 max_intermediate_elements=129140163 total_intermediate_elements=592127821
PathWarning: instance=gm_queen5_5_3.wcsp strategy=opt_flops large_intermediate=true; compare path strategies before adding kernel-level optimizations
gm_queen5_5_3.wcsp                                      160       9.75        26.94      923.940      4.012        1.574
  [10/19] lm_batch_likelihood_brackets_4_4d...
lm_batch_likelihood_brackets_4_4d                        84       8.37        18.96        8.625      0.264        0.848
  [11/19] lm_batch_likelihood_sentence_3_12d...
lm_batch_likelihood_sentence_3_12d                       38       9.20        20.86       11.063      0.403        0.280
  [12/19] lm_batch_likelihood_sentence_4_4d...
lm_batch_likelihood_sentence_4_4d                        84       8.46        18.89        8.932      0.395        0.786
  [13/19] nary_matmul_chain_64...
nary_matmul_chain_64                                      3       5.24        12.00        0.024      0.001        0.030
  [14/19] str_matrix_chain_multiplication_100...
str_matrix_chain_multiplication_100                     100       8.48        17.26        2.398      0.166        0.758
  [15/19] str_mps_varying_inner_product_200...
str_mps_varying_inner_product_200                       200       8.31        15.48        6.020      0.155        2.909
  [16/19] str_nw_mera_closed_120...
str_nw_mera_closed_120                                  120      10.66        25.02      180.704      2.783        1.518
  [17/19] str_nw_mera_open_26...
str_nw_mera_open_26                                      26      10.49        25.36      188.736      0.665        0.237
  [18/19] tensornetwork_permutation_focus_step409_316...
tensornetwork_permutation_focus_step409_316             316       9.65        24.00      125.562      0.844        4.040
  [19/19] tensornetwork_permutation_light_415...
tensornetwork_permutation_light_415                     415       9.65        24.00      126.827      0.677        5.964

Strategy: opt_size
Instance                                            Tensors log10FLOPS     log2SIZE  Median (ms)   IQR (ms) Compile (ms)
------------------------------------------------------------------------------------------------------------------------
  [1/19] bin_batched_matmul_b32_m128_n128_k128...
  -> bin_batched_matmul_b32_m128_n128_k128 strategy=opt_size: reusing previous measurement for identical path
bin_batched_matmul_b32_m128_n128_k128                     2       7.83        19.00        1.124      0.304        0.712
  [2/19] bin_batched_matmul_b32_m64_n64_k64...
  -> bin_batched_matmul_b32_m64_n64_k64 strategy=opt_size: reusing previous measurement for identical path
bin_batched_matmul_b32_m64_n64_k64                        2       6.92        17.00        0.219      0.039        0.028
  [3/19] bin_batched_outer_product_compact_j16_k16_o64_t64...
  -> bin_batched_outer_product_compact_j16_k16_o64_t64 strategy=opt_size: reusing previous measurement for identical path
bin_batched_outer_product_compact_j16_k16_o64_t64         2       6.02        20.00        0.116      0.009        0.022
  [4/19] bin_batched_outer_product_noncompact_j16_k16_o64_t64...
  -> bin_batched_outer_product_noncompact_j16_k16_o64_t64 strategy=opt_size: reusing previous measurement for identical path
bin_batched_outer_product_noncompact_j16_k16_o64_t64        2       6.02        20.00        0.451      0.032        0.023
  [5/19] bin_elementwise_mul_2048x2048...
  -> bin_elementwise_mul_2048x2048 strategy=opt_size: reusing previous measurement for identical path
bin_elementwise_mul_2048x2048                             2       6.62        22.00        1.029      0.086        0.022
  [6/19] bin_matmul_1024...
  -> bin_matmul_1024 strategy=opt_size: reusing previous measurement for identical path
bin_matmul_1024                                           2       9.03        20.00        6.529      0.330        0.030
  [7/19] bin_matmul_256...
  -> bin_matmul_256 strategy=opt_size: reusing previous measurement for identical path
bin_matmul_256                                            2       7.22        16.00        0.147      0.007        0.025
  [8/19] bin_outer_product_4096...
  -> bin_outer_product_4096 strategy=opt_size: reusing previous measurement for identical path
bin_outer_product_4096                                    2       7.22        24.00        1.034      0.072        0.017
  [9/19] gm_queen5_5_3.wcsp...
gm_queen5_5_3.wcsp                                      160      10.33        25.36      238.519      0.721        1.592
  [10/19] lm_batch_likelihood_brackets_4_4d...
lm_batch_likelihood_brackets_4_4d                        84       8.37        18.96        9.610      0.163        0.809
  [11/19] lm_batch_likelihood_sentence_3_12d...
lm_batch_likelihood_sentence_3_12d                       38       9.20        20.86       12.753      0.283        0.284
  [12/19] lm_batch_likelihood_sentence_4_4d...
lm_batch_likelihood_sentence_4_4d                        84       8.46        18.89        9.844      0.085        0.793
  [13/19] nary_matmul_chain_64...
  -> nary_matmul_chain_64 strategy=opt_size: reusing previous measurement for identical path
nary_matmul_chain_64                                      3       5.24        12.00        0.024      0.001        0.030
  [14/19] str_matrix_chain_multiplication_100...
str_matrix_chain_multiplication_100                     100       8.48        17.26        2.412      0.093        0.749
  [15/19] str_mps_varying_inner_product_200...
str_mps_varying_inner_product_200                       200       8.31        15.48        7.130      0.242        2.788
  [16/19] str_nw_mera_closed_120...
str_nw_mera_closed_120                                  120      10.67        24.91      154.369      0.580        1.397
  [17/19] str_nw_mera_open_26...
str_nw_mera_open_26                                      26      10.49        25.36      191.976      2.564        0.256
  [18/19] tensornetwork_permutation_focus_step409_316...
  -> tensornetwork_permutation_focus_step409_316 strategy=opt_size: reusing previous measurement for identical path
tensornetwork_permutation_focus_step409_316             316       9.65        24.00      125.562      0.844        4.040
  [19/19] tensornetwork_permutation_light_415...
  -> tensornetwork_permutation_light_415 strategy=opt_size: reusing previous measurement for identical path
tensornetwork_permutation_light_415                     415       9.65        24.00      126.827      0.677        5.964
