    Finished `release` profile [optimized] target(s) in 0.09s
     Running `target/release/tenferro-einsum-benchmark`
Warning: skip /Users/hiroshi/projects/tensor4all/tenferro-benchmark-m5-refresh/data/instances/gpu_permutation_mac_patterns.json (parse failed: missing field `name` at line 75 column 1)
Warning: skip /Users/hiroshi/projects/tensor4all/tenferro-benchmark-m5-refresh/data/instances/gpu_permutation_patterns.json (parse failed: missing field `name` at line 112 column 1)
Warning: skip /Users/hiroshi/projects/tensor4all/tenferro-benchmark-m5-refresh/data/instances/permutation_patterns.json (parse failed: missing field `name` at line 127 column 1)
Warning: skip /Users/hiroshi/projects/tensor4all/tenferro-benchmark-m5-refresh/data/instances/small_work.json (parse failed: invalid type: map, expected a string at line 2 column 2)
tenferro-eager benchmark suite
==================================
Loaded 19 instances from /Users/hiroshi/projects/tensor4all/tenferro-benchmark-m5-refresh/data/instances
Backend: tenferro-eager
TENFERRO_CPU_BACKEND_KIND=blas
TENFERRO_OPT_DOT_DECOMPOSER=0
RAYON_NUM_THREADS=1, OMP_NUM_THREADS=1
Timing: median ± IQR of 15 runs (3 warmup), precomputed path, eager binary contractions

Strategy: opt_flops
Instance                                            Tensors log10FLOPS     log2SIZE  Median (ms)   IQR (ms) Compile (ms)
------------------------------------------------------------------------------------------------------------------------
  [1/19] bin_batched_matmul_b32_m128_n128_k128...
bin_batched_matmul_b32_m128_n128_k128                     2       7.83        19.00        0.817      0.178        0.000
  [2/19] bin_batched_matmul_b32_m64_n64_k64...
bin_batched_matmul_b32_m64_n64_k64                        2       6.92        17.00        0.135      0.008        0.000
  [3/19] bin_batched_outer_product_compact_j16_k16_o64_t64...
bin_batched_outer_product_compact_j16_k16_o64_t64         2       6.02        20.00        0.111      0.018        0.000
  [4/19] bin_batched_outer_product_noncompact_j16_k16_o64_t64...
bin_batched_outer_product_noncompact_j16_k16_o64_t64        2       6.02        20.00        0.108      0.018        0.000
  [5/19] bin_elementwise_mul_2048x2048...
bin_elementwise_mul_2048x2048                             2       6.62        22.00        2.218      0.203        0.000
  [6/19] bin_matmul_1024...
bin_matmul_1024                                           2       9.03        20.00        6.256      1.236        0.000
  [7/19] bin_matmul_256...
bin_matmul_256                                            2       7.22        16.00        0.108      0.008        0.000
  [8/19] bin_outer_product_4096...
bin_outer_product_4096                                    2       7.22        24.00        1.041      0.043        0.000
  [9/19] gm_queen5_5_3.wcsp...
PathAnalysis: instance=gm_queen5_5_3.wcsp strategy=opt_flops steps=159 dot=13 outer=29 broadcast_mul=117 max_rank=17 max_intermediate_elements=129140163 total_intermediate_elements=592127821
PathWarning: instance=gm_queen5_5_3.wcsp strategy=opt_flops large_intermediate=true; compare path strategies before adding kernel-level optimizations
gm_queen5_5_3.wcsp                                      160       9.75        26.94     1116.085      2.857        0.000
  [10/19] lm_batch_likelihood_brackets_4_4d...
lm_batch_likelihood_brackets_4_4d                        84       8.37        18.96       14.584      0.224        0.000
  [11/19] lm_batch_likelihood_sentence_3_12d...
lm_batch_likelihood_sentence_3_12d                       38       9.20        20.86       27.536      0.524        0.000
  [12/19] lm_batch_likelihood_sentence_4_4d...
lm_batch_likelihood_sentence_4_4d                        84       8.46        18.89       16.656      0.313        0.000
  [13/19] nary_matmul_chain_64...
nary_matmul_chain_64                                      3       5.24        12.00        0.017      0.000        0.000
  [14/19] str_matrix_chain_multiplication_100...
str_matrix_chain_multiplication_100                     100       8.48        17.26        2.855      0.145        0.000
  [15/19] str_mps_varying_inner_product_200...
str_mps_varying_inner_product_200                       200       8.31        15.48        7.175      0.055        0.000
  [16/19] str_nw_mera_closed_120...
str_nw_mera_closed_120                                  120      10.66        25.02      193.817      0.729        0.000
  [17/19] str_nw_mera_open_26...
str_nw_mera_open_26                                      26      10.49        25.36      207.305      1.253        0.000
  [18/19] tensornetwork_permutation_focus_step409_316...
tensornetwork_permutation_focus_step409_316             316       9.65        24.00      210.410     11.951        0.000
  [19/19] tensornetwork_permutation_light_415...
tensornetwork_permutation_light_415                     415       9.65        24.00      158.621      2.625        0.000

Strategy: opt_size
Instance                                            Tensors log10FLOPS     log2SIZE  Median (ms)   IQR (ms) Compile (ms)
------------------------------------------------------------------------------------------------------------------------
  [1/19] bin_batched_matmul_b32_m128_n128_k128...
  -> bin_batched_matmul_b32_m128_n128_k128 strategy=opt_size: reusing previous measurement for identical path
bin_batched_matmul_b32_m128_n128_k128                     2       7.83        19.00        0.817      0.178        0.000
  [2/19] bin_batched_matmul_b32_m64_n64_k64...
  -> bin_batched_matmul_b32_m64_n64_k64 strategy=opt_size: reusing previous measurement for identical path
bin_batched_matmul_b32_m64_n64_k64                        2       6.92        17.00        0.135      0.008        0.000
  [3/19] bin_batched_outer_product_compact_j16_k16_o64_t64...
  -> bin_batched_outer_product_compact_j16_k16_o64_t64 strategy=opt_size: reusing previous measurement for identical path
bin_batched_outer_product_compact_j16_k16_o64_t64         2       6.02        20.00        0.111      0.018        0.000
  [4/19] bin_batched_outer_product_noncompact_j16_k16_o64_t64...
  -> bin_batched_outer_product_noncompact_j16_k16_o64_t64 strategy=opt_size: reusing previous measurement for identical path
bin_batched_outer_product_noncompact_j16_k16_o64_t64        2       6.02        20.00        0.108      0.018        0.000
  [5/19] bin_elementwise_mul_2048x2048...
  -> bin_elementwise_mul_2048x2048 strategy=opt_size: reusing previous measurement for identical path
bin_elementwise_mul_2048x2048                             2       6.62        22.00        2.218      0.203        0.000
  [6/19] bin_matmul_1024...
  -> bin_matmul_1024 strategy=opt_size: reusing previous measurement for identical path
bin_matmul_1024                                           2       9.03        20.00        6.256      1.236        0.000
  [7/19] bin_matmul_256...
  -> bin_matmul_256 strategy=opt_size: reusing previous measurement for identical path
bin_matmul_256                                            2       7.22        16.00        0.108      0.008        0.000
  [8/19] bin_outer_product_4096...
  -> bin_outer_product_4096 strategy=opt_size: reusing previous measurement for identical path
bin_outer_product_4096                                    2       7.22        24.00        1.041      0.043        0.000
  [9/19] gm_queen5_5_3.wcsp...
gm_queen5_5_3.wcsp                                      160      10.33        25.36      411.123      2.086        0.000
  [10/19] lm_batch_likelihood_brackets_4_4d...
lm_batch_likelihood_brackets_4_4d                        84       8.37        18.96       15.536      0.298        0.000
  [11/19] lm_batch_likelihood_sentence_3_12d...
lm_batch_likelihood_sentence_3_12d                       38       9.20        20.86       29.090      0.251        0.000
  [12/19] lm_batch_likelihood_sentence_4_4d...
lm_batch_likelihood_sentence_4_4d                        84       8.46        18.89       17.361      0.145        0.000
  [13/19] nary_matmul_chain_64...
  -> nary_matmul_chain_64 strategy=opt_size: reusing previous measurement for identical path
nary_matmul_chain_64                                      3       5.24        12.00        0.017      0.000        0.000
  [14/19] str_matrix_chain_multiplication_100...
str_matrix_chain_multiplication_100                     100       8.48        17.26        2.875      0.102        0.000
  [15/19] str_mps_varying_inner_product_200...
str_mps_varying_inner_product_200                       200       8.31        15.48        7.734      0.135        0.000
  [16/19] str_nw_mera_closed_120...
str_nw_mera_closed_120                                  120      10.67        24.91      163.501      0.412        0.000
  [17/19] str_nw_mera_open_26...
str_nw_mera_open_26                                      26      10.49        25.36      205.499      3.792        0.000
  [18/19] tensornetwork_permutation_focus_step409_316...
  -> tensornetwork_permutation_focus_step409_316 strategy=opt_size: reusing previous measurement for identical path
tensornetwork_permutation_focus_step409_316             316       9.65        24.00      210.410     11.951        0.000
  [19/19] tensornetwork_permutation_light_415...
  -> tensornetwork_permutation_light_415 strategy=opt_size: reusing previous measurement for identical path
tensornetwork_permutation_light_415                     415       9.65        24.00      158.621      2.625        0.000
