    Finished `release` profile [optimized] target(s) in 0.14s
     Running `target/compatibility-mkl/release/tenferro-einsum-benchmark`
Warning: skip /workspaces/tenferro-benchmark/data/instances/gpu_perf_issues.json (parse failed: invalid type: map, expected a string at line 2 column 1)
Warning: skip /workspaces/tenferro-benchmark/data/instances/gpu_permutation_mac_patterns.json (parse failed: missing field `name` at line 75 column 1)
Warning: skip /workspaces/tenferro-benchmark/data/instances/gpu_permutation_patterns.json (parse failed: missing field `name` at line 112 column 1)
Warning: skip /workspaces/tenferro-benchmark/data/instances/perf_issues.json (parse failed: invalid type: map, expected a string at line 2 column 1)
Warning: skip /workspaces/tenferro-benchmark/data/instances/permutation_patterns.json (parse failed: missing field `name` at line 127 column 1)
Warning: skip /workspaces/tenferro-benchmark/data/instances/session_matrix.json (parse failed: invalid type: map, expected a string at line 2 column 2)
Warning: skip /workspaces/tenferro-benchmark/data/instances/small_work.json (parse failed: invalid type: map, expected a string at line 2 column 2)
tenferro-trace benchmark suite
==================================
Loaded 24 instances from /workspaces/tenferro-benchmark/data/instances
Backend: tenferro-trace
TENFERRO_CPU_BACKEND_KIND=blas
TENFERRO_CPU_PROVIDER=default
TENFERRO_OPT_DOT_DECOMPOSER=0
RAYON_NUM_THREADS=4, OMP_NUM_THREADS=4
Timing: median ± IQR of 15 runs (3 warmup), graph compiled once, executed through Runtime::run_compiled

Strategy: opt_flops
Instance                                            Tensors log10FLOPS     log2SIZE  Median (ms)   IQR (ms) Compile (ms)
------------------------------------------------------------------------------------------------------------------------
  [1/24] bin_batched_matmul_b32_m128_n128_k128...
bin_batched_matmul_b32_m128_n128_k128                     2       7.83        19.00        5.336      0.817        0.106
  [2/24] bin_batched_matmul_b32_m64_n64_k64...
bin_batched_matmul_b32_m64_n64_k64                        2       6.92        17.00        0.973      0.117        0.083
  [3/24] bin_batched_outer_product_compact_j16_k16_o64_t64...
bin_batched_outer_product_compact_j16_k16_o64_t64         2       6.02        20.00        0.172      0.177        0.104
  [4/24] bin_batched_outer_product_noncompact_j16_k16_o64_t64...
bin_batched_outer_product_noncompact_j16_k16_o64_t64        2       6.02        20.00        0.193      0.010        0.096
  [5/24] bin_elementwise_mul_2048x2048...
bin_elementwise_mul_2048x2048                             2       6.62        22.00        3.237      0.203        0.069
  [6/24] bin_elementwise_mul_512x512...
bin_elementwise_mul_512x512                               2       5.42        18.00        0.092      0.031        0.073
  [7/24] bin_matmul_1024...
bin_matmul_1024                                           2       9.03        20.00       28.080      0.669        0.076
  [8/24] bin_matmul_256...
bin_matmul_256                                            2       7.22        16.00        0.646      0.005        0.076
  [9/24] bin_omeinsum_batched_matmul_8x8_batch_4...
bin_omeinsum_batched_matmul_8x8_batch_4                   2       2.71         4.00        0.043      0.016        0.080
  [10/24] bin_omeinsum_high_d_12x12_contract_4_batch_4...
bin_omeinsum_high_d_12x12_contract_4_batch_4              2       5.12        12.00        0.139      0.101        0.092
  [11/24] bin_omeinsum_matmul_10x10...
bin_omeinsum_matmul_10x10                                 2       4.82        10.00        0.056      0.006        0.097
  [12/24] bin_outer_product_4096...
bin_outer_product_4096                                    2       7.22        24.00       11.289      5.566        0.048
  [13/24] bin_permuted_r4_abcd_dbef_acef_d32...
bin_permuted_r4_abcd_dbef_acef_d32                        2       9.33        20.00       19.830      0.517        0.088
  [14/24] gm_queen5_5_3.wcsp...
PathAnalysis: instance=gm_queen5_5_3.wcsp strategy=opt_flops steps=159 dot=13 outer=29 broadcast_mul=117 max_rank=17 max_intermediate_elements=129140163 total_intermediate_elements=592127821
PathWarning: instance=gm_queen5_5_3.wcsp strategy=opt_flops large_intermediate=true; compare path strategies before adding kernel-level optimizations
gm_queen5_5_3.wcsp                                      160       9.75        26.94     1883.194     18.585        3.841
  [15/24] lm_batch_likelihood_brackets_4_4d...
lm_batch_likelihood_brackets_4_4d                        84       8.37        18.96       14.103      1.650        1.832
  [16/24] lm_batch_likelihood_sentence_3_12d...
lm_batch_likelihood_sentence_3_12d                       38       9.20        20.86       32.334      6.084        0.697
  [17/24] lm_batch_likelihood_sentence_4_4d...
lm_batch_likelihood_sentence_4_4d                        84       8.46        18.89       15.228      2.173        1.791
  [18/24] nary_matmul_chain_64...
nary_matmul_chain_64                                      3       5.24        12.00        0.066      0.024        0.086
  [19/24] str_matrix_chain_multiplication_100...
str_matrix_chain_multiplication_100                     100       8.48        17.26        5.220      0.317        1.972
  [20/24] str_mps_varying_inner_product_200...
str_mps_varying_inner_product_200                       200       8.31        15.48       15.989      4.644        6.426
  [21/24] str_nw_mera_closed_120...
str_nw_mera_closed_120                                  120      10.66        25.02      571.352     10.271        3.178
  [22/24] str_nw_mera_open_26...
str_nw_mera_open_26                                      26      10.49        25.36      598.579      4.306        3.445
  [23/24] tensornetwork_permutation_focus_step409_316...
tensornetwork_permutation_focus_step409_316             316       9.65        24.00      142.288      5.471        9.039
  [24/24] tensornetwork_permutation_light_415...
tensornetwork_permutation_light_415                     415       9.65        24.00      139.924      6.792       13.536

Strategy: opt_size
Instance                                            Tensors log10FLOPS     log2SIZE  Median (ms)   IQR (ms) Compile (ms)
------------------------------------------------------------------------------------------------------------------------
  [1/24] bin_batched_matmul_b32_m128_n128_k128...
  -> bin_batched_matmul_b32_m128_n128_k128 strategy=opt_size: reusing previous measurement for identical path
bin_batched_matmul_b32_m128_n128_k128                     2       7.83        19.00        5.336      0.817        0.106
  [2/24] bin_batched_matmul_b32_m64_n64_k64...
  -> bin_batched_matmul_b32_m64_n64_k64 strategy=opt_size: reusing previous measurement for identical path
bin_batched_matmul_b32_m64_n64_k64                        2       6.92        17.00        0.973      0.117        0.083
  [3/24] bin_batched_outer_product_compact_j16_k16_o64_t64...
  -> bin_batched_outer_product_compact_j16_k16_o64_t64 strategy=opt_size: reusing previous measurement for identical path
bin_batched_outer_product_compact_j16_k16_o64_t64         2       6.02        20.00        0.172      0.177        0.104
  [4/24] bin_batched_outer_product_noncompact_j16_k16_o64_t64...
  -> bin_batched_outer_product_noncompact_j16_k16_o64_t64 strategy=opt_size: reusing previous measurement for identical path
bin_batched_outer_product_noncompact_j16_k16_o64_t64        2       6.02        20.00        0.193      0.010        0.096
  [5/24] bin_elementwise_mul_2048x2048...
  -> bin_elementwise_mul_2048x2048 strategy=opt_size: reusing previous measurement for identical path
bin_elementwise_mul_2048x2048                             2       6.62        22.00        3.237      0.203        0.069
  [6/24] bin_elementwise_mul_512x512...
  -> bin_elementwise_mul_512x512 strategy=opt_size: reusing previous measurement for identical path
bin_elementwise_mul_512x512                               2       5.42        18.00        0.092      0.031        0.073
  [7/24] bin_matmul_1024...
  -> bin_matmul_1024 strategy=opt_size: reusing previous measurement for identical path
bin_matmul_1024                                           2       9.03        20.00       28.080      0.669        0.076
  [8/24] bin_matmul_256...
  -> bin_matmul_256 strategy=opt_size: reusing previous measurement for identical path
bin_matmul_256                                            2       7.22        16.00        0.646      0.005        0.076
  [9/24] bin_omeinsum_batched_matmul_8x8_batch_4...
  -> bin_omeinsum_batched_matmul_8x8_batch_4 strategy=opt_size: reusing previous measurement for identical path
bin_omeinsum_batched_matmul_8x8_batch_4                   2       2.71         4.00        0.043      0.016        0.080
  [10/24] bin_omeinsum_high_d_12x12_contract_4_batch_4...
  -> bin_omeinsum_high_d_12x12_contract_4_batch_4 strategy=opt_size: reusing previous measurement for identical path
bin_omeinsum_high_d_12x12_contract_4_batch_4              2       5.12        12.00        0.139      0.101        0.092
  [11/24] bin_omeinsum_matmul_10x10...
  -> bin_omeinsum_matmul_10x10 strategy=opt_size: reusing previous measurement for identical path
bin_omeinsum_matmul_10x10                                 2       4.82        10.00        0.056      0.006        0.097
  [12/24] bin_outer_product_4096...
  -> bin_outer_product_4096 strategy=opt_size: reusing previous measurement for identical path
bin_outer_product_4096                                    2       7.22        24.00       11.289      5.566        0.048
  [13/24] bin_permuted_r4_abcd_dbef_acef_d32...
  -> bin_permuted_r4_abcd_dbef_acef_d32 strategy=opt_size: reusing previous measurement for identical path
bin_permuted_r4_abcd_dbef_acef_d32                        2       9.33        20.00       19.830      0.517        0.088
  [14/24] gm_queen5_5_3.wcsp...
gm_queen5_5_3.wcsp                                      160      10.33        25.36      701.870      8.029        3.541
  [15/24] lm_batch_likelihood_brackets_4_4d...
lm_batch_likelihood_brackets_4_4d                        84       8.37        18.96       15.318      2.300        2.433
  [16/24] lm_batch_likelihood_sentence_3_12d...
lm_batch_likelihood_sentence_3_12d                       38       9.20        20.86       36.430      5.499        0.693
  [17/24] lm_batch_likelihood_sentence_4_4d...
lm_batch_likelihood_sentence_4_4d                        84       8.46        18.89       15.968      2.777        2.488
  [18/24] nary_matmul_chain_64...
  -> nary_matmul_chain_64 strategy=opt_size: reusing previous measurement for identical path
nary_matmul_chain_64                                      3       5.24        12.00        0.066      0.024        0.086
  [19/24] str_matrix_chain_multiplication_100...
str_matrix_chain_multiplication_100                     100       8.48        17.26        5.373      0.455        1.861
  [20/24] str_mps_varying_inner_product_200...
str_mps_varying_inner_product_200                       200       8.31        15.48       16.067      2.413        6.567
  [21/24] str_nw_mera_closed_120...
str_nw_mera_closed_120                                  120      10.67        24.91      461.765      5.849        3.382
  [22/24] str_nw_mera_open_26...
str_nw_mera_open_26                                      26      10.49        25.36      583.995      3.814        0.903
  [23/24] tensornetwork_permutation_focus_step409_316...
  -> tensornetwork_permutation_focus_step409_316 strategy=opt_size: reusing previous measurement for identical path
tensornetwork_permutation_focus_step409_316             316       9.65        24.00      142.288      5.471        9.039
  [24/24] tensornetwork_permutation_light_415...
  -> tensornetwork_permutation_light_415 strategy=opt_size: reusing previous measurement for identical path
tensornetwork_permutation_light_415                     415       9.65        24.00      139.924      6.792       13.536
