[setup_extern_deps] tenferro-rs already exists at extern/tenferro-rs; reusing current checkout
[setup_extern_deps] strided-rs already exists at extern/strided-rs; reusing current checkout
[setup_extern_deps] OPENBLAS_ROOT=/opt/openblas
[setup_extern_deps] MKLROOT=/opt/intel/oneapi/mkl/latest
[setup_extern_deps] TENFERRO_RS_DIR=/workspaces/tenferro-benchmark/extern/tenferro-rs
[setup_extern_deps] STRIDED_RS_DIR=/workspaces/tenferro-benchmark/extern/strided-rs
[setup_extern_deps] TENFERRO_CPU_FEATURES=system-mkl
Instantiating Julia project (OMEinsum.jl)...
┌ Warning: The active manifest file has dependencies that were resolved with a different julia version (1.12.6). Unexpected behavior may occur.
└ @ /workspaces/tenferro-benchmark/Manifest.toml:0
============================================
 CPU einsum benchmark suite
============================================
Project dir:  /workspaces/tenferro-benchmark
Threads:      1
Timestamp:    20261008_044146
Suite:        cpu/einsum
Suite file:   benchmarks/cpu/einsum.yaml
Instances:    24 from benchmarks/cpu/einsum.yaml
Target:       amd-cpu
Run dir:      /workspaces/tenferro-benchmark/data/results/amd-cpu/cpu/einsum/20261008_044146
Features:     system-mkl
CPU backend:  blas
tenferro-rs:  5cf78c7ec0ad9516dd78bab546d5e7bd42fa3102
  OMP_NUM_THREADS=1
  OMP_THREAD_LIMIT=1
  OMP_DYNAMIC=FALSE
  RAYON_NUM_THREADS=1
  OPENBLAS_NUM_THREADS=1
  GOTO_NUM_THREADS=1
  MKL_NUM_THREADS=1
  VECLIB_MAXIMUM_THREADS=1
  VECLIB_NUM_THREADS=1
  NUMEXPR_NUM_THREADS=1
  BLIS_NUM_THREADS=1
  PJRT_NPROC=1
  XLA_FLAGS=--xla_cpu_multi_thread_eigen=false --xla_cpu_experimental_ynn_fusion_type= intra_op_parallelism_threads=1
  JULIA_NUM_THREADS=1

============================================
 Rust benchmark (threads=1)
============================================
  OMP_NUM_THREADS=1
  OMP_THREAD_LIMIT=1
  OMP_DYNAMIC=FALSE
  RAYON_NUM_THREADS=1
  OPENBLAS_NUM_THREADS=1
  GOTO_NUM_THREADS=1
  MKL_NUM_THREADS=1
  VECLIB_MAXIMUM_THREADS=1
  VECLIB_NUM_THREADS=1
  NUMEXPR_NUM_THREADS=1
  BLIS_NUM_THREADS=1
  PJRT_NPROC=1
  XLA_FLAGS=--xla_cpu_multi_thread_eigen=false --xla_cpu_experimental_ynn_fusion_type= intra_op_parallelism_threads=1
  JULIA_NUM_THREADS=1
  OPENBLAS_ROOT=/opt/openblas
  MKLROOT=/opt/intel/oneapi/mkl/latest
  tenferro features=system-mkl
  TENFERRO_CPU_BACKEND_KIND=blas

============================================
 Rust: tenferro trace/eager
============================================
Building tenferro benchmark (system-mkl, release)...
    Finished `release` profile [optimized] target(s) in 0.13s
Running tenferro trace benchmark...
    Finished `release` profile [optimized] target(s) in 0.13s
     Running `target/compatibility-mkl/release/tenferro-einsum-benchmark`
Warning: skip /workspaces/tenferro-benchmark/data/instances/gpu_perf_issues.json (parse failed: invalid type: map, expected a string at line 2 column 1)
Warning: skip /workspaces/tenferro-benchmark/data/instances/gpu_permutation_mac_patterns.json (parse failed: missing field `name` at line 75 column 1)
Warning: skip /workspaces/tenferro-benchmark/data/instances/gpu_permutation_patterns.json (parse failed: missing field `name` at line 112 column 1)
Warning: skip /workspaces/tenferro-benchmark/data/instances/perf_issues.json (parse failed: invalid type: map, expected a string at line 2 column 1)
Warning: skip /workspaces/tenferro-benchmark/data/instances/permutation_patterns.json (parse failed: missing field `name` at line 127 column 1)
Warning: skip /workspaces/tenferro-benchmark/data/instances/session_matrix.json (parse failed: invalid type: map, expected a string at line 2 column 2)
Warning: skip /workspaces/tenferro-benchmark/data/instances/small_work.json (parse failed: invalid type: map, expected a string at line 2 column 2)
tenferro-trace benchmark suite
==================================
Loaded 24 instances from /workspaces/tenferro-benchmark/data/instances
Backend: tenferro-trace
TENFERRO_CPU_BACKEND_KIND=blas
TENFERRO_CPU_PROVIDER=default
TENFERRO_OPT_DOT_DECOMPOSER=0
RAYON_NUM_THREADS=1, OMP_NUM_THREADS=1
Timing: median ± IQR of 15 runs (3 warmup), graph compiled once, executed through Runtime::run_compiled

Strategy: opt_flops
Instance                                            Tensors log10FLOPS     log2SIZE  Median (ms)   IQR (ms) Compile (ms)
------------------------------------------------------------------------------------------------------------------------
  [1/24] bin_batched_matmul_b32_m128_n128_k128...
bin_batched_matmul_b32_m128_n128_k128                     2       7.83        19.00        8.041      1.233        0.107
  [2/24] bin_batched_matmul_b32_m64_n64_k64...
bin_batched_matmul_b32_m64_n64_k64                        2       6.92        17.00        0.928      0.013        0.106
  [3/24] bin_batched_outer_product_compact_j16_k16_o64_t64...
bin_batched_outer_product_compact_j16_k16_o64_t64         2       6.02        20.00        0.228      0.011        0.048
  [4/24] bin_batched_outer_product_noncompact_j16_k16_o64_t64...
bin_batched_outer_product_noncompact_j16_k16_o64_t64        2       6.02        20.00        0.447      0.020        0.048
  [5/24] bin_elementwise_mul_2048x2048...
bin_elementwise_mul_2048x2048                             2       6.62        22.00        8.014      0.720        0.039
  [6/24] bin_elementwise_mul_512x512...
bin_elementwise_mul_512x512                               2       5.42        18.00        0.120      0.028        0.067
  [7/24] bin_matmul_1024...
bin_matmul_1024                                           2       9.03        20.00       73.319      0.251        0.060
  [8/24] bin_matmul_256...
bin_matmul_256                                            2       7.22        16.00        1.407      0.022        0.084
  [9/24] bin_omeinsum_batched_matmul_8x8_batch_4...
bin_omeinsum_batched_matmul_8x8_batch_4                   2       2.71         4.00        0.037      0.008        0.068
  [10/24] bin_omeinsum_high_d_12x12_contract_4_batch_4...
bin_omeinsum_high_d_12x12_contract_4_batch_4              2       5.12        12.00        0.086      0.027        0.066
  [11/24] bin_omeinsum_matmul_10x10...
bin_omeinsum_matmul_10x10                                 2       4.82        10.00        0.040      0.001        0.067
  [12/24] bin_outer_product_4096...
bin_outer_product_4096                                    2       7.22        24.00       32.203      0.792        0.030
  [13/24] bin_permuted_r4_abcd_dbef_acef_d32...
bin_permuted_r4_abcd_dbef_acef_d32                        2       9.33        20.00       64.389      0.071        0.086
  [14/24] gm_queen5_5_3.wcsp...
PathAnalysis: instance=gm_queen5_5_3.wcsp strategy=opt_flops steps=159 dot=13 outer=29 broadcast_mul=117 max_rank=17 max_intermediate_elements=129140163 total_intermediate_elements=592127821
PathWarning: instance=gm_queen5_5_3.wcsp strategy=opt_flops large_intermediate=true; compare path strategies before adding kernel-level optimizations
gm_queen5_5_3.wcsp                                      160       9.75        26.94     3730.311     29.708        3.720
  [15/24] lm_batch_likelihood_brackets_4_4d...
lm_batch_likelihood_brackets_4_4d                        84       8.37        18.96       29.651      0.163        1.776
  [16/24] lm_batch_likelihood_sentence_3_12d...
lm_batch_likelihood_sentence_3_12d                       38       9.20        20.86       72.438      0.290        2.963
  [17/24] lm_batch_likelihood_sentence_4_4d...
lm_batch_likelihood_sentence_4_4d                        84       8.46        18.89       30.104      0.327        1.789
  [18/24] nary_matmul_chain_64...
nary_matmul_chain_64                                      3       5.24        12.00        0.081      0.024        0.088
  [19/24] str_matrix_chain_multiplication_100...
str_matrix_chain_multiplication_100                     100       8.48        17.26       12.198      0.049        1.772
  [20/24] str_mps_varying_inner_product_200...
str_mps_varying_inner_product_200                       200       8.31        15.48       17.989      0.197        5.899
  [21/24] str_nw_mera_closed_120...
str_nw_mera_closed_120                                  120      10.66        25.02     1881.070     15.787        3.173
  [22/24] str_nw_mera_open_26...
str_nw_mera_open_26                                      26      10.49        25.36     1589.292     14.882        4.657
  [23/24] tensornetwork_permutation_focus_step409_316...
tensornetwork_permutation_focus_step409_316             316       9.65        24.00      360.671      1.948        9.331
  [24/24] tensornetwork_permutation_light_415...
tensornetwork_permutation_light_415                     415       9.65        24.00      351.515      2.001       13.240

Strategy: opt_size
Instance                                            Tensors log10FLOPS     log2SIZE  Median (ms)   IQR (ms) Compile (ms)
------------------------------------------------------------------------------------------------------------------------
  [1/24] bin_batched_matmul_b32_m128_n128_k128...
  -> bin_batched_matmul_b32_m128_n128_k128 strategy=opt_size: reusing previous measurement for identical path
bin_batched_matmul_b32_m128_n128_k128                     2       7.83        19.00        8.041      1.233        0.107
  [2/24] bin_batched_matmul_b32_m64_n64_k64...
  -> bin_batched_matmul_b32_m64_n64_k64 strategy=opt_size: reusing previous measurement for identical path
bin_batched_matmul_b32_m64_n64_k64                        2       6.92        17.00        0.928      0.013        0.106
  [3/24] bin_batched_outer_product_compact_j16_k16_o64_t64...
  -> bin_batched_outer_product_compact_j16_k16_o64_t64 strategy=opt_size: reusing previous measurement for identical path
bin_batched_outer_product_compact_j16_k16_o64_t64         2       6.02        20.00        0.228      0.011        0.048
  [4/24] bin_batched_outer_product_noncompact_j16_k16_o64_t64...
  -> bin_batched_outer_product_noncompact_j16_k16_o64_t64 strategy=opt_size: reusing previous measurement for identical path
bin_batched_outer_product_noncompact_j16_k16_o64_t64        2       6.02        20.00        0.447      0.020        0.048
  [5/24] bin_elementwise_mul_2048x2048...
  -> bin_elementwise_mul_2048x2048 strategy=opt_size: reusing previous measurement for identical path
bin_elementwise_mul_2048x2048                             2       6.62        22.00        8.014      0.720        0.039
  [6/24] bin_elementwise_mul_512x512...
  -> bin_elementwise_mul_512x512 strategy=opt_size: reusing previous measurement for identical path
bin_elementwise_mul_512x512                               2       5.42        18.00        0.120      0.028        0.067
  [7/24] bin_matmul_1024...
  -> bin_matmul_1024 strategy=opt_size: reusing previous measurement for identical path
bin_matmul_1024                                           2       9.03        20.00       73.319      0.251        0.060
  [8/24] bin_matmul_256...
  -> bin_matmul_256 strategy=opt_size: reusing previous measurement for identical path
bin_matmul_256                                            2       7.22        16.00        1.407      0.022        0.084
  [9/24] bin_omeinsum_batched_matmul_8x8_batch_4...
  -> bin_omeinsum_batched_matmul_8x8_batch_4 strategy=opt_size: reusing previous measurement for identical path
bin_omeinsum_batched_matmul_8x8_batch_4                   2       2.71         4.00        0.037      0.008        0.068
  [10/24] bin_omeinsum_high_d_12x12_contract_4_batch_4...
  -> bin_omeinsum_high_d_12x12_contract_4_batch_4 strategy=opt_size: reusing previous measurement for identical path
bin_omeinsum_high_d_12x12_contract_4_batch_4              2       5.12        12.00        0.086      0.027        0.066
  [11/24] bin_omeinsum_matmul_10x10...
  -> bin_omeinsum_matmul_10x10 strategy=opt_size: reusing previous measurement for identical path
bin_omeinsum_matmul_10x10                                 2       4.82        10.00        0.040      0.001        0.067
  [12/24] bin_outer_product_4096...
  -> bin_outer_product_4096 strategy=opt_size: reusing previous measurement for identical path
bin_outer_product_4096                                    2       7.22        24.00       32.203      0.792        0.030
  [13/24] bin_permuted_r4_abcd_dbef_acef_d32...
  -> bin_permuted_r4_abcd_dbef_acef_d32 strategy=opt_size: reusing previous measurement for identical path
bin_permuted_r4_abcd_dbef_acef_d32                        2       9.33        20.00       64.389      0.071        0.086
  [14/24] gm_queen5_5_3.wcsp...
gm_queen5_5_3.wcsp                                      160      10.33        25.36     1517.324      6.332        3.502
  [15/24] lm_batch_likelihood_brackets_4_4d...
lm_batch_likelihood_brackets_4_4d                        84       8.37        18.96       26.444      0.094        1.791
  [16/24] lm_batch_likelihood_sentence_3_12d...
lm_batch_likelihood_sentence_3_12d                       38       9.20        20.86       74.271      2.239        0.689
  [17/24] lm_batch_likelihood_sentence_4_4d...
lm_batch_likelihood_sentence_4_4d                        84       8.46        18.89       31.381      0.299        1.826
  [18/24] nary_matmul_chain_64...
  -> nary_matmul_chain_64 strategy=opt_size: reusing previous measurement for identical path
nary_matmul_chain_64                                      3       5.24        12.00        0.081      0.024        0.088
  [19/24] str_matrix_chain_multiplication_100...
str_matrix_chain_multiplication_100                     100       8.48        17.26       13.720      0.499        1.763
  [20/24] str_mps_varying_inner_product_200...
str_mps_varying_inner_product_200                       200       8.31        15.48       16.634      0.203        5.918
  [21/24] str_nw_mera_closed_120...
str_nw_mera_closed_120                                  120      10.67        24.91     1609.278      5.937        3.338
  [22/24] str_nw_mera_open_26...
str_nw_mera_open_26                                      26      10.49        25.36     1603.150      4.701        0.634
  [23/24] tensornetwork_permutation_focus_step409_316...
  -> tensornetwork_permutation_focus_step409_316 strategy=opt_size: reusing previous measurement for identical path
tensornetwork_permutation_focus_step409_316             316       9.65        24.00      360.671      1.948        9.331
  [24/24] tensornetwork_permutation_light_415...
  -> tensornetwork_permutation_light_415 strategy=opt_size: reusing previous measurement for identical path
tensornetwork_permutation_light_415                     415       9.65        24.00      351.515      2.001       13.240

tenferro trace results saved to: /workspaces/tenferro-benchmark/data/results/amd-cpu/cpu/einsum/20261008_044146/tenferro_trace_t1_20261008_044146.log

Running tenferro eager benchmark...
    Finished `release` profile [optimized] target(s) in 0.17s
     Running `target/compatibility-mkl/release/tenferro-einsum-benchmark`
Warning: skip /workspaces/tenferro-benchmark/data/instances/gpu_perf_issues.json (parse failed: invalid type: map, expected a string at line 2 column 1)
Warning: skip /workspaces/tenferro-benchmark/data/instances/gpu_permutation_mac_patterns.json (parse failed: missing field `name` at line 75 column 1)
Warning: skip /workspaces/tenferro-benchmark/data/instances/gpu_permutation_patterns.json (parse failed: missing field `name` at line 112 column 1)
Warning: skip /workspaces/tenferro-benchmark/data/instances/perf_issues.json (parse failed: invalid type: map, expected a string at line 2 column 1)
Warning: skip /workspaces/tenferro-benchmark/data/instances/permutation_patterns.json (parse failed: missing field `name` at line 127 column 1)
Warning: skip /workspaces/tenferro-benchmark/data/instances/session_matrix.json (parse failed: invalid type: map, expected a string at line 2 column 2)
Warning: skip /workspaces/tenferro-benchmark/data/instances/small_work.json (parse failed: invalid type: map, expected a string at line 2 column 2)
tenferro-eager benchmark suite
==================================
Loaded 24 instances from /workspaces/tenferro-benchmark/data/instances
Backend: tenferro-eager
TENFERRO_CPU_BACKEND_KIND=blas
TENFERRO_CPU_PROVIDER=default
TENFERRO_OPT_DOT_DECOMPOSER=0
RAYON_NUM_THREADS=1, OMP_NUM_THREADS=1
Timing: median ± IQR of 15 runs (3 warmup), precomputed path, eager binary contractions in one shared CPU execution scope

Strategy: opt_flops
Instance                                            Tensors log10FLOPS     log2SIZE  Median (ms)   IQR (ms) Compile (ms)
------------------------------------------------------------------------------------------------------------------------
  [1/24] bin_batched_matmul_b32_m128_n128_k128...
bin_batched_matmul_b32_m128_n128_k128                     2       7.83        19.00        4.497      0.023        0.000
  [2/24] bin_batched_matmul_b32_m64_n64_k64...
bin_batched_matmul_b32_m64_n64_k64                        2       6.92        17.00        0.643      0.004        0.000
  [3/24] bin_batched_outer_product_compact_j16_k16_o64_t64...
bin_batched_outer_product_compact_j16_k16_o64_t64         2       6.02        20.00        0.201      0.010        0.000
  [4/24] bin_batched_outer_product_noncompact_j16_k16_o64_t64...
bin_batched_outer_product_noncompact_j16_k16_o64_t64        2       6.02        20.00        0.203      0.002        0.000
  [5/24] bin_elementwise_mul_2048x2048...
bin_elementwise_mul_2048x2048                             2       6.62        22.00        7.203      0.057        0.000
  [6/24] bin_elementwise_mul_512x512...
bin_elementwise_mul_512x512                               2       5.42        18.00        0.109      0.001        0.000
  [7/24] bin_matmul_1024...
bin_matmul_1024                                           2       9.03        20.00       60.173      0.124        0.000
  [8/24] bin_matmul_256...
bin_matmul_256                                            2       7.22        16.00        1.023      0.004        0.000
  [9/24] bin_omeinsum_batched_matmul_8x8_batch_4...
bin_omeinsum_batched_matmul_8x8_batch_4                   2       2.71         4.00        0.025      0.001        0.000
  [10/24] bin_omeinsum_high_d_12x12_contract_4_batch_4...
bin_omeinsum_high_d_12x12_contract_4_batch_4              2       5.12        12.00        0.055      0.002        0.000
  [11/24] bin_omeinsum_matmul_10x10...
bin_omeinsum_matmul_10x10                                 2       4.82        10.00        0.012      0.000        0.000
  [12/24] bin_outer_product_4096...
bin_outer_product_4096                                    2       7.22        24.00       31.695      0.212        0.000
  [13/24] bin_permuted_r4_abcd_dbef_acef_d32...
bin_permuted_r4_abcd_dbef_acef_d32                        2       9.33        20.00       61.233      0.169        0.000
  [14/24] gm_queen5_5_3.wcsp...
PathAnalysis: instance=gm_queen5_5_3.wcsp strategy=opt_flops steps=159 dot=13 outer=29 broadcast_mul=117 max_rank=17 max_intermediate_elements=129140163 total_intermediate_elements=592127821
PathWarning: instance=gm_queen5_5_3.wcsp strategy=opt_flops large_intermediate=true; compare path strategies before adding kernel-level optimizations
gm_queen5_5_3.wcsp                                      160       9.75        26.94     5226.689     24.361        0.000
  [15/24] lm_batch_likelihood_brackets_4_4d...
lm_batch_likelihood_brackets_4_4d                        84       8.37        18.96       41.360      0.186        0.000
  [16/24] lm_batch_likelihood_sentence_3_12d...
lm_batch_likelihood_sentence_3_12d                       38       9.20        20.86       94.953      0.921        0.000
  [17/24] lm_batch_likelihood_sentence_4_4d...
lm_batch_likelihood_sentence_4_4d                        84       8.46        18.89       36.808      0.061        0.000
  [18/24] nary_matmul_chain_64...
nary_matmul_chain_64                                      3       5.24        12.00        0.047      0.000        0.000
  [19/24] str_matrix_chain_multiplication_100...
str_matrix_chain_multiplication_100                     100       8.48        17.26       13.691      0.112        0.000
  [20/24] str_mps_varying_inner_product_200...
str_mps_varying_inner_product_200                       200       8.31        15.48       21.493      0.633        0.000
  [21/24] str_nw_mera_closed_120...
str_nw_mera_closed_120                                  120      10.66        25.02     1845.474     22.745        0.000
  [22/24] str_nw_mera_open_26...
str_nw_mera_open_26                                      26      10.49        25.36     1350.582      2.822        0.000
  [23/24] tensornetwork_permutation_focus_step409_316...
tensornetwork_permutation_focus_step409_316             316       9.65        24.00      507.990      0.825        0.000
  [24/24] tensornetwork_permutation_light_415...
tensornetwork_permutation_light_415                     415       9.65        24.00      420.994      2.438        0.000

Strategy: opt_size
Instance                                            Tensors log10FLOPS     log2SIZE  Median (ms)   IQR (ms) Compile (ms)
------------------------------------------------------------------------------------------------------------------------
  [1/24] bin_batched_matmul_b32_m128_n128_k128...
  -> bin_batched_matmul_b32_m128_n128_k128 strategy=opt_size: reusing previous measurement for identical path
bin_batched_matmul_b32_m128_n128_k128                     2       7.83        19.00        4.497      0.023        0.000
  [2/24] bin_batched_matmul_b32_m64_n64_k64...
  -> bin_batched_matmul_b32_m64_n64_k64 strategy=opt_size: reusing previous measurement for identical path
bin_batched_matmul_b32_m64_n64_k64                        2       6.92        17.00        0.643      0.004        0.000
  [3/24] bin_batched_outer_product_compact_j16_k16_o64_t64...
  -> bin_batched_outer_product_compact_j16_k16_o64_t64 strategy=opt_size: reusing previous measurement for identical path
bin_batched_outer_product_compact_j16_k16_o64_t64         2       6.02        20.00        0.201      0.010        0.000
  [4/24] bin_batched_outer_product_noncompact_j16_k16_o64_t64...
  -> bin_batched_outer_product_noncompact_j16_k16_o64_t64 strategy=opt_size: reusing previous measurement for identical path
bin_batched_outer_product_noncompact_j16_k16_o64_t64        2       6.02        20.00        0.203      0.002        0.000
  [5/24] bin_elementwise_mul_2048x2048...
  -> bin_elementwise_mul_2048x2048 strategy=opt_size: reusing previous measurement for identical path
bin_elementwise_mul_2048x2048                             2       6.62        22.00        7.203      0.057        0.000
  [6/24] bin_elementwise_mul_512x512...
  -> bin_elementwise_mul_512x512 strategy=opt_size: reusing previous measurement for identical path
bin_elementwise_mul_512x512                               2       5.42        18.00        0.109      0.001        0.000
  [7/24] bin_matmul_1024...
  -> bin_matmul_1024 strategy=opt_size: reusing previous measurement for identical path
bin_matmul_1024                                           2       9.03        20.00       60.173      0.124        0.000
  [8/24] bin_matmul_256...
  -> bin_matmul_256 strategy=opt_size: reusing previous measurement for identical path
bin_matmul_256                                            2       7.22        16.00        1.023      0.004        0.000
  [9/24] bin_omeinsum_batched_matmul_8x8_batch_4...
  -> bin_omeinsum_batched_matmul_8x8_batch_4 strategy=opt_size: reusing previous measurement for identical path
bin_omeinsum_batched_matmul_8x8_batch_4                   2       2.71         4.00        0.025      0.001        0.000
  [10/24] bin_omeinsum_high_d_12x12_contract_4_batch_4...
  -> bin_omeinsum_high_d_12x12_contract_4_batch_4 strategy=opt_size: reusing previous measurement for identical path
bin_omeinsum_high_d_12x12_contract_4_batch_4              2       5.12        12.00        0.055      0.002        0.000
  [11/24] bin_omeinsum_matmul_10x10...
  -> bin_omeinsum_matmul_10x10 strategy=opt_size: reusing previous measurement for identical path
bin_omeinsum_matmul_10x10                                 2       4.82        10.00        0.012      0.000        0.000
  [12/24] bin_outer_product_4096...
  -> bin_outer_product_4096 strategy=opt_size: reusing previous measurement for identical path
bin_outer_product_4096                                    2       7.22        24.00       31.695      0.212        0.000
  [13/24] bin_permuted_r4_abcd_dbef_acef_d32...
  -> bin_permuted_r4_abcd_dbef_acef_d32 strategy=opt_size: reusing previous measurement for identical path
bin_permuted_r4_abcd_dbef_acef_d32                        2       9.33        20.00       61.233      0.169        0.000
  [14/24] gm_queen5_5_3.wcsp...
gm_queen5_5_3.wcsp                                      160      10.33        25.36     2044.036      8.997        0.000
  [15/24] lm_batch_likelihood_brackets_4_4d...
lm_batch_likelihood_brackets_4_4d                        84       8.37        18.96       31.902      0.177        0.000
  [16/24] lm_batch_likelihood_sentence_3_12d...
lm_batch_likelihood_sentence_3_12d                       38       9.20        20.86      109.947      0.317        0.000
  [17/24] lm_batch_likelihood_sentence_4_4d...
lm_batch_likelihood_sentence_4_4d                        84       8.46        18.89       37.568      0.250        0.000
  [18/24] nary_matmul_chain_64...
  -> nary_matmul_chain_64 strategy=opt_size: reusing previous measurement for identical path
nary_matmul_chain_64                                      3       5.24        12.00        0.047      0.000        0.000
  [19/24] str_matrix_chain_multiplication_100...
str_matrix_chain_multiplication_100                     100       8.48        17.26       13.884      0.089        0.000
  [20/24] str_mps_varying_inner_product_200...
str_mps_varying_inner_product_200                       200       8.31        15.48       18.282      0.091        0.000
  [21/24] str_nw_mera_closed_120...
str_nw_mera_closed_120                                  120      10.67        24.91     1618.480      5.772        0.000
  [22/24] str_nw_mera_open_26...
str_nw_mera_open_26                                      26      10.49        25.36     1361.131      3.967        0.000
  [23/24] tensornetwork_permutation_focus_step409_316...
  -> tensornetwork_permutation_focus_step409_316 strategy=opt_size: reusing previous measurement for identical path
tensornetwork_permutation_focus_step409_316             316       9.65        24.00      507.990      0.825        0.000
  [24/24] tensornetwork_permutation_light_415...
  -> tensornetwork_permutation_light_415 strategy=opt_size: reusing previous measurement for identical path
tensornetwork_permutation_light_415                     415       9.65        24.00      420.994      2.438        0.000

tenferro eager results saved to: /workspaces/tenferro-benchmark/data/results/amd-cpu/cpu/einsum/20261008_044146/tenferro_eager_t1_20261008_044146.log

============================================
 Rust benchmark complete
============================================
Results:
  /workspaces/tenferro-benchmark/data/results/amd-cpu/cpu/einsum/20261008_044146/tenferro_trace_t1_20261008_044146.log
  /workspaces/tenferro-benchmark/data/results/amd-cpu/cpu/einsum/20261008_044146/tenferro_eager_t1_20261008_044146.log
Removing Python virtualenv before benchmark: .venv
Preparing CPU Python benchmark environment
Using CPython 3.12.3 interpreter at: /usr/bin/python3
Creating virtual environment at: .venv
Resolved 86 packages in 1ms
warning: Failed to hardlink files; falling back to full copy. This may lead to degraded performance.
         If the cache and target directories are on different filesystems, hardlinking may not be supported.
         If this is intentional, set `export UV_LINK_MODE=copy` or use `--link-mode=copy` to suppress this warning.
Installed 81 packages in 1.67s
 + asttokens==3.0.1
 + attrs==26.1.0
 + certifi==2026.2.25
 + charset-normalizer==3.4.4
 + comm==0.2.3
 + cuda-bindings==13.2.0
 + cuda-pathfinder==1.5.4
 + cuda-toolkit==13.0.2
 + debugpy==1.8.20
 + decorator==5.2.1
 + einsum-benchmark==0.1.7
 + executing==2.2.1
 + filelock==3.29.0
 + fsspec==2026.4.0
 + idna==3.11
 + ipykernel==7.2.0
 + ipython==9.10.0
 + ipython-pygments-lexers==1.1.1
 + ipywidgets==8.1.8
 + jax==0.10.1
 + jaxlib==0.10.1
 + jedi==0.19.2
 + jinja2==3.1.6
 + jsonschema==4.26.0
 + jsonschema-specifications==2025.9.1
 + jupyter-client==8.8.0
 + jupyter-core==5.9.1
 + jupyterlab-widgets==3.0.16
 + markupsafe==3.0.3
 + matplotlib-inline==0.2.1
 + ml-dtypes==0.5.4
 + mpmath==1.3.0
 + nest-asyncio==1.6.0
 + networkx==3.6.1
 + numpy==2.4.2
 + nvidia-cublas==13.1.1.3
 + nvidia-cuda-cupti==13.0.85
 + nvidia-cuda-nvrtc==13.0.88
 + nvidia-cuda-runtime==13.0.96
 + nvidia-cudnn-cu13==9.20.0.48
 + nvidia-cufft==12.0.0.61
 + nvidia-cufile==1.15.1.6
 + nvidia-curand==10.4.0.35
 + nvidia-cusolver==12.0.4.66
 + nvidia-cusparse==12.6.3.3
 + nvidia-cusparselt-cu13==0.8.1
 + nvidia-nccl-cu13==2.29.7
 + nvidia-nvjitlink==13.0.88
 + nvidia-nvshmem-cu13==3.4.5
 + nvidia-nvtx==13.0.85
 + opt-einsum==3.4.0
 + packaging==26.0
 + parso==0.8.6
 + pexpect==4.9.0
 + platformdirs==4.9.2
 + pooch==1.9.0
 + prompt-toolkit==3.0.52
 + psutil==7.2.2
 + ptyprocess==0.7.0
 + pure-eval==0.2.3
 + pygments==2.19.2
 + python-dateutil==2.9.0.post0
 + pyyaml==6.0.3
 + pyzmq==27.1.0
 + referencing==0.37.0
 + requests==2.32.5
 + rpds-py==0.30.0
 + scipy==1.17.1
 + setuptools==81.0.0
 + six==1.17.0
 + stack-data==0.6.3
 + sympy==1.14.0
 + torch==2.12.0
 + tornado==6.5.4
 + tqdm==4.67.3
 + traitlets==5.14.3
 + triton==3.7.0
 + typing-extensions==4.15.0
 + urllib3==2.6.3
 + wcwidth==0.6.0
 + widgetsnbextension==4.0.15
Resolved 10 packages in 487ms
Prepared 10 packages in 0.44ms
Uninstalled 10 packages in 277ms
warning: Failed to hardlink files; falling back to full copy. This may lead to degraded performance.
         If the cache and target directories are on different filesystems, hardlinking may not be supported.
         If this is intentional, set `export UV_LINK_MODE=copy` or use `--link-mode=copy` to suppress this warning.
Installed 10 packages in 799ms
 - filelock==3.29.0
 + filelock==3.32.3
 - fsspec==2026.4.0
 + fsspec==2026.7.0
 ~ jinja2==3.1.6
 ~ markupsafe==3.0.3
 ~ mpmath==1.3.0
 ~ networkx==3.6.1
 - setuptools==81.0.0
 + setuptools==78.1.0
 ~ sympy==1.14.0
 - torch==2.12.0
 + torch==2.12.0+cpu
 - typing-extensions==4.15.0
 + typing-extensions==4.16.0
============================================
 Python benchmark: pytorch-cpu + jax-cpu (threads=1)
============================================
  OMP_NUM_THREADS=1
  OMP_THREAD_LIMIT=1
  OMP_DYNAMIC=FALSE
  RAYON_NUM_THREADS=1
  OPENBLAS_NUM_THREADS=1
  GOTO_NUM_THREADS=1
  MKL_NUM_THREADS=1
  VECLIB_MAXIMUM_THREADS=1
  VECLIB_NUM_THREADS=1
  NUMEXPR_NUM_THREADS=1
  BLIS_NUM_THREADS=1
  PJRT_NPROC=1
  XLA_FLAGS=--xla_cpu_multi_thread_eigen=false --xla_cpu_experimental_ynn_fusion_type= intra_op_parallelism_threads=1
  JULIA_NUM_THREADS=1

============================================
 Python: pytorch-cpu
============================================
Running pytorch-cpu benchmark...
Warning: skip gpu_perf_issues.json (missing field 'name')
Warning: skip gpu_permutation_mac_patterns.json (missing field 'name')
Warning: skip gpu_permutation_patterns.json (missing field 'name')
Warning: skip perf_issues.json (missing field 'name')
Warning: skip permutation_patterns.json (missing field 'name')
Warning: skip session_matrix.json (missing field 'name')
Warning: skip small_work.json (missing field 'name')
  [1/24] bin_batched_matmul_b32_m128_n128_k128...
  [2/24] bin_batched_matmul_b32_m64_n64_k64...
  [3/24] bin_batched_outer_product_compact_j16_k16_o64_t64...
  [4/24] bin_batched_outer_product_noncompact_j16_k16_o64_t64...
  [5/24] bin_elementwise_mul_2048x2048...
  [6/24] bin_elementwise_mul_512x512...
  [7/24] bin_matmul_1024...
  [8/24] bin_matmul_256...
  [9/24] bin_omeinsum_batched_matmul_8x8_batch_4...
  [10/24] bin_omeinsum_high_d_12x12_contract_4_batch_4...
  [11/24] bin_omeinsum_matmul_10x10...
  [12/24] bin_outer_product_4096...
  [13/24] bin_permuted_r4_abcd_dbef_acef_d32...
  [14/24] gm_queen5_5_3.wcsp...
  [15/24] lm_batch_likelihood_brackets_4_4d...
  [16/24] lm_batch_likelihood_sentence_3_12d...
  [17/24] lm_batch_likelihood_sentence_4_4d...
  [18/24] nary_matmul_chain_64...
  [19/24] str_matrix_chain_multiplication_100...
  [20/24] str_mps_varying_inner_product_200...
  [21/24] str_nw_mera_closed_120...
  [22/24] str_nw_mera_open_26...
  [23/24] tensornetwork_permutation_focus_step409_316...
  [24/24] tensornetwork_permutation_light_415...
  [1/24] bin_batched_matmul_b32_m128_n128_k128...
  -> bin_batched_matmul_b32_m128_n128_k128 strategy=opt_size: reusing previous measurement for identical path
  [2/24] bin_batched_matmul_b32_m64_n64_k64...
  -> bin_batched_matmul_b32_m64_n64_k64 strategy=opt_size: reusing previous measurement for identical path
  [3/24] bin_batched_outer_product_compact_j16_k16_o64_t64...
  -> bin_batched_outer_product_compact_j16_k16_o64_t64 strategy=opt_size: reusing previous measurement for identical path
  [4/24] bin_batched_outer_product_noncompact_j16_k16_o64_t64...
  -> bin_batched_outer_product_noncompact_j16_k16_o64_t64 strategy=opt_size: reusing previous measurement for identical path
  [5/24] bin_elementwise_mul_2048x2048...
  -> bin_elementwise_mul_2048x2048 strategy=opt_size: reusing previous measurement for identical path
  [6/24] bin_elementwise_mul_512x512...
  -> bin_elementwise_mul_512x512 strategy=opt_size: reusing previous measurement for identical path
  [7/24] bin_matmul_1024...
  -> bin_matmul_1024 strategy=opt_size: reusing previous measurement for identical path
  [8/24] bin_matmul_256...
  -> bin_matmul_256 strategy=opt_size: reusing previous measurement for identical path
  [9/24] bin_omeinsum_batched_matmul_8x8_batch_4...
  -> bin_omeinsum_batched_matmul_8x8_batch_4 strategy=opt_size: reusing previous measurement for identical path
  [10/24] bin_omeinsum_high_d_12x12_contract_4_batch_4...
  -> bin_omeinsum_high_d_12x12_contract_4_batch_4 strategy=opt_size: reusing previous measurement for identical path
  [11/24] bin_omeinsum_matmul_10x10...
  -> bin_omeinsum_matmul_10x10 strategy=opt_size: reusing previous measurement for identical path
  [12/24] bin_outer_product_4096...
  -> bin_outer_product_4096 strategy=opt_size: reusing previous measurement for identical path
  [13/24] bin_permuted_r4_abcd_dbef_acef_d32...
  -> bin_permuted_r4_abcd_dbef_acef_d32 strategy=opt_size: reusing previous measurement for identical path
  [14/24] gm_queen5_5_3.wcsp...
  [15/24] lm_batch_likelihood_brackets_4_4d...
  [16/24] lm_batch_likelihood_sentence_3_12d...
  [17/24] lm_batch_likelihood_sentence_4_4d...
  [18/24] nary_matmul_chain_64...
  -> nary_matmul_chain_64 strategy=opt_size: reusing previous measurement for identical path
  [19/24] str_matrix_chain_multiplication_100...
  [20/24] str_mps_varying_inner_product_200...
  [21/24] str_nw_mera_closed_120...
  [22/24] str_nw_mera_open_26...
  [23/24] tensornetwork_permutation_focus_step409_316...
  -> tensornetwork_permutation_focus_step409_316 strategy=opt_size: reusing previous measurement for identical path
  [24/24] tensornetwork_permutation_light_415...
  -> tensornetwork_permutation_light_415 strategy=opt_size: reusing previous measurement for identical path
pytorch-cpu einsum benchmark suite
==================================
Loaded 24 instances from /workspaces/tenferro-benchmark/data/instances
Backend: pytorch-cpu
OMP_NUM_THREADS=1
OMP_THREAD_LIMIT=1
OMP_DYNAMIC=FALSE
RAYON_NUM_THREADS=1
OPENBLAS_NUM_THREADS=1
GOTO_NUM_THREADS=1
MKL_NUM_THREADS=1
VECLIB_MAXIMUM_THREADS=1
VECLIB_NUM_THREADS=1
NUMEXPR_NUM_THREADS=1
BLIS_NUM_THREADS=1
PJRT_NPROC=1
XLA_FLAGS=--xla_cpu_multi_thread_eigen=false --xla_cpu_experimental_ynn_fusion_type= intra_op_parallelism_threads=1
TORCH_NUM_THREADS=1
TORCH_NUM_INTEROP_THREADS=1
Timing: median ± IQR of 15 runs (3 warmup), path precomputed

Strategy: opt_flops
Instance                                            Tensors log10FLOPS     log2SIZE  Median (ms)   IQR (ms)
----------------------------------------------------------------------------------------------------------
bin_batched_matmul_b32_m128_n128_k128                     2       7.83        19.00        4.499      0.016
bin_batched_matmul_b32_m64_n64_k64                        2       6.92        17.00        0.665      0.005
bin_batched_outer_product_compact_j16_k16_o64_t64         2       6.02        20.00        0.145      0.003
bin_batched_outer_product_noncompact_j16_k16_o64_t64        2       6.02        20.00        0.144      0.002
bin_elementwise_mul_2048x2048                             2       6.62        22.00        8.546      0.071
bin_elementwise_mul_512x512                               2       5.42        18.00        0.102      0.004
bin_matmul_1024                                           2       9.03        20.00       68.856      0.120
bin_matmul_256                                            2       7.22        16.00        1.418      0.011
bin_omeinsum_batched_matmul_8x8_batch_4                   2       2.71         4.00        0.024      0.001
bin_omeinsum_high_d_12x12_contract_4_batch_4              2       5.12        12.00        0.112      0.002
bin_omeinsum_matmul_10x10                                 2       4.82        10.00        0.023      0.000
bin_outer_product_4096                                    2       7.22        24.00       29.972      0.274
bin_permuted_r4_abcd_dbef_acef_d32                        2       9.33        20.00       64.450      0.152
gm_queen5_5_3.wcsp                                      160       9.75        26.94     5016.644     24.283
lm_batch_likelihood_brackets_4_4d                        84       8.37        18.96       28.332      0.187
lm_batch_likelihood_sentence_3_12d                       38       9.20        20.86       86.351      0.463
lm_batch_likelihood_sentence_4_4d                        84       8.46        18.89       31.382      0.086
nary_matmul_chain_64                                      3       5.24        12.00        0.063      0.002
str_matrix_chain_multiplication_100                     100       8.48        17.26       14.764      0.123
str_mps_varying_inner_product_200                       200       8.31        15.48       21.501      0.115
str_nw_mera_closed_120                                  120      10.66        25.02     1789.876      4.668
str_nw_mera_open_26                                      26      10.49        25.36     1144.561      1.022
tensornetwork_permutation_focus_step409_316             316       9.65        24.00      776.886      1.904
tensornetwork_permutation_light_415                     415       9.65        24.00      736.212      2.696

Strategy: opt_size
Instance                                            Tensors log10FLOPS     log2SIZE  Median (ms)   IQR (ms)
----------------------------------------------------------------------------------------------------------
bin_batched_matmul_b32_m128_n128_k128                     2       7.83        19.00        4.499      0.016
bin_batched_matmul_b32_m64_n64_k64                        2       6.92        17.00        0.665      0.005
bin_batched_outer_product_compact_j16_k16_o64_t64         2       6.02        20.00        0.145      0.003
bin_batched_outer_product_noncompact_j16_k16_o64_t64        2       6.02        20.00        0.144      0.002
bin_elementwise_mul_2048x2048                             2       6.62        22.00        8.546      0.071
bin_elementwise_mul_512x512                               2       5.42        18.00        0.102      0.004
bin_matmul_1024                                           2       9.03        20.00       68.856      0.120
bin_matmul_256                                            2       7.22        16.00        1.418      0.011
bin_omeinsum_batched_matmul_8x8_batch_4                   2       2.71         4.00        0.024      0.001
bin_omeinsum_high_d_12x12_contract_4_batch_4              2       5.12        12.00        0.112      0.002
bin_omeinsum_matmul_10x10                                 2       4.82        10.00        0.023      0.000
bin_outer_product_4096                                    2       7.22        24.00       29.972      0.274
bin_permuted_r4_abcd_dbef_acef_d32                        2       9.33        20.00       64.450      0.152
gm_queen5_5_3.wcsp                                      160      10.33        25.36     2145.622      6.188
lm_batch_likelihood_brackets_4_4d                        84       8.37        18.96       30.527      0.120
lm_batch_likelihood_sentence_3_12d                       38       9.20        20.86       87.391      0.419
lm_batch_likelihood_sentence_4_4d                        84       8.46        18.89       32.541      0.188
nary_matmul_chain_64                                      3       5.24        12.00        0.063      0.002
str_matrix_chain_multiplication_100                     100       8.48        17.26       14.793      0.118
str_mps_varying_inner_product_200                       200       8.31        15.48       20.223      0.177
str_nw_mera_closed_120                                  120      10.67        24.91     1521.999      2.704
str_nw_mera_open_26                                      26      10.49        25.36     1151.588      1.545
tensornetwork_permutation_focus_step409_316             316       9.65        24.00      776.886      1.904
tensornetwork_permutation_light_415                     415       9.65        24.00      736.212      2.696

pytorch-cpu results saved to: /workspaces/tenferro-benchmark/data/results/amd-cpu/cpu/einsum/20261008_044146/pytorch_cpu_t1_20261008_044146.log

============================================
 Python: jax-cpu
============================================
Running jax-cpu benchmark...
Warning: skip gpu_perf_issues.json (missing field 'name')
Warning: skip gpu_permutation_mac_patterns.json (missing field 'name')
Warning: skip gpu_permutation_patterns.json (missing field 'name')
Warning: skip perf_issues.json (missing field 'name')
Warning: skip permutation_patterns.json (missing field 'name')
Warning: skip session_matrix.json (missing field 'name')
Warning: skip small_work.json (missing field 'name')
  [1/24] bin_batched_matmul_b32_m128_n128_k128...
  [2/24] bin_batched_matmul_b32_m64_n64_k64...
  [3/24] bin_batched_outer_product_compact_j16_k16_o64_t64...
  [4/24] bin_batched_outer_product_noncompact_j16_k16_o64_t64...
  [5/24] bin_elementwise_mul_2048x2048...
  [6/24] bin_elementwise_mul_512x512...
  [7/24] bin_matmul_1024...
  [8/24] bin_matmul_256...
  [9/24] bin_omeinsum_batched_matmul_8x8_batch_4...
  [10/24] bin_omeinsum_high_d_12x12_contract_4_batch_4...
  [11/24] bin_omeinsum_matmul_10x10...
  [12/24] bin_outer_product_4096...
  [13/24] bin_permuted_r4_abcd_dbef_acef_d32...
  [14/24] gm_queen5_5_3.wcsp...
  [15/24] lm_batch_likelihood_brackets_4_4d...
  [16/24] lm_batch_likelihood_sentence_3_12d...
  [17/24] lm_batch_likelihood_sentence_4_4d...
  [18/24] nary_matmul_chain_64...
  [19/24] str_matrix_chain_multiplication_100...
  [20/24] str_mps_varying_inner_product_200...
  [21/24] str_nw_mera_closed_120...
  [22/24] str_nw_mera_open_26...
  [23/24] tensornetwork_permutation_focus_step409_316...
  [24/24] tensornetwork_permutation_light_415...
  [1/24] bin_batched_matmul_b32_m128_n128_k128...
  -> bin_batched_matmul_b32_m128_n128_k128 strategy=opt_size: reusing previous measurement for identical path
  [2/24] bin_batched_matmul_b32_m64_n64_k64...
  -> bin_batched_matmul_b32_m64_n64_k64 strategy=opt_size: reusing previous measurement for identical path
  [3/24] bin_batched_outer_product_compact_j16_k16_o64_t64...
  -> bin_batched_outer_product_compact_j16_k16_o64_t64 strategy=opt_size: reusing previous measurement for identical path
  [4/24] bin_batched_outer_product_noncompact_j16_k16_o64_t64...
  -> bin_batched_outer_product_noncompact_j16_k16_o64_t64 strategy=opt_size: reusing previous measurement for identical path
  [5/24] bin_elementwise_mul_2048x2048...
  -> bin_elementwise_mul_2048x2048 strategy=opt_size: reusing previous measurement for identical path
  [6/24] bin_elementwise_mul_512x512...
  -> bin_elementwise_mul_512x512 strategy=opt_size: reusing previous measurement for identical path
  [7/24] bin_matmul_1024...
  -> bin_matmul_1024 strategy=opt_size: reusing previous measurement for identical path
  [8/24] bin_matmul_256...
  -> bin_matmul_256 strategy=opt_size: reusing previous measurement for identical path
  [9/24] bin_omeinsum_batched_matmul_8x8_batch_4...
  -> bin_omeinsum_batched_matmul_8x8_batch_4 strategy=opt_size: reusing previous measurement for identical path
  [10/24] bin_omeinsum_high_d_12x12_contract_4_batch_4...
  -> bin_omeinsum_high_d_12x12_contract_4_batch_4 strategy=opt_size: reusing previous measurement for identical path
  [11/24] bin_omeinsum_matmul_10x10...
  -> bin_omeinsum_matmul_10x10 strategy=opt_size: reusing previous measurement for identical path
  [12/24] bin_outer_product_4096...
  -> bin_outer_product_4096 strategy=opt_size: reusing previous measurement for identical path
  [13/24] bin_permuted_r4_abcd_dbef_acef_d32...
  -> bin_permuted_r4_abcd_dbef_acef_d32 strategy=opt_size: reusing previous measurement for identical path
  [14/24] gm_queen5_5_3.wcsp...
  [15/24] lm_batch_likelihood_brackets_4_4d...
  [16/24] lm_batch_likelihood_sentence_3_12d...
  [17/24] lm_batch_likelihood_sentence_4_4d...
  [18/24] nary_matmul_chain_64...
  -> nary_matmul_chain_64 strategy=opt_size: reusing previous measurement for identical path
  [19/24] str_matrix_chain_multiplication_100...
  [20/24] str_mps_varying_inner_product_200...
  [21/24] str_nw_mera_closed_120...
  [22/24] str_nw_mera_open_26...
  [23/24] tensornetwork_permutation_focus_step409_316...
  -> tensornetwork_permutation_focus_step409_316 strategy=opt_size: reusing previous measurement for identical path
  [24/24] tensornetwork_permutation_light_415...
  -> tensornetwork_permutation_light_415 strategy=opt_size: reusing previous measurement for identical path
jax-cpu einsum benchmark suite
==================================
Loaded 24 instances from /workspaces/tenferro-benchmark/data/instances
Backend: jax-cpu
OMP_NUM_THREADS=1
OMP_THREAD_LIMIT=1
OMP_DYNAMIC=FALSE
RAYON_NUM_THREADS=1
OPENBLAS_NUM_THREADS=1
GOTO_NUM_THREADS=1
MKL_NUM_THREADS=1
VECLIB_MAXIMUM_THREADS=1
VECLIB_NUM_THREADS=1
NUMEXPR_NUM_THREADS=1
BLIS_NUM_THREADS=1
PJRT_NPROC=1
XLA_FLAGS=--xla_cpu_multi_thread_eigen=false --xla_cpu_experimental_ynn_fusion_type= intra_op_parallelism_threads=1
JAX_DEFAULT_BACKEND=cpu
JAX_DOT_BACKEND=xla_cpu
Timing: median ± IQR of 15 runs (3 warmup), path precomputed

Strategy: opt_flops
Instance                                            Tensors log10FLOPS     log2SIZE  Median (ms)   IQR (ms)
----------------------------------------------------------------------------------------------------------
bin_batched_matmul_b32_m128_n128_k128                     2       7.83        19.00        4.424      0.034
bin_batched_matmul_b32_m64_n64_k64                        2       6.92        17.00        0.696      0.017
bin_batched_outer_product_compact_j16_k16_o64_t64         2       6.02        20.00        0.390      0.013
bin_batched_outer_product_noncompact_j16_k16_o64_t64        2       6.02        20.00        0.389      0.029
bin_elementwise_mul_2048x2048                             2       6.62        22.00       11.574      0.109
bin_elementwise_mul_512x512                               2       5.42        18.00        0.215      0.014
bin_matmul_1024                                           2       9.03        20.00       60.932      0.326
bin_matmul_256                                            2       7.22        16.00        1.136      0.154
bin_omeinsum_batched_matmul_8x8_batch_4                   2       2.71         4.00        0.132      0.015
bin_omeinsum_high_d_12x12_contract_4_batch_4              2       5.12        12.00        0.175      0.018
bin_omeinsum_matmul_10x10                                 2       4.82        10.00        0.081      0.014
bin_outer_product_4096                                    2       7.22        24.00       32.704      0.515
bin_permuted_r4_abcd_dbef_acef_d32                        2       9.33        20.00       63.156      0.180
gm_queen5_5_3.wcsp                                      160       9.75        26.94     3797.926     29.786
lm_batch_likelihood_brackets_4_4d                        84       8.37        18.96       14.072      0.147
lm_batch_likelihood_sentence_3_12d                       38       9.20        20.86       75.642      1.047
lm_batch_likelihood_sentence_4_4d                        84       8.46        18.89       16.019      0.139
nary_matmul_chain_64                                      3       5.24        12.00        0.108      0.014
str_matrix_chain_multiplication_100                     100       8.48        17.26       13.299      0.129
str_mps_varying_inner_product_200                       200       8.31        15.48       20.941      0.174
str_nw_mera_closed_120                                  120      10.66        25.02     1953.739      3.886
str_nw_mera_open_26                                      26      10.49        25.36     1521.554      1.993
tensornetwork_permutation_focus_step409_316             316       9.65        24.00      580.989     13.488
tensornetwork_permutation_light_415                     415       9.65        24.00      600.092     17.738

Strategy: opt_size
Instance                                            Tensors log10FLOPS     log2SIZE  Median (ms)   IQR (ms)
----------------------------------------------------------------------------------------------------------
bin_batched_matmul_b32_m128_n128_k128                     2       7.83        19.00        4.424      0.034
bin_batched_matmul_b32_m64_n64_k64                        2       6.92        17.00        0.696      0.017
bin_batched_outer_product_compact_j16_k16_o64_t64         2       6.02        20.00        0.390      0.013
bin_batched_outer_product_noncompact_j16_k16_o64_t64        2       6.02        20.00        0.389      0.029
bin_elementwise_mul_2048x2048                             2       6.62        22.00       11.574      0.109
bin_elementwise_mul_512x512                               2       5.42        18.00        0.215      0.014
bin_matmul_1024                                           2       9.03        20.00       60.932      0.326
bin_matmul_256                                            2       7.22        16.00        1.136      0.154
bin_omeinsum_batched_matmul_8x8_batch_4                   2       2.71         4.00        0.132      0.015
bin_omeinsum_high_d_12x12_contract_4_batch_4              2       5.12        12.00        0.175      0.018
bin_omeinsum_matmul_10x10                                 2       4.82        10.00        0.081      0.014
bin_outer_product_4096                                    2       7.22        24.00       32.704      0.515
bin_permuted_r4_abcd_dbef_acef_d32                        2       9.33        20.00       63.156      0.180
gm_queen5_5_3.wcsp                                      160      10.33        25.36     1608.049      5.848
lm_batch_likelihood_brackets_4_4d                        84       8.37        18.96       15.014      0.351
lm_batch_likelihood_sentence_3_12d                       38       9.20        20.86       81.782      0.761
lm_batch_likelihood_sentence_4_4d                        84       8.46        18.89       15.049      0.095
nary_matmul_chain_64                                      3       5.24        12.00        0.108      0.014
str_matrix_chain_multiplication_100                     100       8.48        17.26       12.985      0.150
str_mps_varying_inner_product_200                       200       8.31        15.48       19.867      0.331
str_nw_mera_closed_120                                  120      10.67        24.91     1693.001      2.855
str_nw_mera_open_26                                      26      10.49        25.36     1567.663      2.097
tensornetwork_permutation_focus_step409_316             316       9.65        24.00      580.989     13.488
tensornetwork_permutation_light_415                     415       9.65        24.00      600.092     17.738

jax-cpu results saved to: /workspaces/tenferro-benchmark/data/results/amd-cpu/cpu/einsum/20261008_044146/jax_cpu_t1_20261008_044146.log

============================================
 Python benchmark complete
============================================
Results:
  /workspaces/tenferro-benchmark/data/results/amd-cpu/cpu/einsum/20261008_044146/pytorch_cpu_t1_20261008_044146.log
  /workspaces/tenferro-benchmark/data/results/amd-cpu/cpu/einsum/20261008_044146/jax_cpu_t1_20261008_044146.log

Running OMEinsum.jl einsum benchmark (threads=1)...
Warning: skip gpu_perf_issues.json (missing field 'name')
Warning: skip gpu_permutation_mac_patterns.json (missing field 'name')
Warning: skip gpu_permutation_patterns.json (missing field 'name')
Warning: skip perf_issues.json (missing field 'name')
Warning: skip permutation_patterns.json (missing field 'name')
Warning: skip session_matrix.json (missing field 'name')
Warning: skip small_work.json (missing field 'name')
omeinsum-jl einsum benchmark suite
==================================
Loaded 24 instances from /workspaces/tenferro-benchmark/data/instances
Backend: omeinsum-jl
JULIA_NUM_THREADS=1
OMP_NUM_THREADS=1
OPENBLAS_NUM_THREADS=1
BLAS.get_num_threads()=1
Timing: median ± IQR of 15 runs (3 warmup), path precomputed (OMEinsum's own optimizer is not used)

Mode: omeinsum_path / Strategy: opt_flops
  [1/24] bin_batched_matmul_b32_m128_n128_k128...
Instance                                            Tensors log10FLOPS     log2SIZE  Median (ms)   IQR (ms)
----------------------------------------------------------------------------------------------------------
  [2/24] bin_batched_matmul_b32_m64_n64_k64...
bin_batched_matmul_b32_m128_n128_k128                     2       7.83        19.00        7.573      6.740
bin_batched_matmul_b32_m64_n64_k64                        2       6.92        17.00        1.355      0.858
  [3/24] bin_batched_outer_product_compact_j16_k16_o64_t64...
bin_batched_outer_product_compact_j16_k16_o64_t64         2       6.02        20.00        1.866      1.033
  [4/24] bin_batched_outer_product_noncompact_j16_k16_o64_t64...
  [5/24] bin_elementwise_mul_2048x2048...
bin_batched_outer_product_noncompact_j16_k16_o64_t64        2       6.02        20.00        4.313      8.472
  [6/24] bin_elementwise_mul_512x512...
bin_elementwise_mul_2048x2048                             2       6.62        22.00        9.267      0.526
bin_elementwise_mul_512x512                               2       5.42        18.00        0.102      0.013
  [7/24] bin_matmul_1024...
  [8/24] bin_matmul_256...
bin_matmul_1024                                           2       9.03        20.00       58.290     21.616
  [9/24] bin_omeinsum_batched_matmul_8x8_batch_4...
bin_matmul_256                                            2       7.22        16.00        0.931      0.005
bin_omeinsum_batched_matmul_8x8_batch_4                   2       2.71         4.00        0.012      0.001
  [10/24] bin_omeinsum_high_d_12x12_contract_4_batch_4...
bin_omeinsum_high_d_12x12_contract_4_batch_4              2       5.12        12.00        0.061      0.014
  [11/24] bin_omeinsum_matmul_10x10...
bin_omeinsum_matmul_10x10                                 2       4.82        10.00        0.021      0.001
  [12/24] bin_outer_product_4096...
bin_outer_product_4096                                    2       7.22        24.00      248.725      3.003
  [13/24] bin_permuted_r4_abcd_dbef_acef_d32...
bin_permuted_r4_abcd_dbef_acef_d32                        2       9.33        20.00       54.196     21.077
  [14/24] gm_queen5_5_3.wcsp...
  [15/24] lm_batch_likelihood_brackets_4_4d...
gm_queen5_5_3.wcsp                                      160       9.75        26.94     6100.841     38.125
lm_batch_likelihood_brackets_4_4d                        84       8.37        18.96       21.846     10.555
  [16/24] lm_batch_likelihood_sentence_3_12d...
lm_batch_likelihood_sentence_3_12d                       38       9.20        20.86       90.402     39.068
  [17/24] lm_batch_likelihood_sentence_4_4d...
  [18/24] nary_matmul_chain_64...
lm_batch_likelihood_sentence_4_4d                        84       8.46        18.89       31.566     23.883
nary_matmul_chain_64                                      3       5.24        12.00        0.071      0.010
  [19/24] str_matrix_chain_multiplication_100...
  [20/24] str_mps_varying_inner_product_200...
str_matrix_chain_multiplication_100                     100       8.48        17.26       13.238      0.637
str_mps_varying_inner_product_200                       200       8.31        15.48       21.596      8.797
  [21/24] str_nw_mera_closed_120...
  [22/24] str_nw_mera_open_26...
str_nw_mera_closed_120                                  120      10.66        25.02     1357.225     13.432
str_nw_mera_open_26                                      26      10.49        25.36     1206.042     48.242
  [23/24] tensornetwork_permutation_focus_step409_316...
  [24/24] tensornetwork_permutation_light_415...
tensornetwork_permutation_focus_step409_316             316       9.65        24.00      462.041     43.418
tensornetwork_permutation_light_415                     415       9.65        24.00      444.987     77.202

Mode: omeinsum_path / Strategy: opt_size
Instance                                            Tensors log10FLOPS     log2SIZE  Median (ms)   IQR (ms)
----------------------------------------------------------------------------------------------------------
bin_batched_matmul_b32_m128_n128_k128                     2       7.83        19.00        7.573      6.740
bin_batched_matmul_b32_m64_n64_k64                        2       6.92        17.00        1.355      0.858
bin_batched_outer_product_compact_j16_k16_o64_t64         2       6.02        20.00        1.866      1.033
bin_batched_outer_product_noncompact_j16_k16_o64_t64        2       6.02        20.00        4.313      8.472
bin_elementwise_mul_2048x2048                             2       6.62        22.00        9.267      0.526
bin_elementwise_mul_512x512                               2       5.42        18.00        0.102      0.013
bin_matmul_1024                                           2       9.03        20.00       58.290     21.616
bin_matmul_256                                            2       7.22        16.00        0.931      0.005
bin_omeinsum_batched_matmul_8x8_batch_4                   2       2.71         4.00        0.012      0.001
bin_omeinsum_high_d_12x12_contract_4_batch_4              2       5.12        12.00        0.061      0.014
bin_omeinsum_matmul_10x10                                 2       4.82        10.00        0.021      0.001
bin_outer_product_4096                                    2       7.22        24.00      248.725      3.003
bin_permuted_r4_abcd_dbef_acef_d32                        2       9.33        20.00       54.196     21.077
  [1/24] bin_batched_matmul_b32_m128_n128_k128...
  -> bin_batched_matmul_b32_m128_n128_k128 strategy=opt_size: reusing previous measurement for identical path
  [2/24] bin_batched_matmul_b32_m64_n64_k64...
  -> bin_batched_matmul_b32_m64_n64_k64 strategy=opt_size: reusing previous measurement for identical path
  [3/24] bin_batched_outer_product_compact_j16_k16_o64_t64...
  -> bin_batched_outer_product_compact_j16_k16_o64_t64 strategy=opt_size: reusing previous measurement for identical path
  [4/24] bin_batched_outer_product_noncompact_j16_k16_o64_t64...
  -> bin_batched_outer_product_noncompact_j16_k16_o64_t64 strategy=opt_size: reusing previous measurement for identical path
  [5/24] bin_elementwise_mul_2048x2048...
  -> bin_elementwise_mul_2048x2048 strategy=opt_size: reusing previous measurement for identical path
  [6/24] bin_elementwise_mul_512x512...
  -> bin_elementwise_mul_512x512 strategy=opt_size: reusing previous measurement for identical path
  [7/24] bin_matmul_1024...
  -> bin_matmul_1024 strategy=opt_size: reusing previous measurement for identical path
  [8/24] bin_matmul_256...
  -> bin_matmul_256 strategy=opt_size: reusing previous measurement for identical path
  [9/24] bin_omeinsum_batched_matmul_8x8_batch_4...
  -> bin_omeinsum_batched_matmul_8x8_batch_4 strategy=opt_size: reusing previous measurement for identical path
  [10/24] bin_omeinsum_high_d_12x12_contract_4_batch_4...
  -> bin_omeinsum_high_d_12x12_contract_4_batch_4 strategy=opt_size: reusing previous measurement for identical path
  [11/24] bin_omeinsum_matmul_10x10...
  -> bin_omeinsum_matmul_10x10 strategy=opt_size: reusing previous measurement for identical path
  [12/24] bin_outer_product_4096...
  -> bin_outer_product_4096 strategy=opt_size: reusing previous measurement for identical path
  [13/24] bin_permuted_r4_abcd_dbef_acef_d32...
  -> bin_permuted_r4_abcd_dbef_acef_d32 strategy=opt_size: reusing previous measurement for identical path
  [14/24] gm_queen5_5_3.wcsp...
gm_queen5_5_3.wcsp                                      160      10.33        25.36     2317.757     40.953
  [15/24] lm_batch_likelihood_brackets_4_4d...
lm_batch_likelihood_brackets_4_4d                        84       8.37        18.96       43.782     24.807
  [16/24] lm_batch_likelihood_sentence_3_12d...
  [17/24] lm_batch_likelihood_sentence_4_4d...
lm_batch_likelihood_sentence_3_12d                       38       9.20        20.86       91.309     33.481
lm_batch_likelihood_sentence_4_4d                        84       8.46        18.89       35.930     34.565
nary_matmul_chain_64                                      3       5.24        12.00        0.071      0.010
  [18/24] nary_matmul_chain_64...
  -> nary_matmul_chain_64 strategy=opt_size: reusing previous measurement for identical path
  [19/24] str_matrix_chain_multiplication_100...
str_matrix_chain_multiplication_100                     100       8.48        17.26       13.388      0.673
  [20/24] str_mps_varying_inner_product_200...
str_mps_varying_inner_product_200                       200       8.31        15.48       18.182      1.384
  [21/24] str_nw_mera_closed_120...
str_nw_mera_closed_120                                  120      10.67        24.91     1201.490     49.617
  [22/24] str_nw_mera_open_26...
  [23/24] tensornetwork_permutation_focus_step409_316...
  -> tensornetwork_permutation_focus_step409_316 strategy=opt_size: reusing previous measurement for identical path
  [24/24] tensornetwork_permutation_light_415...
  -> tensornetwork_permutation_light_415 strategy=opt_size: reusing previous measurement for identical path
str_nw_mera_open_26                                      26      10.49        25.36     1183.234     45.784
tensornetwork_permutation_focus_step409_316             316       9.65        24.00      462.041     43.418
tensornetwork_permutation_light_415                     415       9.65        24.00      444.987     77.202

Running CPU ops benchmarks (linalg JVP/VJP on tenferro-trace)...
Removing Python virtualenv before benchmark: .venv
Preparing CPU Python benchmark environment
Using CPython 3.12.3 interpreter at: /usr/bin/python3
Creating virtual environment at: .venv
Resolved 86 packages in 1ms
warning: Failed to hardlink files; falling back to full copy. This may lead to degraded performance.
         If the cache and target directories are on different filesystems, hardlinking may not be supported.
         If this is intentional, set `export UV_LINK_MODE=copy` or use `--link-mode=copy` to suppress this warning.
Installed 81 packages in 1.67s
 + asttokens==3.0.1
 + attrs==26.1.0
 + certifi==2026.2.25
 + charset-normalizer==3.4.4
 + comm==0.2.3
 + cuda-bindings==13.2.0
 + cuda-pathfinder==1.5.4
 + cuda-toolkit==13.0.2
 + debugpy==1.8.20
 + decorator==5.2.1
 + einsum-benchmark==0.1.7
 + executing==2.2.1
 + filelock==3.29.0
 + fsspec==2026.4.0
 + idna==3.11
 + ipykernel==7.2.0
 + ipython==9.10.0
 + ipython-pygments-lexers==1.1.1
 + ipywidgets==8.1.8
 + jax==0.10.1
 + jaxlib==0.10.1
 + jedi==0.19.2
 + jinja2==3.1.6
 + jsonschema==4.26.0
 + jsonschema-specifications==2025.9.1
 + jupyter-client==8.8.0
 + jupyter-core==5.9.1
 + jupyterlab-widgets==3.0.16
 + markupsafe==3.0.3
 + matplotlib-inline==0.2.1
 + ml-dtypes==0.5.4
 + mpmath==1.3.0
 + nest-asyncio==1.6.0
 + networkx==3.6.1
 + numpy==2.4.2
 + nvidia-cublas==13.1.1.3
 + nvidia-cuda-cupti==13.0.85
 + nvidia-cuda-nvrtc==13.0.88
 + nvidia-cuda-runtime==13.0.96
 + nvidia-cudnn-cu13==9.20.0.48
 + nvidia-cufft==12.0.0.61
 + nvidia-cufile==1.15.1.6
 + nvidia-curand==10.4.0.35
 + nvidia-cusolver==12.0.4.66
 + nvidia-cusparse==12.6.3.3
 + nvidia-cusparselt-cu13==0.8.1
 + nvidia-nccl-cu13==2.29.7
 + nvidia-nvjitlink==13.0.88
 + nvidia-nvshmem-cu13==3.4.5
 + nvidia-nvtx==13.0.85
 + opt-einsum==3.4.0
 + packaging==26.0
 + parso==0.8.6
 + pexpect==4.9.0
 + platformdirs==4.9.2
 + pooch==1.9.0
 + prompt-toolkit==3.0.52
 + psutil==7.2.2
 + ptyprocess==0.7.0
 + pure-eval==0.2.3
 + pygments==2.19.2
 + python-dateutil==2.9.0.post0
 + pyyaml==6.0.3
 + pyzmq==27.1.0
 + referencing==0.37.0
 + requests==2.32.5
 + rpds-py==0.30.0
 + scipy==1.17.1
 + setuptools==81.0.0
 + six==1.17.0
 + stack-data==0.6.3
 + sympy==1.14.0
 + torch==2.12.0
 + tornado==6.5.4
 + tqdm==4.67.3
 + traitlets==5.14.3
 + triton==3.7.0
 + typing-extensions==4.15.0
 + urllib3==2.6.3
 + wcwidth==0.6.0
 + widgetsnbextension==4.0.15
Resolved 10 packages in 237ms
Prepared 10 packages in 0.44ms
Uninstalled 10 packages in 281ms
warning: Failed to hardlink files; falling back to full copy. This may lead to degraded performance.
         If the cache and target directories are on different filesystems, hardlinking may not be supported.
         If this is intentional, set `export UV_LINK_MODE=copy` or use `--link-mode=copy` to suppress this warning.
Installed 10 packages in 796ms
 - filelock==3.29.0
 + filelock==3.32.3
 - fsspec==2026.4.0
 + fsspec==2026.7.0
 ~ jinja2==3.1.6
 ~ markupsafe==3.0.3
 ~ mpmath==1.3.0
 ~ networkx==3.6.1
 - setuptools==81.0.0
 + setuptools==78.1.0
 ~ sympy==1.14.0
 - torch==2.12.0
 + torch==2.12.0+cpu
 - typing-extensions==4.15.0
 + typing-extensions==4.16.0
Running publication-gate benchmarks
  features: system-mkl
  threads:  1
  profile:  full
  suite:    all
  output:   /workspaces/tenferro-benchmark/data/results/amd-cpu/cpu/einsum/20261008_044146/publication_gate_system-mkl_t1_full_all_20261008_044146.csv
  OMP_NUM_THREADS=1
  OMP_THREAD_LIMIT=1
  OMP_DYNAMIC=FALSE
  RAYON_NUM_THREADS=1
  OPENBLAS_NUM_THREADS=1
  GOTO_NUM_THREADS=1
  MKL_NUM_THREADS=1
  VECLIB_MAXIMUM_THREADS=1
  VECLIB_NUM_THREADS=1
  NUMEXPR_NUM_THREADS=1
  BLIS_NUM_THREADS=1
  PJRT_NPROC=1
  XLA_FLAGS=--xla_cpu_multi_thread_eigen=false --xla_cpu_experimental_ynn_fusion_type= intra_op_parallelism_threads=1
  JULIA_NUM_THREADS=1
    Finished `release` profile [optimized] target(s) in 0.17s
     Running `target/compatibility-mkl/release/publication_gate`
publication_gate: requested_threads=1 backend_threads=1 scope_rayon_threads=1 global_rayon_threads=1

thread 'tenferro-cpu-0' (52897) panicked at src/bin/publication_gate.rs:938:39:
prepared config
note: run with `RUST_BACKTRACE=1` environment variable to display a backtrace

thread 'tenferro-cpu-0' (52897) panicked at src/bin/publication_gate.rs:101:46:
benchmark tensor should be valid: RuntimeState { op: "eager_backend", phase: Execution, message: "lock poisoned" }

thread 'tenferro-cpu-0' (52897) panicked at src/bin/publication_gate.rs:101:46:
benchmark tensor should be valid: RuntimeState { op: "eager_backend", phase: Execution, message: "lock poisoned" }

thread 'tenferro-cpu-0' (52897) panicked at src/bin/publication_gate.rs:101:46:
benchmark tensor should be valid: RuntimeState { op: "eager_backend", phase: Execution, message: "lock poisoned" }

thread 'tenferro-cpu-0' (52897) panicked at src/bin/publication_gate.rs:101:46:
benchmark tensor should be valid: RuntimeState { op: "eager_backend", phase: Execution, message: "lock poisoned" }

thread 'tenferro-cpu-0' (52897) panicked at src/bin/publication_gate.rs:101:46:
benchmark tensor should be valid: RuntimeState { op: "eager_backend", phase: Execution, message: "lock poisoned" }

thread 'tenferro-cpu-0' (52897) panicked at src/bin/publication_gate.rs:101:46:
benchmark tensor should be valid: RuntimeState { op: "eager_backend", phase: Execution, message: "lock poisoned" }

thread 'tenferro-cpu-0' (52897) panicked at src/bin/publication_gate.rs:101:46:
benchmark tensor should be valid: RuntimeState { op: "eager_backend", phase: Execution, message: "lock poisoned" }

thread 'tenferro-cpu-0' (52897) panicked at src/bin/publication_gate.rs:101:46:
benchmark tensor should be valid: RuntimeState { op: "eager_backend", phase: Execution, message: "lock poisoned" }

thread 'tenferro-cpu-0' (52897) panicked at src/bin/publication_gate.rs:101:46:
benchmark tensor should be valid: RuntimeState { op: "eager_backend", phase: Execution, message: "lock poisoned" }

thread 'tenferro-cpu-0' (52897) panicked at src/bin/publication_gate.rs:101:46:
benchmark tensor should be valid: RuntimeState { op: "eager_backend", phase: Execution, message: "lock poisoned" }

thread 'tenferro-cpu-0' (52897) panicked at src/bin/publication_gate.rs:101:46:
benchmark tensor should be valid: RuntimeState { op: "eager_backend", phase: Execution, message: "lock poisoned" }

thread 'tenferro-cpu-0' (52897) panicked at src/bin/publication_gate.rs:101:46:
benchmark tensor should be valid: RuntimeState { op: "eager_backend", phase: Execution, message: "lock poisoned" }

thread 'tenferro-cpu-0' (52897) panicked at src/bin/publication_gate.rs:101:46:
benchmark tensor should be valid: RuntimeState { op: "eager_backend", phase: Execution, message: "lock poisoned" }

thread 'tenferro-cpu-0' (52897) panicked at src/bin/publication_gate.rs:101:46:
benchmark tensor should be valid: RuntimeState { op: "eager_backend", phase: Execution, message: "lock poisoned" }

thread 'tenferro-cpu-0' (52897) panicked at src/bin/publication_gate.rs:101:46:
benchmark tensor should be valid: RuntimeState { op: "eager_backend", phase: Execution, message: "lock poisoned" }

thread 'tenferro-cpu-0' (52897) panicked at src/bin/publication_gate.rs:101:46:
benchmark tensor should be valid: RuntimeState { op: "eager_backend", phase: Execution, message: "lock poisoned" }

thread 'tenferro-cpu-0' (52897) panicked at src/bin/publication_gate.rs:101:46:
benchmark tensor should be valid: RuntimeState { op: "eager_backend", phase: Execution, message: "lock poisoned" }

thread 'tenferro-cpu-0' (52897) panicked at src/bin/publication_gate.rs:101:46:
benchmark tensor should be valid: RuntimeState { op: "eager_backend", phase: Execution, message: "lock poisoned" }

thread 'tenferro-cpu-0' (52897) panicked at src/bin/publication_gate.rs:101:46:
benchmark tensor should be valid: RuntimeState { op: "eager_backend", phase: Execution, message: "lock poisoned" }

thread 'tenferro-cpu-0' (52897) panicked at src/bin/publication_gate.rs:101:46:
benchmark tensor should be valid: RuntimeState { op: "eager_backend", phase: Execution, message: "lock poisoned" }

thread 'tenferro-cpu-0' (52897) panicked at src/bin/publication_gate.rs:101:46:
benchmark tensor should be valid: RuntimeState { op: "eager_backend", phase: Execution, message: "lock poisoned" }

thread 'tenferro-cpu-0' (52897) panicked at src/bin/publication_gate.rs:101:46:
benchmark tensor should be valid: RuntimeState { op: "eager_backend", phase: Execution, message: "lock poisoned" }

thread 'tenferro-cpu-0' (52897) panicked at src/bin/publication_gate.rs:101:46:
benchmark tensor should be valid: RuntimeState { op: "eager_backend", phase: Execution, message: "lock poisoned" }

thread 'tenferro-cpu-0' (52897) panicked at src/bin/publication_gate.rs:101:46:
benchmark tensor should be valid: RuntimeState { op: "eager_backend", phase: Execution, message: "lock poisoned" }

thread 'tenferro-cpu-0' (52897) panicked at src/bin/publication_gate.rs:101:46:
benchmark tensor should be valid: RuntimeState { op: "eager_backend", phase: Execution, message: "lock poisoned" }

thread 'tenferro-cpu-0' (52897) panicked at src/bin/publication_gate.rs:101:46:
benchmark tensor should be valid: RuntimeState { op: "eager_backend", phase: Execution, message: "lock poisoned" }

thread 'tenferro-cpu-0' (52897) panicked at src/bin/publication_gate.rs:101:46:
benchmark tensor should be valid: RuntimeState { op: "eager_backend", phase: Execution, message: "lock poisoned" }

thread 'tenferro-cpu-0' (52897) panicked at src/bin/publication_gate.rs:101:46:
benchmark tensor should be valid: RuntimeState { op: "eager_backend", phase: Execution, message: "lock poisoned" }

thread 'tenferro-cpu-0' (52897) panicked at src/bin/publication_gate.rs:101:46:
benchmark tensor should be valid: RuntimeState { op: "eager_backend", phase: Execution, message: "lock poisoned" }

thread 'tenferro-cpu-0' (52897) panicked at src/bin/publication_gate.rs:101:46:
benchmark tensor should be valid: RuntimeState { op: "eager_backend", phase: Execution, message: "lock poisoned" }

thread 'tenferro-cpu-0' (52897) panicked at src/bin/publication_gate.rs:101:46:
benchmark tensor should be valid: RuntimeState { op: "eager_backend", phase: Execution, message: "lock poisoned" }

thread 'tenferro-cpu-0' (52897) panicked at src/bin/publication_gate.rs:101:46:
benchmark tensor should be valid: RuntimeState { op: "eager_backend", phase: Execution, message: "lock poisoned" }

thread 'tenferro-cpu-0' (52897) panicked at src/bin/publication_gate.rs:101:46:
benchmark tensor should be valid: RuntimeState { op: "eager_backend", phase: Execution, message: "lock poisoned" }

thread 'tenferro-cpu-0' (52897) panicked at src/bin/publication_gate.rs:101:46:
benchmark tensor should be valid: RuntimeState { op: "eager_backend", phase: Execution, message: "lock poisoned" }

thread 'tenferro-cpu-0' (52897) panicked at src/bin/publication_gate.rs:101:46:
benchmark tensor should be valid: RuntimeState { op: "eager_backend", phase: Execution, message: "lock poisoned" }

thread 'tenferro-cpu-0' (52897) panicked at src/bin/publication_gate.rs:101:46:
benchmark tensor should be valid: RuntimeState { op: "eager_backend", phase: Execution, message: "lock poisoned" }

thread 'tenferro-cpu-0' (52897) panicked at src/bin/publication_gate.rs:101:46:
benchmark tensor should be valid: RuntimeState { op: "eager_backend", phase: Execution, message: "lock poisoned" }

thread 'tenferro-cpu-0' (52897) panicked at src/bin/publication_gate.rs:101:46:
benchmark tensor should be valid: RuntimeState { op: "eager_backend", phase: Execution, message: "lock poisoned" }

thread 'tenferro-cpu-0' (52897) panicked at src/bin/publication_gate.rs:101:46:
benchmark tensor should be valid: RuntimeState { op: "eager_backend", phase: Execution, message: "lock poisoned" }

thread 'tenferro-cpu-0' (52897) panicked at src/bin/publication_gate.rs:101:46:
benchmark tensor should be valid: RuntimeState { op: "eager_backend", phase: Execution, message: "lock poisoned" }

thread 'tenferro-cpu-0' (52897) panicked at src/bin/publication_gate.rs:101:46:
benchmark tensor should be valid: RuntimeState { op: "eager_backend", phase: Execution, message: "lock poisoned" }

thread 'tenferro-cpu-0' (52897) panicked at src/bin/publication_gate.rs:101:46:
benchmark tensor should be valid: RuntimeState { op: "eager_backend", phase: Execution, message: "lock poisoned" }

thread 'tenferro-cpu-0' (52897) panicked at src/bin/publication_gate.rs:101:46:
benchmark tensor should be valid: RuntimeState { op: "eager_backend", phase: Execution, message: "lock poisoned" }

thread 'tenferro-cpu-0' (52897) panicked at src/bin/publication_gate.rs:101:46:
benchmark tensor should be valid: RuntimeState { op: "eager_backend", phase: Execution, message: "lock poisoned" }

thread 'tenferro-cpu-0' (52897) panicked at src/bin/publication_gate.rs:101:46:
benchmark tensor should be valid: RuntimeState { op: "eager_backend", phase: Execution, message: "lock poisoned" }

thread 'tenferro-cpu-0' (52897) panicked at src/bin/publication_gate.rs:101:46:
benchmark tensor should be valid: RuntimeState { op: "eager_backend", phase: Execution, message: "lock poisoned" }

thread 'tenferro-cpu-0' (52897) panicked at src/bin/publication_gate.rs:101:46:
benchmark tensor should be valid: RuntimeState { op: "eager_backend", phase: Execution, message: "lock poisoned" }

thread 'tenferro-cpu-0' (52897) panicked at src/bin/publication_gate.rs:101:46:
benchmark tensor should be valid: RuntimeState { op: "eager_backend", phase: Execution, message: "lock poisoned" }

thread 'tenferro-cpu-0' (52897) panicked at src/bin/publication_gate.rs:101:46:
benchmark tensor should be valid: RuntimeState { op: "eager_backend", phase: Execution, message: "lock poisoned" }

thread 'tenferro-cpu-0' (52897) panicked at src/bin/publication_gate.rs:101:46:
benchmark tensor should be valid: RuntimeState { op: "eager_backend", phase: Execution, message: "lock poisoned" }

thread 'tenferro-cpu-0' (52897) panicked at src/bin/publication_gate.rs:101:46:
benchmark tensor should be valid: RuntimeState { op: "eager_backend", phase: Execution, message: "lock poisoned" }

thread 'tenferro-cpu-0' (52897) panicked at src/bin/publication_gate.rs:101:46:
benchmark tensor should be valid: RuntimeState { op: "eager_backend", phase: Execution, message: "lock poisoned" }

thread 'tenferro-cpu-0' (52897) panicked at src/bin/publication_gate.rs:101:46:
benchmark tensor should be valid: RuntimeState { op: "eager_backend", phase: Execution, message: "lock poisoned" }

thread 'tenferro-cpu-0' (52897) panicked at src/bin/publication_gate.rs:101:46:
benchmark tensor should be valid: RuntimeState { op: "eager_backend", phase: Execution, message: "lock poisoned" }

thread 'tenferro-cpu-0' (52897) panicked at src/bin/publication_gate.rs:101:46:
benchmark tensor should be valid: RuntimeState { op: "eager_backend", phase: Execution, message: "lock poisoned" }

thread 'tenferro-cpu-0' (52897) panicked at src/bin/publication_gate.rs:101:46:
benchmark tensor should be valid: RuntimeState { op: "eager_backend", phase: Execution, message: "lock poisoned" }

thread 'tenferro-cpu-0' (52897) panicked at src/bin/publication_gate.rs:101:46:
benchmark tensor should be valid: RuntimeState { op: "eager_backend", phase: Execution, message: "lock poisoned" }

thread 'tenferro-cpu-0' (52897) panicked at src/bin/publication_gate.rs:101:46:
benchmark tensor should be valid: RuntimeState { op: "eager_backend", phase: Execution, message: "lock poisoned" }

thread 'tenferro-cpu-0' (52897) panicked at src/bin/publication_gate.rs:101:46:
benchmark tensor should be valid: RuntimeState { op: "eager_backend", phase: Execution, message: "lock poisoned" }

thread 'tenferro-cpu-0' (52897) panicked at src/bin/publication_gate.rs:101:46:
benchmark tensor should be valid: RuntimeState { op: "eager_backend", phase: Execution, message: "lock poisoned" }

thread 'tenferro-cpu-0' (52897) panicked at src/bin/publication_gate.rs:101:46:
benchmark tensor should be valid: RuntimeState { op: "eager_backend", phase: Execution, message: "lock poisoned" }

thread 'tenferro-cpu-0' (52897) panicked at src/bin/publication_gate.rs:101:46:
benchmark tensor should be valid: RuntimeState { op: "eager_backend", phase: Execution, message: "lock poisoned" }

thread 'tenferro-cpu-0' (52897) panicked at src/bin/publication_gate.rs:101:46:
benchmark tensor should be valid: RuntimeState { op: "eager_backend", phase: Execution, message: "lock poisoned" }

thread 'tenferro-cpu-0' (52897) panicked at src/bin/publication_gate.rs:101:46:
benchmark tensor should be valid: RuntimeState { op: "eager_backend", phase: Execution, message: "lock poisoned" }

thread 'tenferro-cpu-0' (52897) panicked at src/bin/publication_gate.rs:101:46:
benchmark tensor should be valid: RuntimeState { op: "eager_backend", phase: Execution, message: "lock poisoned" }

thread 'tenferro-cpu-0' (52897) panicked at src/bin/publication_gate.rs:101:46:
benchmark tensor should be valid: RuntimeState { op: "eager_backend", phase: Execution, message: "lock poisoned" }

thread 'tenferro-cpu-0' (52897) panicked at src/bin/publication_gate.rs:101:46:
benchmark tensor should be valid: RuntimeState { op: "eager_backend", phase: Execution, message: "lock poisoned" }

thread 'tenferro-cpu-0' (52897) panicked at src/bin/publication_gate.rs:101:46:
benchmark tensor should be valid: RuntimeState { op: "eager_backend", phase: Execution, message: "lock poisoned" }

thread 'tenferro-cpu-0' (52897) panicked at src/bin/publication_gate.rs:101:46:
benchmark tensor should be valid: RuntimeState { op: "eager_backend", phase: Execution, message: "lock poisoned" }

thread 'tenferro-cpu-0' (52897) panicked at src/bin/publication_gate.rs:101:46:
benchmark tensor should be valid: RuntimeState { op: "eager_backend", phase: Execution, message: "lock poisoned" }

thread 'tenferro-cpu-0' (52897) panicked at src/bin/publication_gate.rs:101:46:
benchmark tensor should be valid: RuntimeState { op: "eager_backend", phase: Execution, message: "lock poisoned" }

thread 'tenferro-cpu-0' (52897) panicked at src/bin/publication_gate.rs:101:46:
benchmark tensor should be valid: RuntimeState { op: "eager_backend", phase: Execution, message: "lock poisoned" }

thread 'tenferro-cpu-0' (52897) panicked at src/bin/publication_gate.rs:101:46:
benchmark tensor should be valid: RuntimeState { op: "eager_backend", phase: Execution, message: "lock poisoned" }

thread 'tenferro-cpu-0' (52897) panicked at src/bin/publication_gate.rs:101:46:
benchmark tensor should be valid: RuntimeState { op: "eager_backend", phase: Execution, message: "lock poisoned" }

thread 'tenferro-cpu-0' (52897) panicked at src/bin/publication_gate.rs:101:46:
benchmark tensor should be valid: RuntimeState { op: "eager_backend", phase: Execution, message: "lock poisoned" }

thread 'tenferro-cpu-0' (52897) panicked at src/bin/publication_gate.rs:101:46:
benchmark tensor should be valid: RuntimeState { op: "eager_backend", phase: Execution, message: "lock poisoned" }

thread 'tenferro-cpu-0' (52897) panicked at src/bin/publication_gate.rs:101:46:
benchmark tensor should be valid: RuntimeState { op: "eager_backend", phase: Execution, message: "lock poisoned" }

thread 'tenferro-cpu-0' (52897) panicked at src/bin/publication_gate.rs:101:46:
benchmark tensor should be valid: RuntimeState { op: "eager_backend", phase: Execution, message: "lock poisoned" }

thread 'tenferro-cpu-0' (52897) panicked at src/bin/publication_gate.rs:101:46:
benchmark tensor should be valid: RuntimeState { op: "eager_backend", phase: Execution, message: "lock poisoned" }
