Warning: skip gpu_perf_issues.json (missing field 'name')
Warning: skip gpu_permutation_mac_patterns.json (missing field 'name')
Warning: skip gpu_permutation_patterns.json (missing field 'name')
Warning: skip perf_issues.json (missing field 'name')
Warning: skip permutation_patterns.json (missing field 'name')
Warning: skip session_matrix.json (missing field 'name')
Warning: skip small_work.json (missing field 'name')
  [1/24] bin_batched_matmul_b32_m128_n128_k128...
  [2/24] bin_batched_matmul_b32_m64_n64_k64...
  [3/24] bin_batched_outer_product_compact_j16_k16_o64_t64...
  [4/24] bin_batched_outer_product_noncompact_j16_k16_o64_t64...
  [5/24] bin_elementwise_mul_2048x2048...
  [6/24] bin_elementwise_mul_512x512...
  [7/24] bin_matmul_1024...
  [8/24] bin_matmul_256...
  [9/24] bin_omeinsum_batched_matmul_8x8_batch_4...
  [10/24] bin_omeinsum_high_d_12x12_contract_4_batch_4...
  [11/24] bin_omeinsum_matmul_10x10...
  [12/24] bin_outer_product_4096...
  [13/24] bin_permuted_r4_abcd_dbef_acef_d32...
  [14/24] gm_queen5_5_3.wcsp...
For node `static_expand_dims`, rank 9 of tensor `output` exceeds YNN_MAX_TENSOR_RANK 8 (external/XNNPACK/ynnpack/subgraph/subgraph.cc:58)
  -> gm_queen5_5_3.wcsp (error: INTERNAL: Error dispatching computation: Error dispatching computation: Error dispatching computation: Error dispatching computation: Error dispatching computation: Error dispatching computation: Error dispatching computation: Error dispatching computation: Error dispatching computation: Error dispatching computation: YNNPACK operation failed: unsupported parameter)
  [15/24] lm_batch_likelihood_brackets_4_4d...
  [16/24] lm_batch_likelihood_sentence_3_12d...
  [17/24] lm_batch_likelihood_sentence_4_4d...
  [18/24] nary_matmul_chain_64...
  [19/24] str_matrix_chain_multiplication_100...
  [20/24] str_mps_varying_inner_product_200...
  [21/24] str_nw_mera_closed_120...
  [22/24] str_nw_mera_open_26...
  [23/24] tensornetwork_permutation_focus_step409_316...
  [24/24] tensornetwork_permutation_light_415...
  [1/24] bin_batched_matmul_b32_m128_n128_k128...
  -> bin_batched_matmul_b32_m128_n128_k128 strategy=opt_size: reusing previous measurement for identical path
  [2/24] bin_batched_matmul_b32_m64_n64_k64...
  -> bin_batched_matmul_b32_m64_n64_k64 strategy=opt_size: reusing previous measurement for identical path
  [3/24] bin_batched_outer_product_compact_j16_k16_o64_t64...
  -> bin_batched_outer_product_compact_j16_k16_o64_t64 strategy=opt_size: reusing previous measurement for identical path
  [4/24] bin_batched_outer_product_noncompact_j16_k16_o64_t64...
  -> bin_batched_outer_product_noncompact_j16_k16_o64_t64 strategy=opt_size: reusing previous measurement for identical path
  [5/24] bin_elementwise_mul_2048x2048...
  -> bin_elementwise_mul_2048x2048 strategy=opt_size: reusing previous measurement for identical path
  [6/24] bin_elementwise_mul_512x512...
  -> bin_elementwise_mul_512x512 strategy=opt_size: reusing previous measurement for identical path
  [7/24] bin_matmul_1024...
  -> bin_matmul_1024 strategy=opt_size: reusing previous measurement for identical path
  [8/24] bin_matmul_256...
  -> bin_matmul_256 strategy=opt_size: reusing previous measurement for identical path
  [9/24] bin_omeinsum_batched_matmul_8x8_batch_4...
  -> bin_omeinsum_batched_matmul_8x8_batch_4 strategy=opt_size: reusing previous measurement for identical path
  [10/24] bin_omeinsum_high_d_12x12_contract_4_batch_4...
  -> bin_omeinsum_high_d_12x12_contract_4_batch_4 strategy=opt_size: reusing previous measurement for identical path
  [11/24] bin_omeinsum_matmul_10x10...
  -> bin_omeinsum_matmul_10x10 strategy=opt_size: reusing previous measurement for identical path
  [12/24] bin_outer_product_4096...
  -> bin_outer_product_4096 strategy=opt_size: reusing previous measurement for identical path
  [13/24] bin_permuted_r4_abcd_dbef_acef_d32...
  -> bin_permuted_r4_abcd_dbef_acef_d32 strategy=opt_size: reusing previous measurement for identical path
  [14/24] gm_queen5_5_3.wcsp...
For node `static_expand_dims`, rank 10 of tensor `output` exceeds YNN_MAX_TENSOR_RANK 8 (external/XNNPACK/ynnpack/subgraph/subgraph.cc:58)
  -> gm_queen5_5_3.wcsp (error: INTERNAL: Error dispatching computation: Error dispatching computation: Error dispatching computation: Error dispatching computation: Error dispatching computation: Error dispatching computation: Error dispatching computation: Error dispatching computation: Error dispatching computation: Error dispatching computation: Error dispatching computation: Error dispatching computation: YNNPACK operation failed: unsupported parameter)
  [15/24] lm_batch_likelihood_brackets_4_4d...
  [16/24] lm_batch_likelihood_sentence_3_12d...
  [17/24] lm_batch_likelihood_sentence_4_4d...
  [18/24] nary_matmul_chain_64...
  -> nary_matmul_chain_64 strategy=opt_size: reusing previous measurement for identical path
  [19/24] str_matrix_chain_multiplication_100...
  [20/24] str_mps_varying_inner_product_200...
  [21/24] str_nw_mera_closed_120...
  [22/24] str_nw_mera_open_26...
  [23/24] tensornetwork_permutation_focus_step409_316...
  -> tensornetwork_permutation_focus_step409_316 strategy=opt_size: reusing previous measurement for identical path
  [24/24] tensornetwork_permutation_light_415...
  -> tensornetwork_permutation_light_415 strategy=opt_size: reusing previous measurement for identical path
jax-cpu einsum benchmark suite
==================================
Loaded 24 instances from /workspaces/t4a-2010-bench-migrate/data/instances
Backend: jax-cpu
OMP_NUM_THREADS=1
OMP_THREAD_LIMIT=1
OMP_DYNAMIC=FALSE
RAYON_NUM_THREADS=1
OPENBLAS_NUM_THREADS=1
GOTO_NUM_THREADS=1
MKL_NUM_THREADS=1
VECLIB_MAXIMUM_THREADS=1
VECLIB_NUM_THREADS=1
NUMEXPR_NUM_THREADS=1
BLIS_NUM_THREADS=1
PJRT_NPROC=1
XLA_FLAGS=--xla_cpu_multi_thread_eigen=false intra_op_parallelism_threads=1
JAX_DEFAULT_BACKEND=cpu
JAX_DOT_BACKEND=xla_cpu
Timing: median ± IQR of 15 runs (3 warmup), path precomputed

Strategy: opt_flops
Instance                                            Tensors log10FLOPS     log2SIZE  Median (ms)   IQR (ms)
----------------------------------------------------------------------------------------------------------
bin_batched_matmul_b32_m128_n128_k128                     2       7.83        19.00        3.313      0.300
bin_batched_matmul_b32_m64_n64_k64                        2       6.92        17.00        1.272      0.080
bin_batched_outer_product_compact_j16_k16_o64_t64         2       6.02        20.00        1.167      0.036
bin_batched_outer_product_noncompact_j16_k16_o64_t64        2       6.02        20.00        1.160      0.049
bin_elementwise_mul_2048x2048                             2       6.62        22.00       20.356      0.655
bin_elementwise_mul_512x512                               2       5.42        18.00        0.621      0.098
bin_matmul_1024                                           2       9.03        20.00       54.600      3.865
bin_matmul_256                                            2       7.22        16.00        2.414      0.101
bin_omeinsum_batched_matmul_8x8_batch_4                   2       2.71         4.00        0.420      0.024
bin_omeinsum_high_d_12x12_contract_4_batch_4              2       5.12        12.00        0.527      0.080
bin_omeinsum_matmul_10x10                                 2       4.82        10.00        0.305      0.024
bin_outer_product_4096                                    2       7.22        24.00       67.682      0.848
bin_permuted_r4_abcd_dbef_acef_d32                        2       9.33        20.00       46.818      1.508
gm_queen5_5_3.wcsp                                      160       9.75        26.94         SKIP          -
lm_batch_likelihood_brackets_4_4d                        84       8.37        18.96       12.865      0.456
lm_batch_likelihood_sentence_3_12d                       38       9.20        20.86       95.064      2.157
lm_batch_likelihood_sentence_4_4d                        84       8.46        18.89       13.657      0.446
nary_matmul_chain_64                                      3       5.24        12.00        0.169      0.014
str_matrix_chain_multiplication_100                     100       8.48        17.26       13.457      0.451
str_mps_varying_inner_product_200                       200       8.31        15.48       19.297      0.701
str_nw_mera_closed_120                                  120      10.66        25.02     1967.592     18.043
str_nw_mera_open_26                                      26      10.49        25.36     1691.471     16.689
tensornetwork_permutation_focus_step409_316             316       9.65        24.00      647.702     27.804
tensornetwork_permutation_light_415                     415       9.65        24.00      691.410      8.943

Strategy: opt_size
Instance                                            Tensors log10FLOPS     log2SIZE  Median (ms)   IQR (ms)
----------------------------------------------------------------------------------------------------------
bin_batched_matmul_b32_m128_n128_k128                     2       7.83        19.00        3.313      0.300
bin_batched_matmul_b32_m64_n64_k64                        2       6.92        17.00        1.272      0.080
bin_batched_outer_product_compact_j16_k16_o64_t64         2       6.02        20.00        1.167      0.036
bin_batched_outer_product_noncompact_j16_k16_o64_t64        2       6.02        20.00        1.160      0.049
bin_elementwise_mul_2048x2048                             2       6.62        22.00       20.356      0.655
bin_elementwise_mul_512x512                               2       5.42        18.00        0.621      0.098
bin_matmul_1024                                           2       9.03        20.00       54.600      3.865
bin_matmul_256                                            2       7.22        16.00        2.414      0.101
bin_omeinsum_batched_matmul_8x8_batch_4                   2       2.71         4.00        0.420      0.024
bin_omeinsum_high_d_12x12_contract_4_batch_4              2       5.12        12.00        0.527      0.080
bin_omeinsum_matmul_10x10                                 2       4.82        10.00        0.305      0.024
bin_outer_product_4096                                    2       7.22        24.00       67.682      0.848
bin_permuted_r4_abcd_dbef_acef_d32                        2       9.33        20.00       46.818      1.508
gm_queen5_5_3.wcsp                                      160      10.33        25.36         SKIP          -
lm_batch_likelihood_brackets_4_4d                        84       8.37        18.96       12.717      0.854
lm_batch_likelihood_sentence_3_12d                       38       9.20        20.86       51.357      1.550
lm_batch_likelihood_sentence_4_4d                        84       8.46        18.89       13.018      0.507
nary_matmul_chain_64                                      3       5.24        12.00        0.169      0.014
str_matrix_chain_multiplication_100                     100       8.48        17.26       15.697      0.816
str_mps_varying_inner_product_200                       200       8.31        15.48       19.334      0.283
str_nw_mera_closed_120                                  120      10.67        24.91     1594.256      4.927
str_nw_mera_open_26                                      26      10.49        25.36     1755.921     11.999
tensornetwork_permutation_focus_step409_316             316       9.65        24.00      647.702     27.804
tensornetwork_permutation_light_415                     415       9.65        24.00      691.410      8.943
