Warning: skip gpu_perf_issues.json (missing field 'name')
Warning: skip gpu_permutation_mac_patterns.json (missing field 'name')
Warning: skip gpu_permutation_patterns.json (missing field 'name')
Warning: skip perf_issues.json (missing field 'name')
Warning: skip permutation_patterns.json (missing field 'name')
Warning: skip session_matrix.json (missing field 'name')
Warning: skip small_work.json (missing field 'name')
  [1/24] bin_batched_matmul_b32_m128_n128_k128...
  [2/24] bin_batched_matmul_b32_m64_n64_k64...
  [3/24] bin_batched_outer_product_compact_j16_k16_o64_t64...
  [4/24] bin_batched_outer_product_noncompact_j16_k16_o64_t64...
  [5/24] bin_elementwise_mul_2048x2048...
  [6/24] bin_elementwise_mul_512x512...
  [7/24] bin_matmul_1024...
  [8/24] bin_matmul_256...
  [9/24] bin_omeinsum_batched_matmul_8x8_batch_4...
  [10/24] bin_omeinsum_high_d_12x12_contract_4_batch_4...
  [11/24] bin_omeinsum_matmul_10x10...
  [12/24] bin_outer_product_4096...
  [13/24] bin_permuted_r4_abcd_dbef_acef_d32...
  [14/24] gm_queen5_5_3.wcsp...
  [15/24] lm_batch_likelihood_brackets_4_4d...
  [16/24] lm_batch_likelihood_sentence_3_12d...
  [17/24] lm_batch_likelihood_sentence_4_4d...
  [18/24] nary_matmul_chain_64...
  [19/24] str_matrix_chain_multiplication_100...
  [20/24] str_mps_varying_inner_product_200...
  [21/24] str_nw_mera_closed_120...
  [22/24] str_nw_mera_open_26...
  [23/24] tensornetwork_permutation_focus_step409_316...
  [24/24] tensornetwork_permutation_light_415...
  [1/24] bin_batched_matmul_b32_m128_n128_k128...
  -> bin_batched_matmul_b32_m128_n128_k128 strategy=opt_size: reusing previous measurement for identical path
  [2/24] bin_batched_matmul_b32_m64_n64_k64...
  -> bin_batched_matmul_b32_m64_n64_k64 strategy=opt_size: reusing previous measurement for identical path
  [3/24] bin_batched_outer_product_compact_j16_k16_o64_t64...
  -> bin_batched_outer_product_compact_j16_k16_o64_t64 strategy=opt_size: reusing previous measurement for identical path
  [4/24] bin_batched_outer_product_noncompact_j16_k16_o64_t64...
  -> bin_batched_outer_product_noncompact_j16_k16_o64_t64 strategy=opt_size: reusing previous measurement for identical path
  [5/24] bin_elementwise_mul_2048x2048...
  -> bin_elementwise_mul_2048x2048 strategy=opt_size: reusing previous measurement for identical path
  [6/24] bin_elementwise_mul_512x512...
  -> bin_elementwise_mul_512x512 strategy=opt_size: reusing previous measurement for identical path
  [7/24] bin_matmul_1024...
  -> bin_matmul_1024 strategy=opt_size: reusing previous measurement for identical path
  [8/24] bin_matmul_256...
  -> bin_matmul_256 strategy=opt_size: reusing previous measurement for identical path
  [9/24] bin_omeinsum_batched_matmul_8x8_batch_4...
  -> bin_omeinsum_batched_matmul_8x8_batch_4 strategy=opt_size: reusing previous measurement for identical path
  [10/24] bin_omeinsum_high_d_12x12_contract_4_batch_4...
  -> bin_omeinsum_high_d_12x12_contract_4_batch_4 strategy=opt_size: reusing previous measurement for identical path
  [11/24] bin_omeinsum_matmul_10x10...
  -> bin_omeinsum_matmul_10x10 strategy=opt_size: reusing previous measurement for identical path
  [12/24] bin_outer_product_4096...
  -> bin_outer_product_4096 strategy=opt_size: reusing previous measurement for identical path
  [13/24] bin_permuted_r4_abcd_dbef_acef_d32...
  -> bin_permuted_r4_abcd_dbef_acef_d32 strategy=opt_size: reusing previous measurement for identical path
  [14/24] gm_queen5_5_3.wcsp...
  [15/24] lm_batch_likelihood_brackets_4_4d...
  [16/24] lm_batch_likelihood_sentence_3_12d...
  [17/24] lm_batch_likelihood_sentence_4_4d...
  [18/24] nary_matmul_chain_64...
  -> nary_matmul_chain_64 strategy=opt_size: reusing previous measurement for identical path
  [19/24] str_matrix_chain_multiplication_100...
  [20/24] str_mps_varying_inner_product_200...
  [21/24] str_nw_mera_closed_120...
  [22/24] str_nw_mera_open_26...
  [23/24] tensornetwork_permutation_focus_step409_316...
  -> tensornetwork_permutation_focus_step409_316 strategy=opt_size: reusing previous measurement for identical path
  [24/24] tensornetwork_permutation_light_415...
  -> tensornetwork_permutation_light_415 strategy=opt_size: reusing previous measurement for identical path
pytorch-cpu einsum benchmark suite
==================================
Loaded 24 instances from /workspaces/t4a-2010-bench-migrate/data/instances
Backend: pytorch-cpu
OMP_NUM_THREADS=1
OMP_THREAD_LIMIT=1
OMP_DYNAMIC=FALSE
RAYON_NUM_THREADS=1
OPENBLAS_NUM_THREADS=1
GOTO_NUM_THREADS=1
MKL_NUM_THREADS=1
VECLIB_MAXIMUM_THREADS=1
VECLIB_NUM_THREADS=1
NUMEXPR_NUM_THREADS=1
BLIS_NUM_THREADS=1
PJRT_NPROC=1
XLA_FLAGS=--xla_cpu_multi_thread_eigen=false intra_op_parallelism_threads=1
TORCH_NUM_THREADS=1
TORCH_NUM_INTEROP_THREADS=1
Timing: median ± IQR of 15 runs (3 warmup), path precomputed

Strategy: opt_flops
Instance                                            Tensors log10FLOPS     log2SIZE  Median (ms)   IQR (ms)
----------------------------------------------------------------------------------------------------------
bin_batched_matmul_b32_m128_n128_k128                     2       7.83        19.00        3.538      0.004
bin_batched_matmul_b32_m64_n64_k64                        2       6.92        17.00        0.567      0.005
bin_batched_outer_product_compact_j16_k16_o64_t64         2       6.02        20.00        0.175      0.017
bin_batched_outer_product_noncompact_j16_k16_o64_t64        2       6.02        20.00        0.179      0.030
bin_elementwise_mul_2048x2048                             2       6.62        22.00       18.141      1.372
bin_elementwise_mul_512x512                               2       5.42        18.00        0.139      0.017
bin_matmul_1024                                           2       9.03        20.00       51.919      1.043
bin_matmul_256                                            2       7.22        16.00        1.166      0.006
bin_omeinsum_batched_matmul_8x8_batch_4                   2       2.71         4.00        0.037      0.004
bin_omeinsum_high_d_12x12_contract_4_batch_4              2       5.12        12.00        0.126      0.005
bin_omeinsum_matmul_10x10                                 2       4.82        10.00        0.036      0.009
bin_outer_product_4096                                    2       7.22        24.00       61.352      1.274
bin_permuted_r4_abcd_dbef_acef_d32                        2       9.33        20.00       54.958      1.842
gm_queen5_5_3.wcsp                                      160       9.75        26.94     6395.060     18.993
lm_batch_likelihood_brackets_4_4d                        84       8.37        18.96       29.159      0.115
lm_batch_likelihood_sentence_3_12d                       38       9.20        20.86       58.426      1.027
lm_batch_likelihood_sentence_4_4d                        84       8.46        18.89       31.463      0.250
nary_matmul_chain_64                                      3       5.24        12.00        0.083      0.009
str_matrix_chain_multiplication_100                     100       8.48        17.26       14.448      0.677
str_mps_varying_inner_product_200                       200       8.31        15.48       21.813      0.243
str_nw_mera_closed_120                                  120      10.66        25.02     1903.403      7.265
str_nw_mera_open_26                                      26      10.49        25.36     1162.996      4.665
tensornetwork_permutation_focus_step409_316             316       9.65        24.00      816.437      7.001
tensornetwork_permutation_light_415                     415       9.65        24.00      781.676      4.375

Strategy: opt_size
Instance                                            Tensors log10FLOPS     log2SIZE  Median (ms)   IQR (ms)
----------------------------------------------------------------------------------------------------------
bin_batched_matmul_b32_m128_n128_k128                     2       7.83        19.00        3.538      0.004
bin_batched_matmul_b32_m64_n64_k64                        2       6.92        17.00        0.567      0.005
bin_batched_outer_product_compact_j16_k16_o64_t64         2       6.02        20.00        0.175      0.017
bin_batched_outer_product_noncompact_j16_k16_o64_t64        2       6.02        20.00        0.179      0.030
bin_elementwise_mul_2048x2048                             2       6.62        22.00       18.141      1.372
bin_elementwise_mul_512x512                               2       5.42        18.00        0.139      0.017
bin_matmul_1024                                           2       9.03        20.00       51.919      1.043
bin_matmul_256                                            2       7.22        16.00        1.166      0.006
bin_omeinsum_batched_matmul_8x8_batch_4                   2       2.71         4.00        0.037      0.004
bin_omeinsum_high_d_12x12_contract_4_batch_4              2       5.12        12.00        0.126      0.005
bin_omeinsum_matmul_10x10                                 2       4.82        10.00        0.036      0.009
bin_outer_product_4096                                    2       7.22        24.00       61.352      1.274
bin_permuted_r4_abcd_dbef_acef_d32                        2       9.33        20.00       54.958      1.842
gm_queen5_5_3.wcsp                                      160      10.33        25.36     2333.014     19.675
lm_batch_likelihood_brackets_4_4d                        84       8.37        18.96       30.980      0.310
lm_batch_likelihood_sentence_3_12d                       38       9.20        20.86       64.602      0.971
lm_batch_likelihood_sentence_4_4d                        84       8.46        18.89       32.935      0.182
nary_matmul_chain_64                                      3       5.24        12.00        0.083      0.009
str_matrix_chain_multiplication_100                     100       8.48        17.26       14.307      0.376
str_mps_varying_inner_product_200                       200       8.31        15.48       22.059      0.106
str_nw_mera_closed_120                                  120      10.67        24.91     1478.847     13.375
str_nw_mera_open_26                                      26      10.49        25.36     1200.401     14.504
tensornetwork_permutation_focus_step409_316             316       9.65        24.00      816.437      7.001
tensornetwork_permutation_light_415                     415       9.65        24.00      781.676      4.375
