    Finished `release` profile [optimized] target(s) in 0.13s
     Running `target/compatibility-mkl/release/tenferro-einsum-benchmark`
Warning: skip /workspaces/tenferro-benchmark/data/instances/gpu_perf_issues.json (parse failed: invalid type: map, expected a string at line 2 column 1)
Warning: skip /workspaces/tenferro-benchmark/data/instances/gpu_permutation_mac_patterns.json (parse failed: missing field `name` at line 75 column 1)
Warning: skip /workspaces/tenferro-benchmark/data/instances/gpu_permutation_patterns.json (parse failed: missing field `name` at line 112 column 1)
Warning: skip /workspaces/tenferro-benchmark/data/instances/perf_issues.json (parse failed: invalid type: map, expected a string at line 2 column 1)
Warning: skip /workspaces/tenferro-benchmark/data/instances/permutation_patterns.json (parse failed: missing field `name` at line 127 column 1)
Warning: skip /workspaces/tenferro-benchmark/data/instances/session_matrix.json (parse failed: invalid type: map, expected a string at line 2 column 2)
Warning: skip /workspaces/tenferro-benchmark/data/instances/small_work.json (parse failed: invalid type: map, expected a string at line 2 column 2)
tenferro-trace benchmark suite
==================================
Loaded 24 instances from /workspaces/tenferro-benchmark/data/instances
Backend: tenferro-trace
TENFERRO_CPU_BACKEND_KIND=blas
TENFERRO_CPU_PROVIDER=default
TENFERRO_OPT_DOT_DECOMPOSER=0
RAYON_NUM_THREADS=1, OMP_NUM_THREADS=1
Timing: median ± IQR of 15 runs (3 warmup), graph compiled once, executed through Runtime::run_compiled

Strategy: opt_flops
Instance                                            Tensors log10FLOPS     log2SIZE  Median (ms)   IQR (ms) Compile (ms)
------------------------------------------------------------------------------------------------------------------------
  [1/24] bin_batched_matmul_b32_m128_n128_k128...
bin_batched_matmul_b32_m128_n128_k128                     2       7.83        19.00        8.041      1.233        0.107
  [2/24] bin_batched_matmul_b32_m64_n64_k64...
bin_batched_matmul_b32_m64_n64_k64                        2       6.92        17.00        0.928      0.013        0.106
  [3/24] bin_batched_outer_product_compact_j16_k16_o64_t64...
bin_batched_outer_product_compact_j16_k16_o64_t64         2       6.02        20.00        0.228      0.011        0.048
  [4/24] bin_batched_outer_product_noncompact_j16_k16_o64_t64...
bin_batched_outer_product_noncompact_j16_k16_o64_t64        2       6.02        20.00        0.447      0.020        0.048
  [5/24] bin_elementwise_mul_2048x2048...
bin_elementwise_mul_2048x2048                             2       6.62        22.00        8.014      0.720        0.039
  [6/24] bin_elementwise_mul_512x512...
bin_elementwise_mul_512x512                               2       5.42        18.00        0.120      0.028        0.067
  [7/24] bin_matmul_1024...
bin_matmul_1024                                           2       9.03        20.00       73.319      0.251        0.060
  [8/24] bin_matmul_256...
bin_matmul_256                                            2       7.22        16.00        1.407      0.022        0.084
  [9/24] bin_omeinsum_batched_matmul_8x8_batch_4...
bin_omeinsum_batched_matmul_8x8_batch_4                   2       2.71         4.00        0.037      0.008        0.068
  [10/24] bin_omeinsum_high_d_12x12_contract_4_batch_4...
bin_omeinsum_high_d_12x12_contract_4_batch_4              2       5.12        12.00        0.086      0.027        0.066
  [11/24] bin_omeinsum_matmul_10x10...
bin_omeinsum_matmul_10x10                                 2       4.82        10.00        0.040      0.001        0.067
  [12/24] bin_outer_product_4096...
bin_outer_product_4096                                    2       7.22        24.00       32.203      0.792        0.030
  [13/24] bin_permuted_r4_abcd_dbef_acef_d32...
bin_permuted_r4_abcd_dbef_acef_d32                        2       9.33        20.00       64.389      0.071        0.086
  [14/24] gm_queen5_5_3.wcsp...
PathAnalysis: instance=gm_queen5_5_3.wcsp strategy=opt_flops steps=159 dot=13 outer=29 broadcast_mul=117 max_rank=17 max_intermediate_elements=129140163 total_intermediate_elements=592127821
PathWarning: instance=gm_queen5_5_3.wcsp strategy=opt_flops large_intermediate=true; compare path strategies before adding kernel-level optimizations
gm_queen5_5_3.wcsp                                      160       9.75        26.94     3730.311     29.708        3.720
  [15/24] lm_batch_likelihood_brackets_4_4d...
lm_batch_likelihood_brackets_4_4d                        84       8.37        18.96       29.651      0.163        1.776
  [16/24] lm_batch_likelihood_sentence_3_12d...
lm_batch_likelihood_sentence_3_12d                       38       9.20        20.86       72.438      0.290        2.963
  [17/24] lm_batch_likelihood_sentence_4_4d...
lm_batch_likelihood_sentence_4_4d                        84       8.46        18.89       30.104      0.327        1.789
  [18/24] nary_matmul_chain_64...
nary_matmul_chain_64                                      3       5.24        12.00        0.081      0.024        0.088
  [19/24] str_matrix_chain_multiplication_100...
str_matrix_chain_multiplication_100                     100       8.48        17.26       12.198      0.049        1.772
  [20/24] str_mps_varying_inner_product_200...
str_mps_varying_inner_product_200                       200       8.31        15.48       17.989      0.197        5.899
  [21/24] str_nw_mera_closed_120...
str_nw_mera_closed_120                                  120      10.66        25.02     1881.070     15.787        3.173
  [22/24] str_nw_mera_open_26...
str_nw_mera_open_26                                      26      10.49        25.36     1589.292     14.882        4.657
  [23/24] tensornetwork_permutation_focus_step409_316...
tensornetwork_permutation_focus_step409_316             316       9.65        24.00      360.671      1.948        9.331
  [24/24] tensornetwork_permutation_light_415...
tensornetwork_permutation_light_415                     415       9.65        24.00      351.515      2.001       13.240

Strategy: opt_size
Instance                                            Tensors log10FLOPS     log2SIZE  Median (ms)   IQR (ms) Compile (ms)
------------------------------------------------------------------------------------------------------------------------
  [1/24] bin_batched_matmul_b32_m128_n128_k128...
  -> bin_batched_matmul_b32_m128_n128_k128 strategy=opt_size: reusing previous measurement for identical path
bin_batched_matmul_b32_m128_n128_k128                     2       7.83        19.00        8.041      1.233        0.107
  [2/24] bin_batched_matmul_b32_m64_n64_k64...
  -> bin_batched_matmul_b32_m64_n64_k64 strategy=opt_size: reusing previous measurement for identical path
bin_batched_matmul_b32_m64_n64_k64                        2       6.92        17.00        0.928      0.013        0.106
  [3/24] bin_batched_outer_product_compact_j16_k16_o64_t64...
  -> bin_batched_outer_product_compact_j16_k16_o64_t64 strategy=opt_size: reusing previous measurement for identical path
bin_batched_outer_product_compact_j16_k16_o64_t64         2       6.02        20.00        0.228      0.011        0.048
  [4/24] bin_batched_outer_product_noncompact_j16_k16_o64_t64...
  -> bin_batched_outer_product_noncompact_j16_k16_o64_t64 strategy=opt_size: reusing previous measurement for identical path
bin_batched_outer_product_noncompact_j16_k16_o64_t64        2       6.02        20.00        0.447      0.020        0.048
  [5/24] bin_elementwise_mul_2048x2048...
  -> bin_elementwise_mul_2048x2048 strategy=opt_size: reusing previous measurement for identical path
bin_elementwise_mul_2048x2048                             2       6.62        22.00        8.014      0.720        0.039
  [6/24] bin_elementwise_mul_512x512...
  -> bin_elementwise_mul_512x512 strategy=opt_size: reusing previous measurement for identical path
bin_elementwise_mul_512x512                               2       5.42        18.00        0.120      0.028        0.067
  [7/24] bin_matmul_1024...
  -> bin_matmul_1024 strategy=opt_size: reusing previous measurement for identical path
bin_matmul_1024                                           2       9.03        20.00       73.319      0.251        0.060
  [8/24] bin_matmul_256...
  -> bin_matmul_256 strategy=opt_size: reusing previous measurement for identical path
bin_matmul_256                                            2       7.22        16.00        1.407      0.022        0.084
  [9/24] bin_omeinsum_batched_matmul_8x8_batch_4...
  -> bin_omeinsum_batched_matmul_8x8_batch_4 strategy=opt_size: reusing previous measurement for identical path
bin_omeinsum_batched_matmul_8x8_batch_4                   2       2.71         4.00        0.037      0.008        0.068
  [10/24] bin_omeinsum_high_d_12x12_contract_4_batch_4...
  -> bin_omeinsum_high_d_12x12_contract_4_batch_4 strategy=opt_size: reusing previous measurement for identical path
bin_omeinsum_high_d_12x12_contract_4_batch_4              2       5.12        12.00        0.086      0.027        0.066
  [11/24] bin_omeinsum_matmul_10x10...
  -> bin_omeinsum_matmul_10x10 strategy=opt_size: reusing previous measurement for identical path
bin_omeinsum_matmul_10x10                                 2       4.82        10.00        0.040      0.001        0.067
  [12/24] bin_outer_product_4096...
  -> bin_outer_product_4096 strategy=opt_size: reusing previous measurement for identical path
bin_outer_product_4096                                    2       7.22        24.00       32.203      0.792        0.030
  [13/24] bin_permuted_r4_abcd_dbef_acef_d32...
  -> bin_permuted_r4_abcd_dbef_acef_d32 strategy=opt_size: reusing previous measurement for identical path
bin_permuted_r4_abcd_dbef_acef_d32                        2       9.33        20.00       64.389      0.071        0.086
  [14/24] gm_queen5_5_3.wcsp...
gm_queen5_5_3.wcsp                                      160      10.33        25.36     1517.324      6.332        3.502
  [15/24] lm_batch_likelihood_brackets_4_4d...
lm_batch_likelihood_brackets_4_4d                        84       8.37        18.96       26.444      0.094        1.791
  [16/24] lm_batch_likelihood_sentence_3_12d...
lm_batch_likelihood_sentence_3_12d                       38       9.20        20.86       74.271      2.239        0.689
  [17/24] lm_batch_likelihood_sentence_4_4d...
lm_batch_likelihood_sentence_4_4d                        84       8.46        18.89       31.381      0.299        1.826
  [18/24] nary_matmul_chain_64...
  -> nary_matmul_chain_64 strategy=opt_size: reusing previous measurement for identical path
nary_matmul_chain_64                                      3       5.24        12.00        0.081      0.024        0.088
  [19/24] str_matrix_chain_multiplication_100...
str_matrix_chain_multiplication_100                     100       8.48        17.26       13.720      0.499        1.763
  [20/24] str_mps_varying_inner_product_200...
str_mps_varying_inner_product_200                       200       8.31        15.48       16.634      0.203        5.918
  [21/24] str_nw_mera_closed_120...
str_nw_mera_closed_120                                  120      10.67        24.91     1609.278      5.937        3.338
  [22/24] str_nw_mera_open_26...
str_nw_mera_open_26                                      26      10.49        25.36     1603.150      4.701        0.634
  [23/24] tensornetwork_permutation_focus_step409_316...
  -> tensornetwork_permutation_focus_step409_316 strategy=opt_size: reusing previous measurement for identical path
tensornetwork_permutation_focus_step409_316             316       9.65        24.00      360.671      1.948        9.331
  [24/24] tensornetwork_permutation_light_415...
  -> tensornetwork_permutation_light_415 strategy=opt_size: reusing previous measurement for identical path
tensornetwork_permutation_light_415                     415       9.65        24.00      351.515      2.001       13.240
