omeinsum-jl einsum benchmark suite
==================================
Loaded 19 instances from /Users/hiroshi/projects/tensor4all/tenferro-benchmark-m5-refresh/data/instances
Backend: omeinsum-jl
JULIA_NUM_THREADS=4
OMP_NUM_THREADS=4
OPENBLAS_NUM_THREADS=4
BLAS.get_num_threads()=4
Timing: median ± IQR of 15 runs (3 warmup), path precomputed (OMEinsum's own optimizer is not used)

Mode: omeinsum_path / Strategy: opt_flops
Instance                                            Tensors log10FLOPS     log2SIZE  Median (ms)   IQR (ms)
----------------------------------------------------------------------------------------------------------
bin_batched_matmul_b32_m128_n128_k128                     2       7.83        19.00        2.488      3.797
bin_batched_matmul_b32_m64_n64_k64                        2       6.92        17.00        0.625      0.154
bin_batched_outer_product_compact_j16_k16_o64_t64         2       6.02        20.00        0.337      0.063
bin_batched_outer_product_noncompact_j16_k16_o64_t64        2       6.02        20.00        0.724      0.449
bin_elementwise_mul_2048x2048                             2       6.62        22.00        1.040      0.563
bin_matmul_1024                                           2       9.03        20.00       16.388      3.459
bin_matmul_256                                            2       7.22        16.00        0.331      0.064
bin_outer_product_4096                                    2       7.22        24.00       72.577     14.203
gm_queen5_5_3.wcsp                                      160       9.75        26.94     1066.673     30.747
lm_batch_likelihood_brackets_4_4d                        84       8.37        18.96        9.990      1.383
lm_batch_likelihood_sentence_3_12d                       38       9.20        20.86       24.311     18.382
lm_batch_likelihood_sentence_4_4d                        84       8.46        18.89       21.607     12.276
nary_matmul_chain_64                                      3       5.24        12.00        0.042      0.003
str_matrix_chain_multiplication_100                     100       8.48        17.26        5.829      0.354
str_mps_varying_inner_product_200                       200       8.31        15.48       10.290      3.696
str_nw_mera_closed_120                                  120      10.66        25.02      315.088      2.556
str_nw_mera_open_26                                      26      10.49        25.36      271.698      4.512
tensornetwork_permutation_focus_step409_316             316       9.65        24.00      101.135     20.045
tensornetwork_permutation_light_415                     415       9.65        24.00       91.401     17.182

Mode: omeinsum_path / Strategy: opt_size
Instance                                            Tensors log10FLOPS     log2SIZE  Median (ms)   IQR (ms)
----------------------------------------------------------------------------------------------------------
bin_batched_matmul_b32_m128_n128_k128                     2       7.83        19.00        2.488      3.797
bin_batched_matmul_b32_m64_n64_k64                        2       6.92        17.00        0.625      0.154
bin_batched_outer_product_compact_j16_k16_o64_t64         2       6.02        20.00        0.337      0.063
bin_batched_outer_product_noncompact_j16_k16_o64_t64        2       6.02        20.00        0.724      0.449
bin_elementwise_mul_2048x2048                             2       6.62        22.00        1.040      0.563
bin_matmul_1024                                           2       9.03        20.00       16.388      3.459
bin_matmul_256                                            2       7.22        16.00        0.331      0.064
bin_outer_product_4096                                    2       7.22        24.00       72.577     14.203
gm_queen5_5_3.wcsp                                      160      10.33        25.36      406.154      5.977
lm_batch_likelihood_brackets_4_4d                        84       8.37        18.96       15.012     15.437
lm_batch_likelihood_sentence_3_12d                       38       9.20        20.86       35.092     16.891
lm_batch_likelihood_sentence_4_4d                        84       8.46        18.89       13.877     15.562
nary_matmul_chain_64                                      3       5.24        12.00        0.042      0.003
str_matrix_chain_multiplication_100                     100       8.48        17.26        5.779      0.256
str_mps_varying_inner_product_200                       200       8.31        15.48        9.121      5.060
str_nw_mera_closed_120                                  120      10.67        24.91      297.164      2.485
str_nw_mera_open_26                                      26      10.49        25.36      267.621     19.769
tensornetwork_permutation_focus_step409_316             316       9.65        24.00      101.135     20.045
tensornetwork_permutation_light_415                     415       9.65        24.00       91.401     17.182
