Using CPython 3.14.5
Creating virtual environment at: .venv
Installed 63 packages in 373ms
Warning: skip gpu_permutation_mac_patterns.json (missing field 'name')
Warning: skip gpu_permutation_patterns.json (missing field 'name')
Warning: skip permutation_patterns.json (missing field 'name')
Warning: skip small_work.json (missing field 'name')
  [1/19] bin_batched_matmul_b32_m128_n128_k128...
  [2/19] bin_batched_matmul_b32_m64_n64_k64...
  [3/19] bin_batched_outer_product_compact_j16_k16_o64_t64...
  [4/19] bin_batched_outer_product_noncompact_j16_k16_o64_t64...
  [5/19] bin_elementwise_mul_2048x2048...
  [6/19] bin_matmul_1024...
  [7/19] bin_matmul_256...
  [8/19] bin_outer_product_4096...
  [9/19] gm_queen5_5_3.wcsp...
  [10/19] lm_batch_likelihood_brackets_4_4d...
  [11/19] lm_batch_likelihood_sentence_3_12d...
  [12/19] lm_batch_likelihood_sentence_4_4d...
  [13/19] nary_matmul_chain_64...
  [14/19] str_matrix_chain_multiplication_100...
  [15/19] str_mps_varying_inner_product_200...
  [16/19] str_nw_mera_closed_120...
  [17/19] str_nw_mera_open_26...
  [18/19] tensornetwork_permutation_focus_step409_316...
  [19/19] tensornetwork_permutation_light_415...
  [1/19] bin_batched_matmul_b32_m128_n128_k128...
  -> bin_batched_matmul_b32_m128_n128_k128 strategy=opt_size: reusing previous measurement for identical path
  [2/19] bin_batched_matmul_b32_m64_n64_k64...
  -> bin_batched_matmul_b32_m64_n64_k64 strategy=opt_size: reusing previous measurement for identical path
  [3/19] bin_batched_outer_product_compact_j16_k16_o64_t64...
  -> bin_batched_outer_product_compact_j16_k16_o64_t64 strategy=opt_size: reusing previous measurement for identical path
  [4/19] bin_batched_outer_product_noncompact_j16_k16_o64_t64...
  -> bin_batched_outer_product_noncompact_j16_k16_o64_t64 strategy=opt_size: reusing previous measurement for identical path
  [5/19] bin_elementwise_mul_2048x2048...
  -> bin_elementwise_mul_2048x2048 strategy=opt_size: reusing previous measurement for identical path
  [6/19] bin_matmul_1024...
  -> bin_matmul_1024 strategy=opt_size: reusing previous measurement for identical path
  [7/19] bin_matmul_256...
  -> bin_matmul_256 strategy=opt_size: reusing previous measurement for identical path
  [8/19] bin_outer_product_4096...
  -> bin_outer_product_4096 strategy=opt_size: reusing previous measurement for identical path
  [9/19] gm_queen5_5_3.wcsp...
  [10/19] lm_batch_likelihood_brackets_4_4d...
  [11/19] lm_batch_likelihood_sentence_3_12d...
  [12/19] lm_batch_likelihood_sentence_4_4d...
  [13/19] nary_matmul_chain_64...
  -> nary_matmul_chain_64 strategy=opt_size: reusing previous measurement for identical path
  [14/19] str_matrix_chain_multiplication_100...
  [15/19] str_mps_varying_inner_product_200...
  [16/19] str_nw_mera_closed_120...
  [17/19] str_nw_mera_open_26...
  [18/19] tensornetwork_permutation_focus_step409_316...
  -> tensornetwork_permutation_focus_step409_316 strategy=opt_size: reusing previous measurement for identical path
  [19/19] tensornetwork_permutation_light_415...
  -> tensornetwork_permutation_light_415 strategy=opt_size: reusing previous measurement for identical path
pytorch-cpu einsum benchmark suite
==================================
Loaded 19 instances from /Users/hiroshi/projects/tensor4all/tenferro-benchmark-m5-refresh/data/instances
Backend: pytorch-cpu
OMP_NUM_THREADS=4
OMP_THREAD_LIMIT=4
OMP_DYNAMIC=FALSE
RAYON_NUM_THREADS=4
OPENBLAS_NUM_THREADS=4
GOTO_NUM_THREADS=4
MKL_NUM_THREADS=4
VECLIB_MAXIMUM_THREADS=4
VECLIB_NUM_THREADS=4
NUMEXPR_NUM_THREADS=4
BLIS_NUM_THREADS=4
XLA_FLAGS=--xla_cpu_multi_thread_eigen=true intra_op_parallelism_threads=4
TORCH_NUM_THREADS=4
TORCH_NUM_INTEROP_THREADS=4
Timing: median ± IQR of 15 runs (3 warmup), path precomputed

Strategy: opt_flops
Instance                                            Tensors log10FLOPS     log2SIZE  Median (ms)   IQR (ms)
----------------------------------------------------------------------------------------------------------
bin_batched_matmul_b32_m128_n128_k128                     2       7.83        19.00        0.381      0.023
bin_batched_matmul_b32_m64_n64_k64                        2       6.92        17.00        0.091      0.004
bin_batched_outer_product_compact_j16_k16_o64_t64         2       6.02        20.00        0.053      0.005
bin_batched_outer_product_noncompact_j16_k16_o64_t64        2       6.02        20.00        0.055      0.007
bin_elementwise_mul_2048x2048                             2       6.62        22.00        0.594      0.045
bin_matmul_1024                                           2       9.03        20.00        5.200      0.359
bin_matmul_256                                            2       7.22        16.00        0.089      0.010
bin_outer_product_4096                                    2       7.22        24.00        0.591      0.025
gm_queen5_5_3.wcsp                                      160       9.75        26.94      487.361     10.806
lm_batch_likelihood_brackets_4_4d                        84       8.37        18.96        8.035      0.179
lm_batch_likelihood_sentence_3_12d                       38       9.20        20.86       19.069      0.260
lm_batch_likelihood_sentence_4_4d                        84       8.46        18.89        8.101      0.643
nary_matmul_chain_64                                      3       5.24        12.00        0.013      0.000
str_matrix_chain_multiplication_100                     100       8.48        17.26        2.179      0.167
str_mps_varying_inner_product_200                       200       8.31        15.48        3.746      0.196
str_nw_mera_closed_120                                  120      10.66        25.02      144.000      1.340
str_nw_mera_open_26                                      26      10.49        25.36      122.755      1.595
tensornetwork_permutation_focus_step409_316             316       9.65        24.00       79.998      2.273
tensornetwork_permutation_light_415                     415       9.65        24.00       76.923      0.270

Strategy: opt_size
Instance                                            Tensors log10FLOPS     log2SIZE  Median (ms)   IQR (ms)
----------------------------------------------------------------------------------------------------------
bin_batched_matmul_b32_m128_n128_k128                     2       7.83        19.00        0.381      0.023
bin_batched_matmul_b32_m64_n64_k64                        2       6.92        17.00        0.091      0.004
bin_batched_outer_product_compact_j16_k16_o64_t64         2       6.02        20.00        0.053      0.005
bin_batched_outer_product_noncompact_j16_k16_o64_t64        2       6.02        20.00        0.055      0.007
bin_elementwise_mul_2048x2048                             2       6.62        22.00        0.594      0.045
bin_matmul_1024                                           2       9.03        20.00        5.200      0.359
bin_matmul_256                                            2       7.22        16.00        0.089      0.010
bin_outer_product_4096                                    2       7.22        24.00        0.591      0.025
gm_queen5_5_3.wcsp                                      160      10.33        25.36      209.720      6.304
lm_batch_likelihood_brackets_4_4d                        84       8.37        18.96       10.198      0.446
lm_batch_likelihood_sentence_3_12d                       38       9.20        20.86       19.575      0.339
lm_batch_likelihood_sentence_4_4d                        84       8.46        18.89       10.135      0.500
nary_matmul_chain_64                                      3       5.24        12.00        0.013      0.000
str_matrix_chain_multiplication_100                     100       8.48        17.26        2.204      0.044
str_mps_varying_inner_product_200                       200       8.31        15.48        9.072      0.502
str_nw_mera_closed_120                                  120      10.67        24.91      129.622      7.123
str_nw_mera_open_26                                      26      10.49        25.36      124.311      0.824
tensornetwork_permutation_focus_step409_316             316       9.65        24.00       79.998      2.273
tensornetwork_permutation_light_415                     415       9.65        24.00       76.923      0.270
