    Finished `release` profile [optimized] target(s) in 0.11s
     Running `target/release/tenferro-einsum-benchmark`
Warning: skip /Users/hiroshi/projects/tensor4all/tenferro-benchmark-m5-refresh/data/instances/gpu_permutation_mac_patterns.json (parse failed: missing field `name` at line 75 column 1)
Warning: skip /Users/hiroshi/projects/tensor4all/tenferro-benchmark-m5-refresh/data/instances/gpu_permutation_patterns.json (parse failed: missing field `name` at line 112 column 1)
Warning: skip /Users/hiroshi/projects/tensor4all/tenferro-benchmark-m5-refresh/data/instances/permutation_patterns.json (parse failed: missing field `name` at line 127 column 1)
Warning: skip /Users/hiroshi/projects/tensor4all/tenferro-benchmark-m5-refresh/data/instances/small_work.json (parse failed: invalid type: map, expected a string at line 2 column 2)
tenferro-trace benchmark suite
==================================
Loaded 19 instances from /Users/hiroshi/projects/tensor4all/tenferro-benchmark-m5-refresh/data/instances
Backend: tenferro-trace
TENFERRO_CPU_BACKEND_KIND=blas
TENFERRO_OPT_DOT_DECOMPOSER=0
RAYON_NUM_THREADS=4, OMP_NUM_THREADS=4
Timing: median ± IQR of 15 runs (3 warmup), graph compiled once, executed through Runtime::run_compiled

Strategy: opt_flops
Instance                                            Tensors log10FLOPS     log2SIZE  Median (ms)   IQR (ms) Compile (ms)
------------------------------------------------------------------------------------------------------------------------
  [1/19] bin_batched_matmul_b32_m128_n128_k128...
bin_batched_matmul_b32_m128_n128_k128                     2       7.83        19.00        0.912      0.181        0.449
  [2/19] bin_batched_matmul_b32_m64_n64_k64...
bin_batched_matmul_b32_m64_n64_k64                        2       6.92        17.00        0.212      0.020        0.026
  [3/19] bin_batched_outer_product_compact_j16_k16_o64_t64...
bin_batched_outer_product_compact_j16_k16_o64_t64         2       6.02        20.00        0.081      0.012        0.021
  [4/19] bin_batched_outer_product_noncompact_j16_k16_o64_t64...
bin_batched_outer_product_noncompact_j16_k16_o64_t64        2       6.02        20.00        0.177      0.011        0.016
  [5/19] bin_elementwise_mul_2048x2048...
bin_elementwise_mul_2048x2048                             2       6.62        22.00        0.614      0.044        0.014
  [6/19] bin_matmul_1024...
bin_matmul_1024                                           2       9.03        20.00        5.447      0.135        0.021
  [7/19] bin_matmul_256...
bin_matmul_256                                            2       7.22        16.00        0.162      0.006        0.023
  [8/19] bin_outer_product_4096...
bin_outer_product_4096                                    2       7.22        24.00        0.608      0.035        0.014
  [9/19] gm_queen5_5_3.wcsp...
PathAnalysis: instance=gm_queen5_5_3.wcsp strategy=opt_flops steps=159 dot=13 outer=29 broadcast_mul=117 max_rank=17 max_intermediate_elements=129140163 total_intermediate_elements=592127821
PathWarning: instance=gm_queen5_5_3.wcsp strategy=opt_flops large_intermediate=true; compare path strategies before adding kernel-level optimizations
gm_queen5_5_3.wcsp                                      160       9.75        26.94      557.089     30.678        1.557
  [10/19] lm_batch_likelihood_brackets_4_4d...
lm_batch_likelihood_brackets_4_4d                        84       8.37        18.96        7.903      0.153        0.853
  [11/19] lm_batch_likelihood_sentence_3_12d...
lm_batch_likelihood_sentence_3_12d                       38       9.20        20.86        9.705      0.168        0.289
  [12/19] lm_batch_likelihood_sentence_4_4d...
lm_batch_likelihood_sentence_4_4d                        84       8.46        18.89        8.140      0.209        0.841
  [13/19] nary_matmul_chain_64...
nary_matmul_chain_64                                      3       5.24        12.00        0.049      0.009        0.032
  [14/19] str_matrix_chain_multiplication_100...
str_matrix_chain_multiplication_100                     100       8.48        17.26        3.180      0.127        0.793
  [15/19] str_mps_varying_inner_product_200...
str_mps_varying_inner_product_200                       200       8.31        15.48        7.555      0.196        2.958
  [16/19] str_nw_mera_closed_120...
str_nw_mera_closed_120                                  120      10.66        25.02      151.128      1.981        1.520
  [17/19] str_nw_mera_open_26...
str_nw_mera_open_26                                      26      10.49        25.36      148.260      5.243        0.263
  [18/19] tensornetwork_permutation_focus_step409_316...
tensornetwork_permutation_focus_step409_316             316       9.65        24.00       94.444      1.266        3.984
  [19/19] tensornetwork_permutation_light_415...
tensornetwork_permutation_light_415                     415       9.65        24.00       89.787     19.258        6.232

Strategy: opt_size
Instance                                            Tensors log10FLOPS     log2SIZE  Median (ms)   IQR (ms) Compile (ms)
------------------------------------------------------------------------------------------------------------------------
  [1/19] bin_batched_matmul_b32_m128_n128_k128...
  -> bin_batched_matmul_b32_m128_n128_k128 strategy=opt_size: reusing previous measurement for identical path
bin_batched_matmul_b32_m128_n128_k128                     2       7.83        19.00        0.912      0.181        0.449
  [2/19] bin_batched_matmul_b32_m64_n64_k64...
  -> bin_batched_matmul_b32_m64_n64_k64 strategy=opt_size: reusing previous measurement for identical path
bin_batched_matmul_b32_m64_n64_k64                        2       6.92        17.00        0.212      0.020        0.026
  [3/19] bin_batched_outer_product_compact_j16_k16_o64_t64...
  -> bin_batched_outer_product_compact_j16_k16_o64_t64 strategy=opt_size: reusing previous measurement for identical path
bin_batched_outer_product_compact_j16_k16_o64_t64         2       6.02        20.00        0.081      0.012        0.021
  [4/19] bin_batched_outer_product_noncompact_j16_k16_o64_t64...
  -> bin_batched_outer_product_noncompact_j16_k16_o64_t64 strategy=opt_size: reusing previous measurement for identical path
bin_batched_outer_product_noncompact_j16_k16_o64_t64        2       6.02        20.00        0.177      0.011        0.016
  [5/19] bin_elementwise_mul_2048x2048...
  -> bin_elementwise_mul_2048x2048 strategy=opt_size: reusing previous measurement for identical path
bin_elementwise_mul_2048x2048                             2       6.62        22.00        0.614      0.044        0.014
  [6/19] bin_matmul_1024...
  -> bin_matmul_1024 strategy=opt_size: reusing previous measurement for identical path
bin_matmul_1024                                           2       9.03        20.00        5.447      0.135        0.021
  [7/19] bin_matmul_256...
  -> bin_matmul_256 strategy=opt_size: reusing previous measurement for identical path
bin_matmul_256                                            2       7.22        16.00        0.162      0.006        0.023
  [8/19] bin_outer_product_4096...
  -> bin_outer_product_4096 strategy=opt_size: reusing previous measurement for identical path
bin_outer_product_4096                                    2       7.22        24.00        0.608      0.035        0.014
  [9/19] gm_queen5_5_3.wcsp...
gm_queen5_5_3.wcsp                                      160      10.33        25.36      139.551      4.741        1.603
  [10/19] lm_batch_likelihood_brackets_4_4d...
lm_batch_likelihood_brackets_4_4d                        84       8.37        18.96        8.407      0.093        0.792
  [11/19] lm_batch_likelihood_sentence_3_12d...
lm_batch_likelihood_sentence_3_12d                       38       9.20        20.86       10.369      0.198        0.288
  [12/19] lm_batch_likelihood_sentence_4_4d...
lm_batch_likelihood_sentence_4_4d                        84       8.46        18.89        8.673      0.130        0.816
  [13/19] nary_matmul_chain_64...
  -> nary_matmul_chain_64 strategy=opt_size: reusing previous measurement for identical path
nary_matmul_chain_64                                      3       5.24        12.00        0.049      0.009        0.032
  [14/19] str_matrix_chain_multiplication_100...
str_matrix_chain_multiplication_100                     100       8.48        17.26        3.182      0.200        0.782
  [15/19] str_mps_varying_inner_product_200...
str_mps_varying_inner_product_200                       200       8.31        15.48        8.505      0.201        2.968
  [16/19] str_nw_mera_closed_120...
str_nw_mera_closed_120                                  120      10.67        24.91      133.568      1.731        1.643
  [17/19] str_nw_mera_open_26...
str_nw_mera_open_26                                      26      10.49        25.36      151.924      3.871        0.276
  [18/19] tensornetwork_permutation_focus_step409_316...
  -> tensornetwork_permutation_focus_step409_316 strategy=opt_size: reusing previous measurement for identical path
tensornetwork_permutation_focus_step409_316             316       9.65        24.00       94.444      1.266        3.984
  [19/19] tensornetwork_permutation_light_415...
  -> tensornetwork_permutation_light_415 strategy=opt_size: reusing previous measurement for identical path
tensornetwork_permutation_light_415                     415       9.65        24.00       89.787     19.258        6.232
