Warning: skip gpu_permutation_mac_patterns.json (missing field 'name')
Warning: skip gpu_permutation_patterns.json (missing field 'name')
Warning: skip permutation_patterns.json (missing field 'name')
Warning: skip session_matrix.json (missing field 'name')
Warning: skip small_work.json (missing field 'name')
  [1/19] bin_batched_matmul_b32_m128_n128_k128...
  [2/19] bin_batched_matmul_b32_m64_n64_k64...
  [3/19] bin_batched_outer_product_compact_j16_k16_o64_t64...
  [4/19] bin_batched_outer_product_noncompact_j16_k16_o64_t64...
  [5/19] bin_elementwise_mul_2048x2048...
  [6/19] bin_matmul_1024...
  [7/19] bin_matmul_256...
  [8/19] bin_outer_product_4096...
  [9/19] gm_queen5_5_3.wcsp...
  [10/19] lm_batch_likelihood_brackets_4_4d...
  [11/19] lm_batch_likelihood_sentence_3_12d...
  [12/19] lm_batch_likelihood_sentence_4_4d...
  [13/19] nary_matmul_chain_64...
  [14/19] str_matrix_chain_multiplication_100...
  [15/19] str_mps_varying_inner_product_200...
  [16/19] str_nw_mera_closed_120...
  [17/19] str_nw_mera_open_26...
  [18/19] tensornetwork_permutation_focus_step409_316...
  [19/19] tensornetwork_permutation_light_415...
  [1/19] bin_batched_matmul_b32_m128_n128_k128...
  -> bin_batched_matmul_b32_m128_n128_k128 strategy=opt_size: reusing previous measurement for identical path
  [2/19] bin_batched_matmul_b32_m64_n64_k64...
  -> bin_batched_matmul_b32_m64_n64_k64 strategy=opt_size: reusing previous measurement for identical path
  [3/19] bin_batched_outer_product_compact_j16_k16_o64_t64...
  -> bin_batched_outer_product_compact_j16_k16_o64_t64 strategy=opt_size: reusing previous measurement for identical path
  [4/19] bin_batched_outer_product_noncompact_j16_k16_o64_t64...
  -> bin_batched_outer_product_noncompact_j16_k16_o64_t64 strategy=opt_size: reusing previous measurement for identical path
  [5/19] bin_elementwise_mul_2048x2048...
  -> bin_elementwise_mul_2048x2048 strategy=opt_size: reusing previous measurement for identical path
  [6/19] bin_matmul_1024...
  -> bin_matmul_1024 strategy=opt_size: reusing previous measurement for identical path
  [7/19] bin_matmul_256...
  -> bin_matmul_256 strategy=opt_size: reusing previous measurement for identical path
  [8/19] bin_outer_product_4096...
  -> bin_outer_product_4096 strategy=opt_size: reusing previous measurement for identical path
  [9/19] gm_queen5_5_3.wcsp...
  [10/19] lm_batch_likelihood_brackets_4_4d...
  [11/19] lm_batch_likelihood_sentence_3_12d...
  [12/19] lm_batch_likelihood_sentence_4_4d...
  [13/19] nary_matmul_chain_64...
  -> nary_matmul_chain_64 strategy=opt_size: reusing previous measurement for identical path
  [14/19] str_matrix_chain_multiplication_100...
  [15/19] str_mps_varying_inner_product_200...
  [16/19] str_nw_mera_closed_120...
  [17/19] str_nw_mera_open_26...
  [18/19] tensornetwork_permutation_focus_step409_316...
  -> tensornetwork_permutation_focus_step409_316 strategy=opt_size: reusing previous measurement for identical path
  [19/19] tensornetwork_permutation_light_415...
  -> tensornetwork_permutation_light_415 strategy=opt_size: reusing previous measurement for identical path
jax-cpu einsum benchmark suite
==================================
Loaded 19 instances from /Users/hiroshi/projects/tensor4all/tenferro-benchmark-m5-refresh/data/instances
Backend: jax-cpu
OMP_NUM_THREADS=4
OMP_THREAD_LIMIT=4
OMP_DYNAMIC=FALSE
RAYON_NUM_THREADS=4
OPENBLAS_NUM_THREADS=4
GOTO_NUM_THREADS=4
MKL_NUM_THREADS=4
VECLIB_MAXIMUM_THREADS=4
VECLIB_NUM_THREADS=4
NUMEXPR_NUM_THREADS=4
BLIS_NUM_THREADS=4
PJRT_NPROC=4
XLA_FLAGS=--xla_cpu_multi_thread_eigen=true intra_op_parallelism_threads=4
JAX_DEFAULT_BACKEND=cpu
JAX_DOT_BACKEND=xla_cpu
Timing: median ± IQR of 15 runs (3 warmup), path precomputed

Strategy: opt_flops
Instance                                            Tensors log10FLOPS     log2SIZE  Median (ms)   IQR (ms)
----------------------------------------------------------------------------------------------------------
bin_batched_matmul_b32_m128_n128_k128                     2       7.83        19.00        0.646      0.071
bin_batched_matmul_b32_m64_n64_k64                        2       6.92        17.00        0.155      0.018
bin_batched_outer_product_compact_j16_k16_o64_t64         2       6.02        20.00        0.117      0.014
bin_batched_outer_product_noncompact_j16_k16_o64_t64        2       6.02        20.00        0.121      0.038
bin_elementwise_mul_2048x2048                             2       6.62        22.00        0.775      0.044
bin_matmul_1024                                           2       9.03        20.00        9.414      0.086
bin_matmul_256                                            2       7.22        16.00        0.233      0.020
bin_outer_product_4096                                    2       7.22        24.00        0.629      0.045
gm_queen5_5_3.wcsp                                      160       9.75        26.94      693.427     17.711
lm_batch_likelihood_brackets_4_4d                        84       8.37        18.96        7.069      0.181
lm_batch_likelihood_sentence_3_12d                       38       9.20        20.86       12.046      0.226
lm_batch_likelihood_sentence_4_4d                        84       8.46        18.89        7.128      0.264
nary_matmul_chain_64                                      3       5.24        12.00        0.062      0.009
str_matrix_chain_multiplication_100                     100       8.48        17.26        8.071      0.361
str_mps_varying_inner_product_200                       200       8.31        15.48       16.217      0.341
str_nw_mera_closed_120                                  120      10.66        25.02      252.215      4.985
str_nw_mera_open_26                                      26      10.49        25.36      185.111      4.058
tensornetwork_permutation_focus_step409_316             316       9.65        24.00       92.316      1.256
tensornetwork_permutation_light_415                     415       9.65        24.00       96.131      2.119

Strategy: opt_size
Instance                                            Tensors log10FLOPS     log2SIZE  Median (ms)   IQR (ms)
----------------------------------------------------------------------------------------------------------
bin_batched_matmul_b32_m128_n128_k128                     2       7.83        19.00        0.646      0.071
bin_batched_matmul_b32_m64_n64_k64                        2       6.92        17.00        0.155      0.018
bin_batched_outer_product_compact_j16_k16_o64_t64         2       6.02        20.00        0.117      0.014
bin_batched_outer_product_noncompact_j16_k16_o64_t64        2       6.02        20.00        0.121      0.038
bin_elementwise_mul_2048x2048                             2       6.62        22.00        0.775      0.044
bin_matmul_1024                                           2       9.03        20.00        9.414      0.086
bin_matmul_256                                            2       7.22        16.00        0.233      0.020
bin_outer_product_4096                                    2       7.22        24.00        0.629      0.045
gm_queen5_5_3.wcsp                                      160      10.33        25.36      265.197      2.374
lm_batch_likelihood_brackets_4_4d                        84       8.37        18.96        6.667      0.135
lm_batch_likelihood_sentence_3_12d                       38       9.20        20.86       12.315      0.145
lm_batch_likelihood_sentence_4_4d                        84       8.46        18.89        6.450      0.255
nary_matmul_chain_64                                      3       5.24        12.00        0.062      0.009
str_matrix_chain_multiplication_100                     100       8.48        17.26        7.992      0.447
str_mps_varying_inner_product_200                       200       8.31        15.48       17.215      0.403
str_nw_mera_closed_120                                  120      10.67        24.91      251.120      1.297
str_nw_mera_open_26                                      26      10.49        25.36      193.525      0.868
tensornetwork_permutation_focus_step409_316             316       9.65        24.00       92.316      1.256
tensornetwork_permutation_light_415                     415       9.65        24.00       96.131      2.119
