omeinsum-jl einsum benchmark suite
==================================
Loaded 19 instances from /Users/hiroshi/projects/tensor4all/tenferro-benchmark-m5-refresh/data/instances
Backend: omeinsum-jl
JULIA_NUM_THREADS=1
OMP_NUM_THREADS=1
OPENBLAS_NUM_THREADS=1
BLAS.get_num_threads()=1
Timing: median ± IQR of 15 runs (3 warmup), path precomputed (OMEinsum's own optimizer is not used)

Mode: omeinsum_path / Strategy: opt_flops
Instance                                            Tensors log10FLOPS     log2SIZE  Median (ms)   IQR (ms)
----------------------------------------------------------------------------------------------------------
bin_batched_matmul_b32_m128_n128_k128                     2       7.83        19.00        3.974      4.818
bin_batched_matmul_b32_m64_n64_k64                        2       6.92        17.00        0.598      0.166
bin_batched_outer_product_compact_j16_k16_o64_t64         2       6.02        20.00        0.541      0.355
bin_batched_outer_product_noncompact_j16_k16_o64_t64        2       6.02        20.00        0.657      0.480
bin_elementwise_mul_2048x2048                             2       6.62        22.00        0.947      0.471
bin_matmul_1024                                           2       9.03        20.00       40.696      4.765
bin_matmul_256                                            2       7.22        16.00        0.752      0.113
bin_outer_product_4096                                    2       7.22        24.00       73.300     41.124
gm_queen5_5_3.wcsp                                      160       9.75        26.94     1410.048     98.563
lm_batch_likelihood_brackets_4_4d                        84       8.37        18.96       13.058      3.737
lm_batch_likelihood_sentence_3_12d                       38       9.20        20.86       85.893     44.515
lm_batch_likelihood_sentence_4_4d                        84       8.46        18.89       19.186     48.990
nary_matmul_chain_64                                      3       5.24        12.00        0.043      0.007
str_matrix_chain_multiplication_100                     100       8.48        17.26        9.524      0.180
str_mps_varying_inner_product_200                       200       8.31        15.48       10.722      6.155
str_nw_mera_closed_120                                  120      10.66        25.02      978.963      6.412
str_nw_mera_open_26                                      26      10.49        25.36      723.511     56.905
tensornetwork_permutation_focus_step409_316             316       9.65        24.00      180.054     22.399
tensornetwork_permutation_light_415                     415       9.65        24.00      179.517      0.873

Mode: omeinsum_path / Strategy: opt_size
Instance                                            Tensors log10FLOPS     log2SIZE  Median (ms)   IQR (ms)
----------------------------------------------------------------------------------------------------------
bin_batched_matmul_b32_m128_n128_k128                     2       7.83        19.00        3.974      4.818
bin_batched_matmul_b32_m64_n64_k64                        2       6.92        17.00        0.598      0.166
bin_batched_outer_product_compact_j16_k16_o64_t64         2       6.02        20.00        0.541      0.355
bin_batched_outer_product_noncompact_j16_k16_o64_t64        2       6.02        20.00        0.657      0.480
bin_elementwise_mul_2048x2048                             2       6.62        22.00        0.947      0.471
bin_matmul_1024                                           2       9.03        20.00       40.696      4.765
bin_matmul_256                                            2       7.22        16.00        0.752      0.113
bin_outer_product_4096                                    2       7.22        24.00       73.300     41.124
gm_queen5_5_3.wcsp                                      160      10.33        25.36      777.293      5.023
lm_batch_likelihood_brackets_4_4d                        84       8.37        18.96       19.392     49.057
lm_batch_likelihood_sentence_3_12d                       38       9.20        20.86       85.957     45.326
lm_batch_likelihood_sentence_4_4d                        84       8.46        18.89       19.051     50.334
nary_matmul_chain_64                                      3       5.24        12.00        0.043      0.007
str_matrix_chain_multiplication_100                     100       8.48        17.26        9.460      1.344
str_mps_varying_inner_product_200                       200       8.31        15.48        9.555      0.558
str_nw_mera_closed_120                                  120      10.67        24.91      956.048      4.723
str_nw_mera_open_26                                      26      10.49        25.36      725.294     54.894
tensornetwork_permutation_focus_step409_316             316       9.65        24.00      180.054     22.399
tensornetwork_permutation_light_415                     415       9.65        24.00      179.517      0.873
