Using CPython 3.14.5
Creating virtual environment at: .venv
Installed 63 packages in 378ms
Warning: skip gpu_permutation_mac_patterns.json (missing field 'name')
Warning: skip gpu_permutation_patterns.json (missing field 'name')
Warning: skip permutation_patterns.json (missing field 'name')
Warning: skip session_matrix.json (missing field 'name')
Warning: skip small_work.json (missing field 'name')
  [1/19] bin_batched_matmul_b32_m128_n128_k128...
  [2/19] bin_batched_matmul_b32_m64_n64_k64...
  [3/19] bin_batched_outer_product_compact_j16_k16_o64_t64...
  [4/19] bin_batched_outer_product_noncompact_j16_k16_o64_t64...
  [5/19] bin_elementwise_mul_2048x2048...
  [6/19] bin_matmul_1024...
  [7/19] bin_matmul_256...
  [8/19] bin_outer_product_4096...
  [9/19] gm_queen5_5_3.wcsp...
  [10/19] lm_batch_likelihood_brackets_4_4d...
  [11/19] lm_batch_likelihood_sentence_3_12d...
  [12/19] lm_batch_likelihood_sentence_4_4d...
  [13/19] nary_matmul_chain_64...
  [14/19] str_matrix_chain_multiplication_100...
  [15/19] str_mps_varying_inner_product_200...
  [16/19] str_nw_mera_closed_120...
  [17/19] str_nw_mera_open_26...
  [18/19] tensornetwork_permutation_focus_step409_316...
  [19/19] tensornetwork_permutation_light_415...
  [1/19] bin_batched_matmul_b32_m128_n128_k128...
  -> bin_batched_matmul_b32_m128_n128_k128 strategy=opt_size: reusing previous measurement for identical path
  [2/19] bin_batched_matmul_b32_m64_n64_k64...
  -> bin_batched_matmul_b32_m64_n64_k64 strategy=opt_size: reusing previous measurement for identical path
  [3/19] bin_batched_outer_product_compact_j16_k16_o64_t64...
  -> bin_batched_outer_product_compact_j16_k16_o64_t64 strategy=opt_size: reusing previous measurement for identical path
  [4/19] bin_batched_outer_product_noncompact_j16_k16_o64_t64...
  -> bin_batched_outer_product_noncompact_j16_k16_o64_t64 strategy=opt_size: reusing previous measurement for identical path
  [5/19] bin_elementwise_mul_2048x2048...
  -> bin_elementwise_mul_2048x2048 strategy=opt_size: reusing previous measurement for identical path
  [6/19] bin_matmul_1024...
  -> bin_matmul_1024 strategy=opt_size: reusing previous measurement for identical path
  [7/19] bin_matmul_256...
  -> bin_matmul_256 strategy=opt_size: reusing previous measurement for identical path
  [8/19] bin_outer_product_4096...
  -> bin_outer_product_4096 strategy=opt_size: reusing previous measurement for identical path
  [9/19] gm_queen5_5_3.wcsp...
  [10/19] lm_batch_likelihood_brackets_4_4d...
  [11/19] lm_batch_likelihood_sentence_3_12d...
  [12/19] lm_batch_likelihood_sentence_4_4d...
  [13/19] nary_matmul_chain_64...
  -> nary_matmul_chain_64 strategy=opt_size: reusing previous measurement for identical path
  [14/19] str_matrix_chain_multiplication_100...
  [15/19] str_mps_varying_inner_product_200...
  [16/19] str_nw_mera_closed_120...
  [17/19] str_nw_mera_open_26...
  [18/19] tensornetwork_permutation_focus_step409_316...
  -> tensornetwork_permutation_focus_step409_316 strategy=opt_size: reusing previous measurement for identical path
  [19/19] tensornetwork_permutation_light_415...
  -> tensornetwork_permutation_light_415 strategy=opt_size: reusing previous measurement for identical path
pytorch-cpu einsum benchmark suite
==================================
Loaded 19 instances from /Users/hiroshi/projects/tensor4all/tenferro-benchmark-m5-refresh/data/instances
Backend: pytorch-cpu
OMP_NUM_THREADS=1
OMP_THREAD_LIMIT=1
OMP_DYNAMIC=FALSE
RAYON_NUM_THREADS=1
OPENBLAS_NUM_THREADS=1
GOTO_NUM_THREADS=1
MKL_NUM_THREADS=1
VECLIB_MAXIMUM_THREADS=1
VECLIB_NUM_THREADS=1
NUMEXPR_NUM_THREADS=1
BLIS_NUM_THREADS=1
PJRT_NPROC=1
XLA_FLAGS=--xla_cpu_multi_thread_eigen=false intra_op_parallelism_threads=1
TORCH_NUM_THREADS=1
TORCH_NUM_INTEROP_THREADS=1
Timing: median ± IQR of 15 runs (3 warmup), path precomputed

Strategy: opt_flops
Instance                                            Tensors log10FLOPS     log2SIZE  Median (ms)   IQR (ms)
----------------------------------------------------------------------------------------------------------
bin_batched_matmul_b32_m128_n128_k128                     2       7.83        19.00        0.388      0.007
bin_batched_matmul_b32_m64_n64_k64                        2       6.92        17.00        0.090      0.004
bin_batched_outer_product_compact_j16_k16_o64_t64         2       6.02        20.00        0.108      0.006
bin_batched_outer_product_noncompact_j16_k16_o64_t64        2       6.02        20.00        0.112      0.005
bin_elementwise_mul_2048x2048                             2       6.62        22.00        0.852      0.056
bin_matmul_1024                                           2       9.03        20.00        4.746      0.601
bin_matmul_256                                            2       7.22        16.00        0.087      0.004
bin_outer_product_4096                                    2       7.22        24.00        1.520      0.069
gm_queen5_5_3.wcsp                                      160       9.75        26.94      911.826      5.959
lm_batch_likelihood_brackets_4_4d                        84       8.37        18.96        8.703      0.083
lm_batch_likelihood_sentence_3_12d                       38       9.20        20.86       17.882      0.193
lm_batch_likelihood_sentence_4_4d                        84       8.46        18.89        8.942      0.100
nary_matmul_chain_64                                      3       5.24        12.00        0.013      0.001
str_matrix_chain_multiplication_100                     100       8.48        17.26        2.219      0.069
str_mps_varying_inner_product_200                       200       8.31        15.48        3.578      0.053
str_nw_mera_closed_120                                  120      10.66        25.02      160.414      1.505
str_nw_mera_open_26                                      26      10.49        25.36      128.900      0.324
tensornetwork_permutation_focus_step409_316             316       9.65        24.00      153.626      1.340
tensornetwork_permutation_light_415                     415       9.65        24.00      133.868      1.009

Strategy: opt_size
Instance                                            Tensors log10FLOPS     log2SIZE  Median (ms)   IQR (ms)
----------------------------------------------------------------------------------------------------------
bin_batched_matmul_b32_m128_n128_k128                     2       7.83        19.00        0.388      0.007
bin_batched_matmul_b32_m64_n64_k64                        2       6.92        17.00        0.090      0.004
bin_batched_outer_product_compact_j16_k16_o64_t64         2       6.02        20.00        0.108      0.006
bin_batched_outer_product_noncompact_j16_k16_o64_t64        2       6.02        20.00        0.112      0.005
bin_elementwise_mul_2048x2048                             2       6.62        22.00        0.852      0.056
bin_matmul_1024                                           2       9.03        20.00        4.746      0.601
bin_matmul_256                                            2       7.22        16.00        0.087      0.004
bin_outer_product_4096                                    2       7.22        24.00        1.520      0.069
gm_queen5_5_3.wcsp                                      160      10.33        25.36      325.317      8.863
lm_batch_likelihood_brackets_4_4d                        84       8.37        18.96        8.882      0.084
lm_batch_likelihood_sentence_3_12d                       38       9.20        20.86       17.043      0.148
lm_batch_likelihood_sentence_4_4d                        84       8.46        18.89        8.686      0.101
nary_matmul_chain_64                                      3       5.24        12.00        0.013      0.001
str_matrix_chain_multiplication_100                     100       8.48        17.26        2.175      0.054
str_mps_varying_inner_product_200                       200       8.31        15.48        4.474      0.110
str_nw_mera_closed_120                                  120      10.67        24.91      130.905      0.504
str_nw_mera_open_26                                      26      10.49        25.36      133.415      0.561
tensornetwork_permutation_focus_step409_316             316       9.65        24.00      153.626      1.340
tensornetwork_permutation_light_415                     415       9.65        24.00      133.868      1.009
