    Finished `release` profile [optimized] target(s) in 0.14s
     Running `target/release/tenferro-einsum-benchmark`
Warning: skip /Users/hiroshi/projects/tensor4all/tenferro-benchmark-m5-refresh/data/instances/gpu_permutation_mac_patterns.json (parse failed: missing field `name` at line 75 column 1)
Warning: skip /Users/hiroshi/projects/tensor4all/tenferro-benchmark-m5-refresh/data/instances/gpu_permutation_patterns.json (parse failed: missing field `name` at line 112 column 1)
Warning: skip /Users/hiroshi/projects/tensor4all/tenferro-benchmark-m5-refresh/data/instances/permutation_patterns.json (parse failed: missing field `name` at line 127 column 1)
Warning: skip /Users/hiroshi/projects/tensor4all/tenferro-benchmark-m5-refresh/data/instances/session_matrix.json (parse failed: invalid type: map, expected a string at line 2 column 2)
Warning: skip /Users/hiroshi/projects/tensor4all/tenferro-benchmark-m5-refresh/data/instances/small_work.json (parse failed: invalid type: map, expected a string at line 2 column 2)
tenferro-trace benchmark suite
==================================
Loaded 19 instances from /Users/hiroshi/projects/tensor4all/tenferro-benchmark-m5-refresh/data/instances
Backend: tenferro-trace
TENFERRO_CPU_BACKEND_KIND=blas
TENFERRO_OPT_DOT_DECOMPOSER=0
RAYON_NUM_THREADS=1, OMP_NUM_THREADS=1
Timing: median ± IQR of 15 runs (3 warmup), graph compiled once, executed through Runtime::run_compiled

Strategy: opt_flops
Instance                                            Tensors log10FLOPS     log2SIZE  Median (ms)   IQR (ms) Compile (ms)
------------------------------------------------------------------------------------------------------------------------
  [1/19] bin_batched_matmul_b32_m128_n128_k128...
bin_batched_matmul_b32_m128_n128_k128                     2       7.83        19.00        1.058      0.155        0.374
  [2/19] bin_batched_matmul_b32_m64_n64_k64...
bin_batched_matmul_b32_m64_n64_k64                        2       6.92        17.00        0.196      0.012        0.033
  [3/19] bin_batched_outer_product_compact_j16_k16_o64_t64...
bin_batched_outer_product_compact_j16_k16_o64_t64         2       6.02        20.00        0.105      0.005        0.023
  [4/19] bin_batched_outer_product_noncompact_j16_k16_o64_t64...
bin_batched_outer_product_noncompact_j16_k16_o64_t64        2       6.02        20.00        0.439      0.035        0.022
  [5/19] bin_elementwise_mul_2048x2048...
bin_elementwise_mul_2048x2048                             2       6.62        22.00        0.969      0.063        0.018
  [6/19] bin_matmul_1024...
bin_matmul_1024                                           2       9.03        20.00        6.091      0.319        0.024
  [7/19] bin_matmul_256...
bin_matmul_256                                            2       7.22        16.00        0.135      0.011        0.028
  [8/19] bin_outer_product_4096...
bin_outer_product_4096                                    2       7.22        24.00        1.029      0.052        0.015
  [9/19] gm_queen5_5_3.wcsp...
PathAnalysis: instance=gm_queen5_5_3.wcsp strategy=opt_flops steps=159 dot=13 outer=29 broadcast_mul=117 max_rank=17 max_intermediate_elements=129140163 total_intermediate_elements=592127821
PathWarning: instance=gm_queen5_5_3.wcsp strategy=opt_flops large_intermediate=true; compare path strategies before adding kernel-level optimizations
gm_queen5_5_3.wcsp                                      160       9.75        26.94      894.607      7.267        1.596
  [10/19] lm_batch_likelihood_brackets_4_4d...
lm_batch_likelihood_brackets_4_4d                        84       8.37        18.96        8.165      0.047        0.833
  [11/19] lm_batch_likelihood_sentence_3_12d...
lm_batch_likelihood_sentence_3_12d                       38       9.20        20.86       10.326      0.119        0.286
  [12/19] lm_batch_likelihood_sentence_4_4d...
lm_batch_likelihood_sentence_4_4d                        84       8.46        18.89        8.544      0.076        0.811
  [13/19] nary_matmul_chain_64...
nary_matmul_chain_64                                      3       5.24        12.00        0.014      0.001        0.030
  [14/19] str_matrix_chain_multiplication_100...
str_matrix_chain_multiplication_100                     100       8.48        17.26        2.159      0.047        0.785
  [15/19] str_mps_varying_inner_product_200...
str_mps_varying_inner_product_200                       200       8.31        15.48        5.510      0.104        2.930
  [16/19] str_nw_mera_closed_120...
str_nw_mera_closed_120                                  120      10.66        25.02      175.138      1.238        1.547
  [17/19] str_nw_mera_open_26...
str_nw_mera_open_26                                      26      10.49        25.36      182.014      0.678        0.258
  [18/19] tensornetwork_permutation_focus_step409_316...
tensornetwork_permutation_focus_step409_316             316       9.65        24.00      119.047      0.608        3.946
  [19/19] tensornetwork_permutation_light_415...
tensornetwork_permutation_light_415                     415       9.65        24.00      120.314      0.886        5.984

Strategy: opt_size
Instance                                            Tensors log10FLOPS     log2SIZE  Median (ms)   IQR (ms) Compile (ms)
------------------------------------------------------------------------------------------------------------------------
  [1/19] bin_batched_matmul_b32_m128_n128_k128...
  -> bin_batched_matmul_b32_m128_n128_k128 strategy=opt_size: reusing previous measurement for identical path
bin_batched_matmul_b32_m128_n128_k128                     2       7.83        19.00        1.058      0.155        0.374
  [2/19] bin_batched_matmul_b32_m64_n64_k64...
  -> bin_batched_matmul_b32_m64_n64_k64 strategy=opt_size: reusing previous measurement for identical path
bin_batched_matmul_b32_m64_n64_k64                        2       6.92        17.00        0.196      0.012        0.033
  [3/19] bin_batched_outer_product_compact_j16_k16_o64_t64...
  -> bin_batched_outer_product_compact_j16_k16_o64_t64 strategy=opt_size: reusing previous measurement for identical path
bin_batched_outer_product_compact_j16_k16_o64_t64         2       6.02        20.00        0.105      0.005        0.023
  [4/19] bin_batched_outer_product_noncompact_j16_k16_o64_t64...
  -> bin_batched_outer_product_noncompact_j16_k16_o64_t64 strategy=opt_size: reusing previous measurement for identical path
bin_batched_outer_product_noncompact_j16_k16_o64_t64        2       6.02        20.00        0.439      0.035        0.022
  [5/19] bin_elementwise_mul_2048x2048...
  -> bin_elementwise_mul_2048x2048 strategy=opt_size: reusing previous measurement for identical path
bin_elementwise_mul_2048x2048                             2       6.62        22.00        0.969      0.063        0.018
  [6/19] bin_matmul_1024...
  -> bin_matmul_1024 strategy=opt_size: reusing previous measurement for identical path
bin_matmul_1024                                           2       9.03        20.00        6.091      0.319        0.024
  [7/19] bin_matmul_256...
  -> bin_matmul_256 strategy=opt_size: reusing previous measurement for identical path
bin_matmul_256                                            2       7.22        16.00        0.135      0.011        0.028
  [8/19] bin_outer_product_4096...
  -> bin_outer_product_4096 strategy=opt_size: reusing previous measurement for identical path
bin_outer_product_4096                                    2       7.22        24.00        1.029      0.052        0.015
  [9/19] gm_queen5_5_3.wcsp...
gm_queen5_5_3.wcsp                                      160      10.33        25.36      235.303      1.239        1.443
  [10/19] lm_batch_likelihood_brackets_4_4d...
lm_batch_likelihood_brackets_4_4d                        84       8.37        18.96        9.167      0.172        0.789
  [11/19] lm_batch_likelihood_sentence_3_12d...
lm_batch_likelihood_sentence_3_12d                       38       9.20        20.86       12.120      0.306        0.291
  [12/19] lm_batch_likelihood_sentence_4_4d...
lm_batch_likelihood_sentence_4_4d                        84       8.46        18.89        9.462      0.042        0.780
  [13/19] nary_matmul_chain_64...
  -> nary_matmul_chain_64 strategy=opt_size: reusing previous measurement for identical path
nary_matmul_chain_64                                      3       5.24        12.00        0.014      0.001        0.030
  [14/19] str_matrix_chain_multiplication_100...
str_matrix_chain_multiplication_100                     100       8.48        17.26        2.078      0.065        0.772
  [15/19] str_mps_varying_inner_product_200...
str_mps_varying_inner_product_200                       200       8.31        15.48        6.540      0.098        2.855
  [16/19] str_nw_mera_closed_120...
str_nw_mera_closed_120                                  120      10.67        24.91      151.359      0.285        1.542
  [17/19] str_nw_mera_open_26...
str_nw_mera_open_26                                      26      10.49        25.36      185.211      0.835        0.255
  [18/19] tensornetwork_permutation_focus_step409_316...
  -> tensornetwork_permutation_focus_step409_316 strategy=opt_size: reusing previous measurement for identical path
tensornetwork_permutation_focus_step409_316             316       9.65        24.00      119.047      0.608        3.946
  [19/19] tensornetwork_permutation_light_415...
  -> tensornetwork_permutation_light_415 strategy=opt_size: reusing previous measurement for identical path
tensornetwork_permutation_light_415                     415       9.65        24.00      120.314      0.886        5.984
