    Finished `release` profile [optimized] target(s) in 0.10s
     Running `target/release/tenferro-einsum-benchmark`
Warning: skip /Users/hiroshi/projects/tensor4all/tenferro-benchmark-m5-refresh/data/instances/gpu_permutation_mac_patterns.json (parse failed: missing field `name` at line 75 column 1)
Warning: skip /Users/hiroshi/projects/tensor4all/tenferro-benchmark-m5-refresh/data/instances/gpu_permutation_patterns.json (parse failed: missing field `name` at line 112 column 1)
Warning: skip /Users/hiroshi/projects/tensor4all/tenferro-benchmark-m5-refresh/data/instances/permutation_patterns.json (parse failed: missing field `name` at line 127 column 1)
Warning: skip /Users/hiroshi/projects/tensor4all/tenferro-benchmark-m5-refresh/data/instances/session_matrix.json (parse failed: invalid type: map, expected a string at line 2 column 2)
Warning: skip /Users/hiroshi/projects/tensor4all/tenferro-benchmark-m5-refresh/data/instances/small_work.json (parse failed: invalid type: map, expected a string at line 2 column 2)
tenferro-eager benchmark suite
==================================
Loaded 19 instances from /Users/hiroshi/projects/tensor4all/tenferro-benchmark-m5-refresh/data/instances
Backend: tenferro-eager
TENFERRO_CPU_BACKEND_KIND=blas
TENFERRO_OPT_DOT_DECOMPOSER=0
RAYON_NUM_THREADS=1, OMP_NUM_THREADS=1
Timing: median ± IQR of 15 runs (3 warmup), precomputed path, eager binary contractions

Strategy: opt_flops
Instance                                            Tensors log10FLOPS     log2SIZE  Median (ms)   IQR (ms) Compile (ms)
------------------------------------------------------------------------------------------------------------------------
  [1/19] bin_batched_matmul_b32_m128_n128_k128...
bin_batched_matmul_b32_m128_n128_k128                     2       7.83        19.00        0.775      0.185        0.000
  [2/19] bin_batched_matmul_b32_m64_n64_k64...
bin_batched_matmul_b32_m64_n64_k64                        2       6.92        17.00        0.108      0.002        0.000
  [3/19] bin_batched_outer_product_compact_j16_k16_o64_t64...
bin_batched_outer_product_compact_j16_k16_o64_t64         2       6.02        20.00        0.114      0.029        0.000
  [4/19] bin_batched_outer_product_noncompact_j16_k16_o64_t64...
bin_batched_outer_product_noncompact_j16_k16_o64_t64        2       6.02        20.00        0.110      0.019        0.000
  [5/19] bin_elementwise_mul_2048x2048...
bin_elementwise_mul_2048x2048                             2       6.62        22.00        2.173      0.148        0.000
  [6/19] bin_matmul_1024...
bin_matmul_1024                                           2       9.03        20.00        5.244      0.288        0.000
  [7/19] bin_matmul_256...
bin_matmul_256                                            2       7.22        16.00        0.100      0.001        0.000
  [8/19] bin_outer_product_4096...
bin_outer_product_4096                                    2       7.22        24.00        1.050      0.041        0.000
  [9/19] gm_queen5_5_3.wcsp...
PathAnalysis: instance=gm_queen5_5_3.wcsp strategy=opt_flops steps=159 dot=13 outer=29 broadcast_mul=117 max_rank=17 max_intermediate_elements=129140163 total_intermediate_elements=592127821
PathWarning: instance=gm_queen5_5_3.wcsp strategy=opt_flops large_intermediate=true; compare path strategies before adding kernel-level optimizations
gm_queen5_5_3.wcsp                                      160       9.75        26.94     1101.627      4.676        0.000
  [10/19] lm_batch_likelihood_brackets_4_4d...
lm_batch_likelihood_brackets_4_4d                        84       8.37        18.96       14.017      0.292        0.000
  [11/19] lm_batch_likelihood_sentence_3_12d...
lm_batch_likelihood_sentence_3_12d                       38       9.20        20.86       25.960      0.292        0.000
  [12/19] lm_batch_likelihood_sentence_4_4d...
lm_batch_likelihood_sentence_4_4d                        84       8.46        18.89       15.678      0.122        0.000
  [13/19] nary_matmul_chain_64...
nary_matmul_chain_64                                      3       5.24        12.00        0.018      0.001        0.000
  [14/19] str_matrix_chain_multiplication_100...
str_matrix_chain_multiplication_100                     100       8.48        17.26        2.844      0.060        0.000
  [15/19] str_mps_varying_inner_product_200...
str_mps_varying_inner_product_200                       200       8.31        15.48        7.136      0.040        0.000
  [16/19] str_nw_mera_closed_120...
str_nw_mera_closed_120                                  120      10.66        25.02      188.769      0.518        0.000
  [17/19] str_nw_mera_open_26...
str_nw_mera_open_26                                      26      10.49        25.36      203.238      0.677        0.000
  [18/19] tensornetwork_permutation_focus_step409_316...
tensornetwork_permutation_focus_step409_316             316       9.65        24.00      209.933     23.728        0.000
  [19/19] tensornetwork_permutation_light_415...
tensornetwork_permutation_light_415                     415       9.65        24.00      157.178      0.848        0.000

Strategy: opt_size
Instance                                            Tensors log10FLOPS     log2SIZE  Median (ms)   IQR (ms) Compile (ms)
------------------------------------------------------------------------------------------------------------------------
  [1/19] bin_batched_matmul_b32_m128_n128_k128...
  -> bin_batched_matmul_b32_m128_n128_k128 strategy=opt_size: reusing previous measurement for identical path
bin_batched_matmul_b32_m128_n128_k128                     2       7.83        19.00        0.775      0.185        0.000
  [2/19] bin_batched_matmul_b32_m64_n64_k64...
  -> bin_batched_matmul_b32_m64_n64_k64 strategy=opt_size: reusing previous measurement for identical path
bin_batched_matmul_b32_m64_n64_k64                        2       6.92        17.00        0.108      0.002        0.000
  [3/19] bin_batched_outer_product_compact_j16_k16_o64_t64...
  -> bin_batched_outer_product_compact_j16_k16_o64_t64 strategy=opt_size: reusing previous measurement for identical path
bin_batched_outer_product_compact_j16_k16_o64_t64         2       6.02        20.00        0.114      0.029        0.000
  [4/19] bin_batched_outer_product_noncompact_j16_k16_o64_t64...
  -> bin_batched_outer_product_noncompact_j16_k16_o64_t64 strategy=opt_size: reusing previous measurement for identical path
bin_batched_outer_product_noncompact_j16_k16_o64_t64        2       6.02        20.00        0.110      0.019        0.000
  [5/19] bin_elementwise_mul_2048x2048...
  -> bin_elementwise_mul_2048x2048 strategy=opt_size: reusing previous measurement for identical path
bin_elementwise_mul_2048x2048                             2       6.62        22.00        2.173      0.148        0.000
  [6/19] bin_matmul_1024...
  -> bin_matmul_1024 strategy=opt_size: reusing previous measurement for identical path
bin_matmul_1024                                           2       9.03        20.00        5.244      0.288        0.000
  [7/19] bin_matmul_256...
  -> bin_matmul_256 strategy=opt_size: reusing previous measurement for identical path
bin_matmul_256                                            2       7.22        16.00        0.100      0.001        0.000
  [8/19] bin_outer_product_4096...
  -> bin_outer_product_4096 strategy=opt_size: reusing previous measurement for identical path
bin_outer_product_4096                                    2       7.22        24.00        1.050      0.041        0.000
  [9/19] gm_queen5_5_3.wcsp...
gm_queen5_5_3.wcsp                                      160      10.33        25.36      404.715      1.851        0.000
  [10/19] lm_batch_likelihood_brackets_4_4d...
lm_batch_likelihood_brackets_4_4d                        84       8.37        18.96       15.120      0.274        0.000
  [11/19] lm_batch_likelihood_sentence_3_12d...
lm_batch_likelihood_sentence_3_12d                       38       9.20        20.86       27.414      0.201        0.000
  [12/19] lm_batch_likelihood_sentence_4_4d...
lm_batch_likelihood_sentence_4_4d                        84       8.46        18.89       16.580      0.242        0.000
  [13/19] nary_matmul_chain_64...
  -> nary_matmul_chain_64 strategy=opt_size: reusing previous measurement for identical path
nary_matmul_chain_64                                      3       5.24        12.00        0.018      0.001        0.000
  [14/19] str_matrix_chain_multiplication_100...
str_matrix_chain_multiplication_100                     100       8.48        17.26        2.836      0.029        0.000
  [15/19] str_mps_varying_inner_product_200...
str_mps_varying_inner_product_200                       200       8.31        15.48        7.686      0.097        0.000
  [16/19] str_nw_mera_closed_120...
str_nw_mera_closed_120                                  120      10.67        24.91      160.090      0.431        0.000
  [17/19] str_nw_mera_open_26...
str_nw_mera_open_26                                      26      10.49        25.36      200.653      0.885        0.000
  [18/19] tensornetwork_permutation_focus_step409_316...
  -> tensornetwork_permutation_focus_step409_316 strategy=opt_size: reusing previous measurement for identical path
tensornetwork_permutation_focus_step409_316             316       9.65        24.00      209.933     23.728        0.000
  [19/19] tensornetwork_permutation_light_415...
  -> tensornetwork_permutation_light_415 strategy=opt_size: reusing previous measurement for identical path
tensornetwork_permutation_light_415                     415       9.65        24.00      157.178      0.848        0.000
