Warning: skip gpu_perf_issues.json (missing field 'name')
Warning: skip gpu_permutation_mac_patterns.json (missing field 'name')
Warning: skip gpu_permutation_patterns.json (missing field 'name')
Warning: skip perf_issues.json (missing field 'name')
Warning: skip permutation_patterns.json (missing field 'name')
Warning: skip session_matrix.json (missing field 'name')
Warning: skip small_work.json (missing field 'name')
  [1/24] bin_batched_matmul_b32_m128_n128_k128...
  [2/24] bin_batched_matmul_b32_m64_n64_k64...
  [3/24] bin_batched_outer_product_compact_j16_k16_o64_t64...
  [4/24] bin_batched_outer_product_noncompact_j16_k16_o64_t64...
  [5/24] bin_elementwise_mul_2048x2048...
  [6/24] bin_elementwise_mul_512x512...
  [7/24] bin_matmul_1024...
  [8/24] bin_matmul_256...
  [9/24] bin_omeinsum_batched_matmul_8x8_batch_4...
  [10/24] bin_omeinsum_high_d_12x12_contract_4_batch_4...
  [11/24] bin_omeinsum_matmul_10x10...
  [12/24] bin_outer_product_4096...
  [13/24] bin_permuted_r4_abcd_dbef_acef_d32...
  [14/24] gm_queen5_5_3.wcsp...
  [15/24] lm_batch_likelihood_brackets_4_4d...
  [16/24] lm_batch_likelihood_sentence_3_12d...
  [17/24] lm_batch_likelihood_sentence_4_4d...
  [18/24] nary_matmul_chain_64...
  [19/24] str_matrix_chain_multiplication_100...
  [20/24] str_mps_varying_inner_product_200...
  [21/24] str_nw_mera_closed_120...
  [22/24] str_nw_mera_open_26...
  [23/24] tensornetwork_permutation_focus_step409_316...
  [24/24] tensornetwork_permutation_light_415...
  [1/24] bin_batched_matmul_b32_m128_n128_k128...
  -> bin_batched_matmul_b32_m128_n128_k128 strategy=opt_size: reusing previous measurement for identical path
  [2/24] bin_batched_matmul_b32_m64_n64_k64...
  -> bin_batched_matmul_b32_m64_n64_k64 strategy=opt_size: reusing previous measurement for identical path
  [3/24] bin_batched_outer_product_compact_j16_k16_o64_t64...
  -> bin_batched_outer_product_compact_j16_k16_o64_t64 strategy=opt_size: reusing previous measurement for identical path
  [4/24] bin_batched_outer_product_noncompact_j16_k16_o64_t64...
  -> bin_batched_outer_product_noncompact_j16_k16_o64_t64 strategy=opt_size: reusing previous measurement for identical path
  [5/24] bin_elementwise_mul_2048x2048...
  -> bin_elementwise_mul_2048x2048 strategy=opt_size: reusing previous measurement for identical path
  [6/24] bin_elementwise_mul_512x512...
  -> bin_elementwise_mul_512x512 strategy=opt_size: reusing previous measurement for identical path
  [7/24] bin_matmul_1024...
  -> bin_matmul_1024 strategy=opt_size: reusing previous measurement for identical path
  [8/24] bin_matmul_256...
  -> bin_matmul_256 strategy=opt_size: reusing previous measurement for identical path
  [9/24] bin_omeinsum_batched_matmul_8x8_batch_4...
  -> bin_omeinsum_batched_matmul_8x8_batch_4 strategy=opt_size: reusing previous measurement for identical path
  [10/24] bin_omeinsum_high_d_12x12_contract_4_batch_4...
  -> bin_omeinsum_high_d_12x12_contract_4_batch_4 strategy=opt_size: reusing previous measurement for identical path
  [11/24] bin_omeinsum_matmul_10x10...
  -> bin_omeinsum_matmul_10x10 strategy=opt_size: reusing previous measurement for identical path
  [12/24] bin_outer_product_4096...
  -> bin_outer_product_4096 strategy=opt_size: reusing previous measurement for identical path
  [13/24] bin_permuted_r4_abcd_dbef_acef_d32...
  -> bin_permuted_r4_abcd_dbef_acef_d32 strategy=opt_size: reusing previous measurement for identical path
  [14/24] gm_queen5_5_3.wcsp...
  [15/24] lm_batch_likelihood_brackets_4_4d...
  [16/24] lm_batch_likelihood_sentence_3_12d...
  [17/24] lm_batch_likelihood_sentence_4_4d...
  [18/24] nary_matmul_chain_64...
  -> nary_matmul_chain_64 strategy=opt_size: reusing previous measurement for identical path
  [19/24] str_matrix_chain_multiplication_100...
  [20/24] str_mps_varying_inner_product_200...
  [21/24] str_nw_mera_closed_120...
  [22/24] str_nw_mera_open_26...
  [23/24] tensornetwork_permutation_focus_step409_316...
  -> tensornetwork_permutation_focus_step409_316 strategy=opt_size: reusing previous measurement for identical path
  [24/24] tensornetwork_permutation_light_415...
  -> tensornetwork_permutation_light_415 strategy=opt_size: reusing previous measurement for identical path
jax-cpu einsum benchmark suite
==================================
Loaded 24 instances from /workspaces/tenferro-benchmark/data/instances
Backend: jax-cpu
OMP_NUM_THREADS=4
OMP_THREAD_LIMIT=4
OMP_DYNAMIC=FALSE
RAYON_NUM_THREADS=4
OPENBLAS_NUM_THREADS=4
GOTO_NUM_THREADS=4
MKL_NUM_THREADS=4
VECLIB_MAXIMUM_THREADS=4
VECLIB_NUM_THREADS=4
NUMEXPR_NUM_THREADS=4
BLIS_NUM_THREADS=4
PJRT_NPROC=4
XLA_FLAGS=--xla_cpu_multi_thread_eigen=true --xla_cpu_experimental_ynn_fusion_type= intra_op_parallelism_threads=4
JAX_DEFAULT_BACKEND=cpu
JAX_DOT_BACKEND=xla_cpu
Timing: median ± IQR of 15 runs (3 warmup), path precomputed

Strategy: opt_flops
Instance                                            Tensors log10FLOPS     log2SIZE  Median (ms)   IQR (ms)
----------------------------------------------------------------------------------------------------------
bin_batched_matmul_b32_m128_n128_k128                     2       7.83        19.00        1.462      0.060
bin_batched_matmul_b32_m64_n64_k64                        2       6.92        17.00        0.691      0.021
bin_batched_outer_product_compact_j16_k16_o64_t64         2       6.02        20.00        0.303      0.072
bin_batched_outer_product_noncompact_j16_k16_o64_t64        2       6.02        20.00        0.280      0.088
bin_elementwise_mul_2048x2048                             2       6.62        22.00        5.125      0.339
bin_elementwise_mul_512x512                               2       5.42        18.00        0.204      0.078
bin_matmul_1024                                           2       9.03        20.00       16.242      0.625
bin_matmul_256                                            2       7.22        16.00        0.472      0.050
bin_omeinsum_batched_matmul_8x8_batch_4                   2       2.71         4.00        0.133      0.008
bin_omeinsum_high_d_12x12_contract_4_batch_4              2       5.12        12.00        0.180      0.057
bin_omeinsum_matmul_10x10                                 2       4.82        10.00        0.097      0.015
bin_outer_product_4096                                    2       7.22        24.00       10.395      0.208
bin_permuted_r4_abcd_dbef_acef_d32                        2       9.33        20.00       18.428      1.013
gm_queen5_5_3.wcsp                                      160       9.75        26.94     1494.468     49.425
lm_batch_likelihood_brackets_4_4d                        84       8.37        18.96       14.823      0.767
lm_batch_likelihood_sentence_3_12d                       38       9.20        20.86       31.113      3.536
lm_batch_likelihood_sentence_4_4d                        84       8.46        18.89       15.979      2.602
nary_matmul_chain_64                                      3       5.24        12.00        0.114      0.023
str_matrix_chain_multiplication_100                     100       8.48        17.26        5.737      0.213
str_mps_varying_inner_product_200                       200       8.31        15.48       17.653      0.664
str_nw_mera_closed_120                                  120      10.66        25.02      501.404      4.278
str_nw_mera_open_26                                      26      10.49        25.36      398.911      7.203
tensornetwork_permutation_focus_step409_316             316       9.65        24.00      205.838      4.333
tensornetwork_permutation_light_415                     415       9.65        24.00      218.839      3.603

Strategy: opt_size
Instance                                            Tensors log10FLOPS     log2SIZE  Median (ms)   IQR (ms)
----------------------------------------------------------------------------------------------------------
bin_batched_matmul_b32_m128_n128_k128                     2       7.83        19.00        1.462      0.060
bin_batched_matmul_b32_m64_n64_k64                        2       6.92        17.00        0.691      0.021
bin_batched_outer_product_compact_j16_k16_o64_t64         2       6.02        20.00        0.303      0.072
bin_batched_outer_product_noncompact_j16_k16_o64_t64        2       6.02        20.00        0.280      0.088
bin_elementwise_mul_2048x2048                             2       6.62        22.00        5.125      0.339
bin_elementwise_mul_512x512                               2       5.42        18.00        0.204      0.078
bin_matmul_1024                                           2       9.03        20.00       16.242      0.625
bin_matmul_256                                            2       7.22        16.00        0.472      0.050
bin_omeinsum_batched_matmul_8x8_batch_4                   2       2.71         4.00        0.133      0.008
bin_omeinsum_high_d_12x12_contract_4_batch_4              2       5.12        12.00        0.180      0.057
bin_omeinsum_matmul_10x10                                 2       4.82        10.00        0.097      0.015
bin_outer_product_4096                                    2       7.22        24.00       10.395      0.208
bin_permuted_r4_abcd_dbef_acef_d32                        2       9.33        20.00       18.428      1.013
gm_queen5_5_3.wcsp                                      160      10.33        25.36      641.971     11.748
lm_batch_likelihood_brackets_4_4d                        84       8.37        18.96       15.073      1.663
lm_batch_likelihood_sentence_3_12d                       38       9.20        20.86       32.371      2.677
lm_batch_likelihood_sentence_4_4d                        84       8.46        18.89       14.571      0.891
nary_matmul_chain_64                                      3       5.24        12.00        0.114      0.023
str_matrix_chain_multiplication_100                     100       8.48        17.26        6.515      0.396
str_mps_varying_inner_product_200                       200       8.31        15.48       16.297      0.885
str_nw_mera_closed_120                                  120      10.67        24.91      430.970     14.292
str_nw_mera_open_26                                      26      10.49        25.36      413.274     14.026
tensornetwork_permutation_focus_step409_316             316       9.65        24.00      205.838      4.333
tensornetwork_permutation_light_415                     415       9.65        24.00      218.839      3.603
