omeinsum-jl einsum benchmark suite
==================================
Loaded 24 instances from /workspaces/tenferro-benchmark/data/instances
Backend: omeinsum-jl
JULIA_NUM_THREADS=4
OMP_NUM_THREADS=4
OPENBLAS_NUM_THREADS=4
BLAS.get_num_threads()=4
Timing: median ± IQR of 15 runs (3 warmup), path precomputed (OMEinsum's own optimizer is not used)

Mode: omeinsum_path / Strategy: opt_flops
Instance                                            Tensors log10FLOPS     log2SIZE  Median (ms)   IQR (ms)
----------------------------------------------------------------------------------------------------------
bin_batched_matmul_b32_m128_n128_k128                     2       7.83        19.00        5.514      5.856
bin_batched_matmul_b32_m64_n64_k64                        2       6.92        17.00        0.532      0.317
bin_batched_outer_product_compact_j16_k16_o64_t64         2       6.02        20.00        0.500      1.517
bin_batched_outer_product_noncompact_j16_k16_o64_t64        2       6.02        20.00        5.171      5.319
bin_elementwise_mul_2048x2048                             2       6.62        22.00        9.641      0.241
bin_elementwise_mul_512x512                               2       5.42        18.00        0.095      0.307
bin_matmul_1024                                           2       9.03        20.00       31.283      8.470
bin_matmul_256                                            2       7.22        16.00        0.531      0.004
bin_omeinsum_batched_matmul_8x8_batch_4                   2       2.71         4.00        0.012      0.001
bin_omeinsum_high_d_12x12_contract_4_batch_4              2       5.12        12.00        0.038      0.001
bin_omeinsum_matmul_10x10                                 2       4.82        10.00        0.020      0.001
bin_outer_product_4096                                    2       7.22        24.00      236.050      3.601
bin_permuted_r4_abcd_dbef_acef_d32                        2       9.33        20.00       22.307      5.293
gm_queen5_5_3.wcsp                                      160       9.75        26.94     5507.456     45.829
lm_batch_likelihood_brackets_4_4d                        84       8.37        18.96       17.815      4.619
lm_batch_likelihood_sentence_3_12d                       38       9.20        20.86       56.072      6.914
lm_batch_likelihood_sentence_4_4d                        84       8.46        18.89       33.554     16.101
nary_matmul_chain_64                                      3       5.24        12.00        0.071      0.027
str_matrix_chain_multiplication_100                     100       8.48        17.26        8.881      0.743
str_mps_varying_inner_product_200                       200       8.31        15.48       21.768      2.104
str_nw_mera_closed_120                                  120      10.66        25.02      630.384     11.938
str_nw_mera_open_26                                      26      10.49        25.36      696.408     37.167
tensornetwork_permutation_focus_step409_316             316       9.65        24.00      330.805     28.403
tensornetwork_permutation_light_415                     415       9.65        24.00      337.892      8.323

Mode: omeinsum_path / Strategy: opt_size
Instance                                            Tensors log10FLOPS     log2SIZE  Median (ms)   IQR (ms)
----------------------------------------------------------------------------------------------------------
bin_batched_matmul_b32_m128_n128_k128                     2       7.83        19.00        5.514      5.856
bin_batched_matmul_b32_m64_n64_k64                        2       6.92        17.00        0.532      0.317
bin_batched_outer_product_compact_j16_k16_o64_t64         2       6.02        20.00        0.500      1.517
bin_batched_outer_product_noncompact_j16_k16_o64_t64        2       6.02        20.00        5.171      5.319
bin_elementwise_mul_2048x2048                             2       6.62        22.00        9.641      0.241
bin_elementwise_mul_512x512                               2       5.42        18.00        0.095      0.307
bin_matmul_1024                                           2       9.03        20.00       31.283      8.470
bin_matmul_256                                            2       7.22        16.00        0.531      0.004
bin_omeinsum_batched_matmul_8x8_batch_4                   2       2.71         4.00        0.012      0.001
bin_omeinsum_high_d_12x12_contract_4_batch_4              2       5.12        12.00        0.038      0.001
bin_omeinsum_matmul_10x10                                 2       4.82        10.00        0.020      0.001
bin_outer_product_4096                                    2       7.22        24.00      236.050      3.601
bin_permuted_r4_abcd_dbef_acef_d32                        2       9.33        20.00       22.307      5.293
gm_queen5_5_3.wcsp                                      160      10.33        25.36     1952.444     17.190
lm_batch_likelihood_brackets_4_4d                        84       8.37        18.96       36.189     10.632
lm_batch_likelihood_sentence_3_12d                       38       9.20        20.86       59.792      7.669
lm_batch_likelihood_sentence_4_4d                        84       8.46        18.89       25.270     11.051
nary_matmul_chain_64                                      3       5.24        12.00        0.071      0.027
str_matrix_chain_multiplication_100                     100       8.48        17.26        8.863      0.559
str_mps_varying_inner_product_200                       200       8.31        15.48       18.255      7.422
str_nw_mera_closed_120                                  120      10.67        24.91      503.279     16.666
str_nw_mera_open_26                                      26      10.49        25.36      666.321     42.274
tensornetwork_permutation_focus_step409_316             316       9.65        24.00      330.805     28.403
tensornetwork_permutation_light_415                     415       9.65        24.00      337.892      8.323
