Warning: skip gpu_permutation_mac_patterns.json (missing field 'name')
Warning: skip gpu_permutation_patterns.json (missing field 'name')
Warning: skip permutation_patterns.json (missing field 'name')
Warning: skip session_matrix.json (missing field 'name')
Warning: skip small_work.json (missing field 'name')
  [1/19] bin_batched_matmul_b32_m128_n128_k128...
  [2/19] bin_batched_matmul_b32_m64_n64_k64...
  [3/19] bin_batched_outer_product_compact_j16_k16_o64_t64...
  [4/19] bin_batched_outer_product_noncompact_j16_k16_o64_t64...
  [5/19] bin_elementwise_mul_2048x2048...
  [6/19] bin_matmul_1024...
  [7/19] bin_matmul_256...
  [8/19] bin_outer_product_4096...
  [9/19] gm_queen5_5_3.wcsp...
  [10/19] lm_batch_likelihood_brackets_4_4d...
  [11/19] lm_batch_likelihood_sentence_3_12d...
  [12/19] lm_batch_likelihood_sentence_4_4d...
  [13/19] nary_matmul_chain_64...
  [14/19] str_matrix_chain_multiplication_100...
  [15/19] str_mps_varying_inner_product_200...
  [16/19] str_nw_mera_closed_120...
  [17/19] str_nw_mera_open_26...
  [18/19] tensornetwork_permutation_focus_step409_316...
  [19/19] tensornetwork_permutation_light_415...
  [1/19] bin_batched_matmul_b32_m128_n128_k128...
  -> bin_batched_matmul_b32_m128_n128_k128 strategy=opt_size: reusing previous measurement for identical path
  [2/19] bin_batched_matmul_b32_m64_n64_k64...
  -> bin_batched_matmul_b32_m64_n64_k64 strategy=opt_size: reusing previous measurement for identical path
  [3/19] bin_batched_outer_product_compact_j16_k16_o64_t64...
  -> bin_batched_outer_product_compact_j16_k16_o64_t64 strategy=opt_size: reusing previous measurement for identical path
  [4/19] bin_batched_outer_product_noncompact_j16_k16_o64_t64...
  -> bin_batched_outer_product_noncompact_j16_k16_o64_t64 strategy=opt_size: reusing previous measurement for identical path
  [5/19] bin_elementwise_mul_2048x2048...
  -> bin_elementwise_mul_2048x2048 strategy=opt_size: reusing previous measurement for identical path
  [6/19] bin_matmul_1024...
  -> bin_matmul_1024 strategy=opt_size: reusing previous measurement for identical path
  [7/19] bin_matmul_256...
  -> bin_matmul_256 strategy=opt_size: reusing previous measurement for identical path
  [8/19] bin_outer_product_4096...
  -> bin_outer_product_4096 strategy=opt_size: reusing previous measurement for identical path
  [9/19] gm_queen5_5_3.wcsp...
  [10/19] lm_batch_likelihood_brackets_4_4d...
  [11/19] lm_batch_likelihood_sentence_3_12d...
  [12/19] lm_batch_likelihood_sentence_4_4d...
  [13/19] nary_matmul_chain_64...
  -> nary_matmul_chain_64 strategy=opt_size: reusing previous measurement for identical path
  [14/19] str_matrix_chain_multiplication_100...
  [15/19] str_mps_varying_inner_product_200...
  [16/19] str_nw_mera_closed_120...
  [17/19] str_nw_mera_open_26...
  [18/19] tensornetwork_permutation_focus_step409_316...
  -> tensornetwork_permutation_focus_step409_316 strategy=opt_size: reusing previous measurement for identical path
  [19/19] tensornetwork_permutation_light_415...
  -> tensornetwork_permutation_light_415 strategy=opt_size: reusing previous measurement for identical path
jax-cpu einsum benchmark suite
==================================
Loaded 19 instances from /Users/hiroshi/projects/tensor4all/tenferro-benchmark-m5-refresh/data/instances
Backend: jax-cpu
OMP_NUM_THREADS=4
OMP_THREAD_LIMIT=4
OMP_DYNAMIC=FALSE
RAYON_NUM_THREADS=4
OPENBLAS_NUM_THREADS=4
GOTO_NUM_THREADS=4
MKL_NUM_THREADS=4
VECLIB_MAXIMUM_THREADS=4
VECLIB_NUM_THREADS=4
NUMEXPR_NUM_THREADS=4
BLIS_NUM_THREADS=4
PJRT_NPROC=4
XLA_FLAGS=--xla_cpu_multi_thread_eigen=true intra_op_parallelism_threads=4
JAX_DEFAULT_BACKEND=cpu
JAX_DOT_BACKEND=xla_cpu
Timing: median ± IQR of 15 runs (3 warmup), path precomputed

Strategy: opt_flops
Instance                                            Tensors log10FLOPS     log2SIZE  Median (ms)   IQR (ms)
----------------------------------------------------------------------------------------------------------
bin_batched_matmul_b32_m128_n128_k128                     2       7.83        19.00        0.641      0.017
bin_batched_matmul_b32_m64_n64_k64                        2       6.92        17.00        0.148      0.007
bin_batched_outer_product_compact_j16_k16_o64_t64         2       6.02        20.00        0.114      0.011
bin_batched_outer_product_noncompact_j16_k16_o64_t64        2       6.02        20.00        0.120      0.026
bin_elementwise_mul_2048x2048                             2       6.62        22.00        0.774      0.041
bin_matmul_1024                                           2       9.03        20.00        9.141      0.093
bin_matmul_256                                            2       7.22        16.00        0.229      0.015
bin_outer_product_4096                                    2       7.22        24.00        0.634      0.030
gm_queen5_5_3.wcsp                                      160       9.75        26.94      678.801     17.271
lm_batch_likelihood_brackets_4_4d                        84       8.37        18.96        6.956      0.181
lm_batch_likelihood_sentence_3_12d                       38       9.20        20.86       11.749      0.142
lm_batch_likelihood_sentence_4_4d                        84       8.46        18.89        7.179      0.159
nary_matmul_chain_64                                      3       5.24        12.00        0.061      0.003
str_matrix_chain_multiplication_100                     100       8.48        17.26        7.905      0.335
str_mps_varying_inner_product_200                       200       8.31        15.48       15.819      0.432
str_nw_mera_closed_120                                  120      10.66        25.02      250.619      0.860
str_nw_mera_open_26                                      26      10.49        25.36      184.724      1.959
tensornetwork_permutation_focus_step409_316             316       9.65        24.00       89.360      1.426
tensornetwork_permutation_light_415                     415       9.65        24.00       93.255      1.208

Strategy: opt_size
Instance                                            Tensors log10FLOPS     log2SIZE  Median (ms)   IQR (ms)
----------------------------------------------------------------------------------------------------------
bin_batched_matmul_b32_m128_n128_k128                     2       7.83        19.00        0.641      0.017
bin_batched_matmul_b32_m64_n64_k64                        2       6.92        17.00        0.148      0.007
bin_batched_outer_product_compact_j16_k16_o64_t64         2       6.02        20.00        0.114      0.011
bin_batched_outer_product_noncompact_j16_k16_o64_t64        2       6.02        20.00        0.120      0.026
bin_elementwise_mul_2048x2048                             2       6.62        22.00        0.774      0.041
bin_matmul_1024                                           2       9.03        20.00        9.141      0.093
bin_matmul_256                                            2       7.22        16.00        0.229      0.015
bin_outer_product_4096                                    2       7.22        24.00        0.634      0.030
gm_queen5_5_3.wcsp                                      160      10.33        25.36      260.333      2.379
lm_batch_likelihood_brackets_4_4d                        84       8.37        18.96        6.694      0.200
lm_batch_likelihood_sentence_3_12d                       38       9.20        20.86       12.237      0.226
lm_batch_likelihood_sentence_4_4d                        84       8.46        18.89        6.452      0.298
nary_matmul_chain_64                                      3       5.24        12.00        0.061      0.003
str_matrix_chain_multiplication_100                     100       8.48        17.26        7.563      0.342
str_mps_varying_inner_product_200                       200       8.31        15.48       16.995      0.376
str_nw_mera_closed_120                                  120      10.67        24.91      249.414      2.146
str_nw_mera_open_26                                      26      10.49        25.36      191.949      2.810
tensornetwork_permutation_focus_step409_316             316       9.65        24.00       89.360      1.426
tensornetwork_permutation_light_415                     415       9.65        24.00       93.255      1.208
