omeinsum-jl einsum benchmark suite
==================================
Loaded 24 instances from /workspaces/t4a-2010-bench-migrate/data/instances
Backend: omeinsum-jl
JULIA_NUM_THREADS=4
OMP_NUM_THREADS=4
OPENBLAS_NUM_THREADS=4
BLAS.get_num_threads()=4
Timing: median ± IQR of 15 runs (3 warmup), path precomputed (OMEinsum's own optimizer is not used)

Mode: omeinsum_path / Strategy: opt_flops
Instance                                            Tensors log10FLOPS     log2SIZE  Median (ms)   IQR (ms)
----------------------------------------------------------------------------------------------------------
bin_batched_matmul_b32_m128_n128_k128                     2       7.83        19.00       10.321      4.576
bin_batched_matmul_b32_m64_n64_k64                        2       6.92        17.00        0.979      2.033
bin_batched_outer_product_compact_j16_k16_o64_t64         2       6.02        20.00        4.411      2.060
bin_batched_outer_product_noncompact_j16_k16_o64_t64        2       6.02        20.00        9.238      5.566
bin_elementwise_mul_2048x2048                             2       6.62        22.00       20.465      2.221
bin_elementwise_mul_512x512                               2       5.42        18.00        0.171      0.222
bin_matmul_1024                                           2       9.03        20.00       41.084     24.848
bin_matmul_256                                            2       7.22        16.00        1.438      1.013
bin_omeinsum_batched_matmul_8x8_batch_4                   2       2.71         4.00        0.012      0.001
bin_omeinsum_high_d_12x12_contract_4_batch_4              2       5.12        12.00        0.094      0.047
bin_omeinsum_matmul_10x10                                 2       4.82        10.00        0.023      0.001
bin_outer_product_4096                                    2       7.22        24.00      316.952     23.940
bin_permuted_r4_abcd_dbef_acef_d32                        2       9.33        20.00       28.480     22.192
gm_queen5_5_3.wcsp                                      160       9.75        26.94     9602.990    233.917
lm_batch_likelihood_brackets_4_4d                        84       8.37        18.96       27.834     10.026
lm_batch_likelihood_sentence_3_12d                       38       9.20        20.86       71.391      5.250
lm_batch_likelihood_sentence_4_4d                        84       8.46        18.89       50.458     16.027
nary_matmul_chain_64                                      3       5.24        12.00        0.135      0.039
str_matrix_chain_multiplication_100                     100       8.48        17.26       12.433      1.039
str_mps_varying_inner_product_200                       200       8.31        15.48       30.764     21.255
str_nw_mera_closed_120                                  120      10.66        25.02      955.579     47.913
str_nw_mera_open_26                                      26      10.49        25.36     1101.455     34.651
tensornetwork_permutation_focus_step409_316             316       9.65        24.00      479.599     32.684
tensornetwork_permutation_light_415                     415       9.65        24.00      484.023     35.155

Mode: omeinsum_path / Strategy: opt_size
Instance                                            Tensors log10FLOPS     log2SIZE  Median (ms)   IQR (ms)
----------------------------------------------------------------------------------------------------------
bin_batched_matmul_b32_m128_n128_k128                     2       7.83        19.00       10.321      4.576
bin_batched_matmul_b32_m64_n64_k64                        2       6.92        17.00        0.979      2.033
bin_batched_outer_product_compact_j16_k16_o64_t64         2       6.02        20.00        4.411      2.060
bin_batched_outer_product_noncompact_j16_k16_o64_t64        2       6.02        20.00        9.238      5.566
bin_elementwise_mul_2048x2048                             2       6.62        22.00       20.465      2.221
bin_elementwise_mul_512x512                               2       5.42        18.00        0.171      0.222
bin_matmul_1024                                           2       9.03        20.00       41.084     24.848
bin_matmul_256                                            2       7.22        16.00        1.438      1.013
bin_omeinsum_batched_matmul_8x8_batch_4                   2       2.71         4.00        0.012      0.001
bin_omeinsum_high_d_12x12_contract_4_batch_4              2       5.12        12.00        0.094      0.047
bin_omeinsum_matmul_10x10                                 2       4.82        10.00        0.023      0.001
bin_outer_product_4096                                    2       7.22        24.00      316.952     23.940
bin_permuted_r4_abcd_dbef_acef_d32                        2       9.33        20.00       28.480     22.192
gm_queen5_5_3.wcsp                                      160      10.33        25.36     3240.219     34.700
lm_batch_likelihood_brackets_4_4d                        84       8.37        18.96       56.016     19.285
lm_batch_likelihood_sentence_3_12d                       38       9.20        20.86       74.937      9.084
lm_batch_likelihood_sentence_4_4d                        84       8.46        18.89       37.873     19.543
nary_matmul_chain_64                                      3       5.24        12.00        0.135      0.039
str_matrix_chain_multiplication_100                     100       8.48        17.26       12.496      0.813
str_mps_varying_inner_product_200                       200       8.31        15.48       28.183      3.063
str_nw_mera_closed_120                                  120      10.67        24.91      703.472     21.615
str_nw_mera_open_26                                      26      10.49        25.36     1058.613     58.108
tensornetwork_permutation_focus_step409_316             316       9.65        24.00      479.599     32.684
tensornetwork_permutation_light_415                     415       9.65        24.00      484.023     35.155
