    Finished `release` profile [optimized] target(s) in 0.18s
     Running `target/devc-cpu/release/tenferro-einsum-benchmark`
Warning: skip /workspaces/t4a-2010-bench-migrate/data/instances/gpu_perf_issues.json (parse failed: invalid type: map, expected a string at line 2 column 1)
Warning: skip /workspaces/t4a-2010-bench-migrate/data/instances/gpu_permutation_mac_patterns.json (parse failed: missing field `name` at line 75 column 1)
Warning: skip /workspaces/t4a-2010-bench-migrate/data/instances/gpu_permutation_patterns.json (parse failed: missing field `name` at line 112 column 1)
Warning: skip /workspaces/t4a-2010-bench-migrate/data/instances/perf_issues.json (parse failed: invalid type: map, expected a string at line 2 column 1)
Warning: skip /workspaces/t4a-2010-bench-migrate/data/instances/permutation_patterns.json (parse failed: missing field `name` at line 127 column 1)
Warning: skip /workspaces/t4a-2010-bench-migrate/data/instances/session_matrix.json (parse failed: invalid type: map, expected a string at line 2 column 2)
Warning: skip /workspaces/t4a-2010-bench-migrate/data/instances/small_work.json (parse failed: invalid type: map, expected a string at line 2 column 2)
tenferro-trace benchmark suite
==================================
Loaded 24 instances from /workspaces/t4a-2010-bench-migrate/data/instances
Backend: tenferro-trace
TENFERRO_CPU_BACKEND_KIND=blas
TENFERRO_CPU_PROVIDER=default
TENFERRO_OPT_DOT_DECOMPOSER=0
RAYON_NUM_THREADS=4, OMP_NUM_THREADS=4
Timing: median ± IQR of 15 runs (3 warmup), graph compiled once, executed through Runtime::run_compiled

Strategy: opt_flops
Instance                                            Tensors log10FLOPS     log2SIZE  Median (ms)   IQR (ms) Compile (ms)
------------------------------------------------------------------------------------------------------------------------
  [1/24] bin_batched_matmul_b32_m128_n128_k128...
bin_batched_matmul_b32_m128_n128_k128                     2       7.83        19.00        5.559      0.885        0.129
  [2/24] bin_batched_matmul_b32_m64_n64_k64...
bin_batched_matmul_b32_m64_n64_k64                        2       6.92        17.00        1.037      0.061        0.043
  [3/24] bin_batched_outer_product_compact_j16_k16_o64_t64...
bin_batched_outer_product_compact_j16_k16_o64_t64         2       6.02        20.00        0.198      0.015        0.076
  [4/24] bin_batched_outer_product_noncompact_j16_k16_o64_t64...
bin_batched_outer_product_noncompact_j16_k16_o64_t64        2       6.02        20.00        0.214      0.033        0.049
  [5/24] bin_elementwise_mul_2048x2048...
bin_elementwise_mul_2048x2048                             2       6.62        22.00        5.661      0.317        0.039
  [6/24] bin_elementwise_mul_512x512...
bin_elementwise_mul_512x512                               2       5.42        18.00        0.109      0.020        0.043
  [7/24] bin_matmul_1024...
bin_matmul_1024                                           2       9.03        20.00       24.339      0.724        0.037
  [8/24] bin_matmul_256...
bin_matmul_256                                            2       7.22        16.00        0.808      0.314        0.060
  [9/24] bin_omeinsum_batched_matmul_8x8_batch_4...
bin_omeinsum_batched_matmul_8x8_batch_4                   2       2.71         4.00        0.060      0.033        0.105
  [10/24] bin_omeinsum_high_d_12x12_contract_4_batch_4...
bin_omeinsum_high_d_12x12_contract_4_batch_4              2       5.12        12.00        0.139      0.041        0.115
  [11/24] bin_omeinsum_matmul_10x10...
bin_omeinsum_matmul_10x10                                 2       4.82        10.00        0.073      0.023        0.098
  [12/24] bin_outer_product_4096...
bin_outer_product_4096                                    2       7.22        24.00       21.112      0.260        0.041
  [13/24] bin_permuted_r4_abcd_dbef_acef_d32...
bin_permuted_r4_abcd_dbef_acef_d32                        2       9.33        20.00       21.226      1.147        0.076
  [14/24] gm_queen5_5_3.wcsp...
PathAnalysis: instance=gm_queen5_5_3.wcsp strategy=opt_flops steps=159 dot=13 outer=29 broadcast_mul=117 max_rank=17 max_intermediate_elements=129140163 total_intermediate_elements=592127821
PathWarning: instance=gm_queen5_5_3.wcsp strategy=opt_flops large_intermediate=true; compare path strategies before adding kernel-level optimizations
gm_queen5_5_3.wcsp                                      160       9.75        26.94     2867.575     35.940        8.912
  [15/24] lm_batch_likelihood_brackets_4_4d...
lm_batch_likelihood_brackets_4_4d                        84       8.37        18.96       24.972      2.303        2.521
  [16/24] lm_batch_likelihood_sentence_3_12d...
lm_batch_likelihood_sentence_3_12d                       38       9.20        20.86       54.996      1.107        0.796
  [17/24] lm_batch_likelihood_sentence_4_4d...
lm_batch_likelihood_sentence_4_4d                        84       8.46        18.89       24.838      3.743        2.287
  [18/24] nary_matmul_chain_64...
nary_matmul_chain_64                                      3       5.24        12.00        0.111      0.027        0.095
  [19/24] str_matrix_chain_multiplication_100...
str_matrix_chain_multiplication_100                     100       8.48        17.26        5.891      0.023        2.368
  [20/24] str_mps_varying_inner_product_200...
str_mps_varying_inner_product_200                       200       8.31        15.48       30.009      0.362        8.368
  [21/24] str_nw_mera_closed_120...
str_nw_mera_closed_120                                  120      10.66        25.02      744.877      9.470        6.529
  [22/24] str_nw_mera_open_26...
str_nw_mera_open_26                                      26      10.49        25.36      920.790      9.671        0.733
  [23/24] tensornetwork_permutation_focus_step409_316...
tensornetwork_permutation_focus_step409_316             316       9.65        24.00      202.971      4.650        8.894
  [24/24] tensornetwork_permutation_light_415...
tensornetwork_permutation_light_415                     415       9.65        24.00      191.070      5.570       20.327

Strategy: opt_size
Instance                                            Tensors log10FLOPS     log2SIZE  Median (ms)   IQR (ms) Compile (ms)
------------------------------------------------------------------------------------------------------------------------
  [1/24] bin_batched_matmul_b32_m128_n128_k128...
  -> bin_batched_matmul_b32_m128_n128_k128 strategy=opt_size: reusing previous measurement for identical path
bin_batched_matmul_b32_m128_n128_k128                     2       7.83        19.00        5.559      0.885        0.129
  [2/24] bin_batched_matmul_b32_m64_n64_k64...
  -> bin_batched_matmul_b32_m64_n64_k64 strategy=opt_size: reusing previous measurement for identical path
bin_batched_matmul_b32_m64_n64_k64                        2       6.92        17.00        1.037      0.061        0.043
  [3/24] bin_batched_outer_product_compact_j16_k16_o64_t64...
  -> bin_batched_outer_product_compact_j16_k16_o64_t64 strategy=opt_size: reusing previous measurement for identical path
bin_batched_outer_product_compact_j16_k16_o64_t64         2       6.02        20.00        0.198      0.015        0.076
  [4/24] bin_batched_outer_product_noncompact_j16_k16_o64_t64...
  -> bin_batched_outer_product_noncompact_j16_k16_o64_t64 strategy=opt_size: reusing previous measurement for identical path
bin_batched_outer_product_noncompact_j16_k16_o64_t64        2       6.02        20.00        0.214      0.033        0.049
  [5/24] bin_elementwise_mul_2048x2048...
  -> bin_elementwise_mul_2048x2048 strategy=opt_size: reusing previous measurement for identical path
bin_elementwise_mul_2048x2048                             2       6.62        22.00        5.661      0.317        0.039
  [6/24] bin_elementwise_mul_512x512...
  -> bin_elementwise_mul_512x512 strategy=opt_size: reusing previous measurement for identical path
bin_elementwise_mul_512x512                               2       5.42        18.00        0.109      0.020        0.043
  [7/24] bin_matmul_1024...
  -> bin_matmul_1024 strategy=opt_size: reusing previous measurement for identical path
bin_matmul_1024                                           2       9.03        20.00       24.339      0.724        0.037
  [8/24] bin_matmul_256...
  -> bin_matmul_256 strategy=opt_size: reusing previous measurement for identical path
bin_matmul_256                                            2       7.22        16.00        0.808      0.314        0.060
  [9/24] bin_omeinsum_batched_matmul_8x8_batch_4...
  -> bin_omeinsum_batched_matmul_8x8_batch_4 strategy=opt_size: reusing previous measurement for identical path
bin_omeinsum_batched_matmul_8x8_batch_4                   2       2.71         4.00        0.060      0.033        0.105
  [10/24] bin_omeinsum_high_d_12x12_contract_4_batch_4...
  -> bin_omeinsum_high_d_12x12_contract_4_batch_4 strategy=opt_size: reusing previous measurement for identical path
bin_omeinsum_high_d_12x12_contract_4_batch_4              2       5.12        12.00        0.139      0.041        0.115
  [11/24] bin_omeinsum_matmul_10x10...
  -> bin_omeinsum_matmul_10x10 strategy=opt_size: reusing previous measurement for identical path
bin_omeinsum_matmul_10x10                                 2       4.82        10.00        0.073      0.023        0.098
  [12/24] bin_outer_product_4096...
  -> bin_outer_product_4096 strategy=opt_size: reusing previous measurement for identical path
bin_outer_product_4096                                    2       7.22        24.00       21.112      0.260        0.041
  [13/24] bin_permuted_r4_abcd_dbef_acef_d32...
  -> bin_permuted_r4_abcd_dbef_acef_d32 strategy=opt_size: reusing previous measurement for identical path
bin_permuted_r4_abcd_dbef_acef_d32                        2       9.33        20.00       21.226      1.147        0.076
  [14/24] gm_queen5_5_3.wcsp...
gm_queen5_5_3.wcsp                                      160      10.33        25.36      958.042     22.345        4.350
  [15/24] lm_batch_likelihood_brackets_4_4d...
lm_batch_likelihood_brackets_4_4d                        84       8.37        18.96       24.116      2.164        2.429
  [16/24] lm_batch_likelihood_sentence_3_12d...
lm_batch_likelihood_sentence_3_12d                       38       9.20        20.86       50.413      3.235        0.805
  [17/24] lm_batch_likelihood_sentence_4_4d...
lm_batch_likelihood_sentence_4_4d                        84       8.46        18.89       30.501      1.684        3.836
  [18/24] nary_matmul_chain_64...
  -> nary_matmul_chain_64 strategy=opt_size: reusing previous measurement for identical path
nary_matmul_chain_64                                      3       5.24        12.00        0.111      0.027        0.095
  [19/24] str_matrix_chain_multiplication_100...
str_matrix_chain_multiplication_100                     100       8.48        17.26        6.363      0.206        2.427
  [20/24] str_mps_varying_inner_product_200...
str_mps_varying_inner_product_200                       200       8.31        15.48       28.223      3.218       13.204
  [21/24] str_nw_mera_closed_120...
str_nw_mera_closed_120                                  120      10.67        24.91      528.575     29.734        4.153
  [22/24] str_nw_mera_open_26...
str_nw_mera_open_26                                      26      10.49        25.36      873.492     39.983        0.720
  [23/24] tensornetwork_permutation_focus_step409_316...
  -> tensornetwork_permutation_focus_step409_316 strategy=opt_size: reusing previous measurement for identical path
tensornetwork_permutation_focus_step409_316             316       9.65        24.00      202.971      4.650        8.894
  [24/24] tensornetwork_permutation_light_415...
  -> tensornetwork_permutation_light_415 strategy=opt_size: reusing previous measurement for identical path
tensornetwork_permutation_light_415                     415       9.65        24.00      191.070      5.570       20.327
